Component: ARM Compiler 6.14 Tool: armlink [5db06800]

==============================================================================

Section Cross References

    main.o(.text.main) refers to chip_init.o(.text.initHardware) for initHardware
    main.o(.text.main) refers to puts.o(.text) for puts
    main.o(.text.main) refers to server.o(.text.createTCPServerSocket) for createTCPServerSocket
    main.o(.text.main) refers to led.o(.text.taskLED) for taskLED
    main.o(.text.main) refers to tasks.o(.text.xTaskCreate) for xTaskCreate
    main.o(.text.main) refers to logs.o(.text.logsAddNewModule) for logsAddNewModule
    main.o(.text.main) refers to noretval__2printf.o(.text) for __2printf
    main.o(.text.main) refers to eeprom.o(.text.eepromTaskCreate) for eepromTaskCreate
    main.o(.text.main) refers to logs.o(.text.logsTaskCreate) for logsTaskCreate
    main.o(.text.main) refers to tasks.o(.text.vTaskStartScheduler) for vTaskStartScheduler
    main.o(.ARM.exidx.text.main) refers to main.o(.text.main) for [Anonymous Symbol]
    server.o(.text.createTCPServerSocket) refers to socket_queue.o(.text.createSocketQueue) for createSocketQueue
    server.o(.text.createTCPServerSocket) refers to server.o(.text.listeningForConnectionTask) for listeningForConnectionTask
    server.o(.text.createTCPServerSocket) refers to tasks.o(.text.xTaskCreate) for xTaskCreate
    server.o(.text.createTCPServerSocket) refers to server.o(.bss.usedStackSize) for usedStackSize
    server.o(.ARM.exidx.text.createTCPServerSocket) refers to server.o(.text.createTCPServerSocket) for [Anonymous Symbol]
    server.o(.text.listeningForConnectionTask) refers to server.o(.rodata..L__const.listeningForConnectionTask.bindAddress) for .L__const.listeningForConnectionTask.bindAddress
    server.o(.text.listeningForConnectionTask) refers to socket_queue.o(.bss.socketQueue) for socketQueue
    server.o(.text.listeningForConnectionTask) refers to server.o(.text.redirectConnectionToChildSocket) for redirectConnectionToChildSocket
    server.o(.text.listeningForConnectionTask) refers to chip_init.o(.data.netInfoConfig) for netInfoConfig
    server.o(.text.listeningForConnectionTask) refers to server.o(.text.openTCPServerSocket) for openTCPServerSocket
    server.o(.text.listeningForConnectionTask) refers to socket.o(.text.setsockopt) for setsockopt
    server.o(.text.listeningForConnectionTask) refers to socket.o(.text.listen) for listen
    server.o(.text.listeningForConnectionTask) refers to server_utils.o(.text.getSocketStatus) for getSocketStatus
    server.o(.text.listeningForConnectionTask) refers to tasks.o(.text.vTaskDelay) for vTaskDelay
    server.o(.text.listeningForConnectionTask) refers to server.o(.text.acceptTCPServerSocket) for acceptTCPServerSocket
    server.o(.text.listeningForConnectionTask) refers to logs.o(.text.logsAddLog) for logsAddLog
    server.o(.text.listeningForConnectionTask) refers to puts.o(.text) for puts
    server.o(.text.listeningForConnectionTask) refers to queue.o(.text.xQueueReceive) for xQueueReceive
    server.o(.text.listeningForConnectionTask) refers to server_utils.o(.text.numberToString) for numberToString
    server.o(.text.listeningForConnectionTask) refers to server.o(.text.sendCompleteMessage) for sendCompleteMessage
    server.o(.text.listeningForConnectionTask) refers to server_utils.o(.text.getChildTaskName) for getChildTaskName
    server.o(.text.listeningForConnectionTask) refers to server.o(.bss.usedStackSize) for usedStackSize
    server.o(.text.listeningForConnectionTask) refers to tasks.o(.text.xTaskCreate) for xTaskCreate
    server.o(.text.listeningForConnectionTask) refers to server.o(.text.sendTimeoutDisconnectionMessage) for sendTimeoutDisconnectionMessage
    server.o(.text.listeningForConnectionTask) refers to logs.o(.text.logsSave) for logsSave
    server.o(.text.listeningForConnectionTask) refers to socket.o(.text.close) for close
    server.o(.ARM.exidx.text.listeningForConnectionTask) refers to server.o(.text.listeningForConnectionTask) for [Anonymous Symbol]
    server.o(.text.openTCPServerSocket) refers to socket.o(.text.socket) for socket
    server.o(.ARM.exidx.text.openTCPServerSocket) refers to server.o(.text.openTCPServerSocket) for [Anonymous Symbol]
    server.o(.text.acceptTCPServerSocket) refers to tasks.o(.text.xTaskGetTickCount) for xTaskGetTickCount
    server.o(.text.acceptTCPServerSocket) refers to server_utils.o(.text.getSocketStatus) for getSocketStatus
    server.o(.text.acceptTCPServerSocket) refers to socket.o(.text.getsockopt) for getsockopt
    server.o(.ARM.exidx.text.acceptTCPServerSocket) refers to server.o(.text.acceptTCPServerSocket) for [Anonymous Symbol]
    server.o(.text.sendCompleteMessage) refers to strlen.o(.text) for strlen
    server.o(.text.sendCompleteMessage) refers to server_utils.o(.text.hasReceivedDataFromSocket) for hasReceivedDataFromSocket
[...]
    SPI1_IRQHandler                          0x080002ab   Thumb Code     0  startup_stm32f446xx.o(.text)
    SPI2_IRQHandler                          0x080002ab   Thumb Code     0  startup_stm32f446xx.o(.text)
    SPI3_IRQHandler                          0x080002ab   Thumb Code     0  startup_stm32f446xx.o(.text)
    SPI4_IRQHandler                          0x080002ab   Thumb Code     0  startup_stm32f446xx.o(.text)
    TAMP_STAMP_IRQHandler                    0x080002ab   Thumb Code     0  startup_stm32f446xx.o(.text)
    TIM1_BRK_TIM9_IRQHandler                 0x080002ab   Thumb Code     0  startup_stm32f446xx.o(.text)
    TIM1_CC_IRQHandler                       0x080002ab   Thumb Code     0  startup_stm32f446xx.o(.text)
    TIM1_TRG_COM_TIM11_IRQHandler            0x080002ab   Thumb Code     0  startup_stm32f446xx.o(.text)
    TIM1_UP_TIM10_IRQHandler                 0x080002ab   Thumb Code     0  startup_stm32f446xx.o(.text)
    TIM2_IRQHandler                          0x080002ab   Thumb Code     0  startup_stm32f446xx.o(.text)
    TIM3_IRQHandler                          0x080002ab   Thumb Code     0  startup_stm32f446xx.o(.text)
    TIM4_IRQHandler                          0x080002ab   Thumb Code     0  startup_stm32f446xx.o(.text)
    TIM5_IRQHandler                          0x080002ab   Thumb Code     0  startup_stm32f446xx.o(.text)
    TIM6_DAC_IRQHandler                      0x080002ab   Thumb Code     0  startup_stm32f446xx.o(.text)
    TIM7_IRQHandler                          0x080002ab   Thumb Code     0  startup_stm32f446xx.o(.text)
    TIM8_BRK_TIM12_IRQHandler                0x080002ab   Thumb Code     0  startup_stm32f446xx.o(.text)
    TIM8_CC_IRQHandler                       0x080002ab   Thumb Code     0  startup_stm32f446xx.o(.text)
    TIM8_TRG_COM_TIM14_IRQHandler            0x080002ab   Thumb Code     0  startup_stm32f446xx.o(.text)
    TIM8_UP_TIM13_IRQHandler                 0x080002ab   Thumb Code     0  startup_stm32f446xx.o(.text)
    UART4_IRQHandler                         0x080002ab   Thumb Code     0  startup_stm32f446xx.o(.text)
    UART5_IRQHandler                         0x080002ab   Thumb Code     0  startup_stm32f446xx.o(.text)
    USART1_IRQHandler                        0x080002ab   Thumb Code     0  startup_stm32f446xx.o(.text)
    USART2_IRQHandler                        0x080002ab   Thumb Code     0  startup_stm32f446xx.o(.text)
    USART3_IRQHandler                        0x080002ab   Thumb Code     0  startup_stm32f446xx.o(.text)
    USART6_IRQHandler                        0x080002ab   Thumb Code     0  startup_stm32f446xx.o(.text)
    WWDG_IRQHandler                          0x080002ab   Thumb Code     0  startup_stm32f446xx.o(.text)
    __user_initial_stackheap                 0x080002ad   Thumb Code     0  startup_stm32f446xx.o(.text)
    malloc_internal$concurrent               0x080002e1   Thumb Code   130  h1_alloc_threads.o(.text)
    malloc                                   0x08000363   Thumb Code    20  h1_alloc_threads.o(.text)
    free_internal$concurrent                 0x08000377   Thumb Code    98  h1_free_threads.o(.text)
    free                                     0x080003d9   Thumb Code    20  h1_free_threads.o(.text)
    __aeabi_uldivmod                         0x080003ed   Thumb Code     0  lludivv7m.o(.text)
    _ll_udiv                                 0x080003ed   Thumb Code   240  lludivv7m.o(.text)
    __2printf                                0x080004dd   Thumb Code    20  noretval__2printf.o(.text)
    __printf                                 0x080004f5   Thumb Code   104  __printf.o(.text)
    _printf_str                              0x0800055d   Thumb Code    82  _printf_str.o(.text)
    _printf_int_dec                          0x080005b1   Thumb Code   104  _printf_dec.o(.text)
    putchar                                  0x08000629   Thumb Code     6  putchar.o(.text)
    puts                                     0x08000635   Thumb Code    40  puts.o(.text)
    strlen                                   0x08000661   Thumb Code    62  strlen.o(.text)
    strcat                                   0x0800069f   Thumb Code    24  strcat.o(.text)
    __aeabi_memcpy                           0x080006b7   Thumb Code     0  rt_memcpy_v6.o(.text)
    __rt_memcpy                              0x080006b7   Thumb Code   138  rt_memcpy_v6.o(.text)
    _memcpy_lastbytes                        0x0800071d   Thumb Code     0  rt_memcpy_v6.o(.text)
    __aeabi_memset4                          0x08000741   Thumb Code    16  aeabi_memset4.o(.text)
    __aeabi_memset8                          0x08000741   Thumb Code     0  aeabi_memset4.o(.text)
    __use_two_region_memory                  0x08000751   Thumb Code     2  heapauxi.o(.text)
    __rt_heap_escrow                         0x08000753   Thumb Code     2  heapauxi.o(.text)
    __rt_heap_expand                         0x08000755   Thumb Code     2  heapauxi.o(.text)
    __rt_heap_descriptor                     0x08000757   Thumb Code    10  rt_heap_descriptor_twolibspace.o(.text)
    __use_no_heap                            0x08000761   Thumb Code     2  hguard.o(.text)
    __heap$guard                             0x08000763   Thumb Code     2  hguard.o(.text)
    _terminate_user_alloc                    0x08000765   Thumb Code     2  init_alloc.o(.text)
    _init_user_alloc                         0x08000767   Thumb Code     2  init_alloc.o(.text)
    __Heap_Full                              0x08000769   Thumb Code    34  init_alloc.o(.text)
    __Heap_Broken                            0x0800078b   Thumb Code     6  init_alloc.o(.text)
    _init_alloc                              0x08000791   Thumb Code    94  init_alloc.o(.text)
    __Heap_Initialize                        0x080007ef   Thumb Code    14  h1_init_threads.o(.text)
    __Heap_DescSize                          0x080007fd   Thumb Code     4  h1_init_threads.o(.text)
    _printf_int_common                       0x08000801   Thumb Code   178  _printf_intcommon.o(.text)
    _printf_cs_common                        0x080008b3   Thumb Code    20  _printf_char.o(.text)
    _printf_char                             0x080008c7   Thumb Code    16  _printf_char.o(.text)
    _printf_string                           0x080008d7   Thumb Code     8  _printf_char.o(.text)
    _printf_char_file                        0x080008e1   Thumb Code    32  _printf_char_file.o(.text)
    __aeabi_memcpy4                          0x08000905   Thumb Code     0  rt_memcpy_w.o(.text)
    __aeabi_memcpy8                          0x08000905   Thumb Code     0  rt_memcpy_w.o(.text)
    __rt_memcpy_w                            0x08000905   Thumb Code   100  rt_memcpy_w.o(.text)
    _memcpy_lastbytes_aligned                0x0800094d   Thumb Code     0  rt_memcpy_w.o(.text)
    __aeabi_memclr4                          0x08000969   Thumb Code     0  rt_memclr_w.o(.text)
    __aeabi_memclr8                          0x08000969   Thumb Code     0  rt_memclr_w.o(.text)
    __rt_memclr_w                            0x08000969   Thumb Code    78  rt_memclr_w.o(.text)
    _memset_w                                0x0800096d   Thumb Code     0  rt_memclr_w.o(.text)
    __user_libspace                          0x080009b9   Thumb Code     8  libspace.o(.text)
    __user_perproc_libspace                  0x080009b9   Thumb Code     0  libspace.o(.text)
    _maybe_terminate_alloc                   0x080009c1   Thumb Code     0  maybetermalloc2.o(.text)
    __Heap_ProvideMemory                     0x080009cf   Thumb Code    68  h1_extend_threads.o(.text)
    _printf_char_common                      0x08000a1f   Thumb Code    32  _printf_char_common.o(.text)
    _initio                                  0x08000a45   Thumb Code   240  initio_locked.o(.text)
    _terminateio                             0x08000b35   Thumb Code   168  initio_locked.o(.text)
    __rt_SIGRTMEM                            0x08000c0d   Thumb Code    14  defsig_rtmem_outer.o(.text)
    __I$use$semihosting                      0x08000c1b   Thumb Code     0  use_no_semi.o(.text)
    __use_no_semihosting_swi                 0x08000c1b   Thumb Code     2  use_no_semi.o(.text)
    __semihosting_library_function           0x08000c1d   Thumb Code     0  indicate_semi.o(.text)
    __user_setup_stackheap                   0x08000c1d   Thumb Code    74  sys_stackheap_outer.o(.text)
    _terminate_alloc                         0x08000c67   Thumb Code    16  term_alloc.o(.text)
    _fclose_internal                         0x08000c77   Thumb Code    76  fclose.o(.text)
    fclose                                   0x08000c77   Thumb Code     0  fclose.o(.text)
    setvbuf                                  0x08000cc3   Thumb Code   104  setvbuf_locked.o(.text)
    freopen                                  0x08000de1   Thumb Code    42  fopen_locked.o(.text)
    _fopen$locked                            0x08000e0b   Thumb Code   100  fopen_locked.o(.text)
    exit                                     0x08000e79   Thumb Code    18  exit.o(.text)
    __sig_exit                               0x08000e8b   Thumb Code    10  defsig_exit.o(.text)
    __rt_SIGRTRED                            0x08000e95   Thumb Code    14  defsig_rtred_outer.o(.text)
    __rt_SIGRTMEM_inner                      0x08000ea5   Thumb Code    22  defsig_rtmem_inner.o(.text)
    _sys_open                                0x08000ef5   Thumb Code    20  sys_io.o(.text)
    _sys_close                               0x08000f09   Thumb Code    12  sys_io.o(.text)
    _sys_write                               0x08000f15   Thumb Code    16  sys_io.o(.text)
    _sys_read                                0x08000f25   Thumb Code    14  sys_io.o(.text)
    _sys_istty                               0x08000f33   Thumb Code    12  sys_io.o(.text)
    _sys_seek                                0x08000f3f   Thumb Code    14  sys_io.o(.text)
    _sys_ensure                              0x08000f4d   Thumb Code     2  sys_io.o(.text)
    _sys_flen                                0x08000f4f   Thumb Code    12  sys_io.o(.text)
    _sys_exit                                0x08000f5d   Thumb Code     8  sys_exit.o(.text)
    __Heap_Finalize                          0x08000f69   Thumb Code    10  h1_final_threads.o(.text)
    _fseek                                   0x08000f75   Thumb Code   242  fseek.o(.text)
    fseek                                    0x08000f75   Thumb Code     0  fseek.o(.text)
    _seterr                                  0x0800106d   Thumb Code    20  stdio.o(.text)
    _writebuf                                0x08001081   Thumb Code    84  stdio.o(.text)
    _fflush                                  0x080010d5   Thumb Code    70  stdio.o(.text)
    _deferredlazyseek                        0x0800111b   Thumb Code    60  stdio.o(.text)
    __default_signal_display                 0x0800115d   Thumb Code    50  defsig_general.o(.text)
    __rt_SIGRTRED_inner                      0x08001191   Thumb Code    14  defsig_rtred_inner.o(.text)
    _ttywrch                                 0x080011c5   Thumb Code    14  sys_wrch.o(.text)
    _ftell_internal                          0x080011d3   Thumb Code    66  ftell.o(.text)
    ftell                                    0x080011d3   Thumb Code     0  ftell.o(.text)
    __aeabi_errno_addr                       0x08001215   Thumb Code     4  rt_errno_addr_twolibspace.o(.text)
    __errno$twolibspace                      0x08001215   Thumb Code     0  rt_errno_addr_twolibspace.o(.text)
    __rt_errno_addr$twolibspace              0x08001215   Thumb Code     0  rt_errno_addr_twolibspace.o(.text)
    HAL_GPIO_Init                            0x08001219   Thumb Code   404  stm32f4xx_hal_gpio.o(.text.HAL_GPIO_Init)
    HAL_GPIO_ReadPin                         0x080013ad   Thumb Code    10  stm32f4xx_hal_gpio.o(.text.HAL_GPIO_ReadPin)
    HAL_GPIO_TogglePin                       0x080013b9   Thumb Code    14  stm32f4xx_hal_gpio.o(.text.HAL_GPIO_TogglePin)
    HAL_GPIO_WritePin                        0x080013c9   Thumb Code    10  stm32f4xx_hal_gpio.o(.text.HAL_GPIO_WritePin)
    HAL_GetTick                              0x080013d5   Thumb Code    12  stm32f4xx_hal.o(.text.HAL_GetTick)
    HAL_Init                                 0x080013e1   Thumb Code    46  stm32f4xx_hal.o(.text.HAL_Init)
    HAL_InitTick                             0x08001411   Thumb Code    80  stm32f4xx_hal.o(.text.HAL_InitTick)
    HAL_MspInit                              0x08001461   Thumb Code     2  stm32f4xx_hal.o(.text.HAL_MspInit)
    HAL_NVIC_SetPriority                     0x08001465   Thumb Code    30  stm32f4xx_hal_cortex.o(.text.HAL_NVIC_SetPriority)
    HAL_NVIC_SetPriorityGrouping             0x08001485   Thumb Code     8  stm32f4xx_hal_cortex.o(.text.HAL_NVIC_SetPriorityGrouping)
    HAL_RCC_ClockConfig                      0x0800148d   Thumb Code   340  stm32f4xx_hal_rcc.o(.text.HAL_RCC_ClockConfig)
    HAL_RCC_GetHCLKFreq                      0x080015e1   Thumb Code    12  stm32f4xx_hal_rcc.o(.text.HAL_RCC_GetHCLKFreq)
    HAL_RCC_GetPCLK1Freq                     0x080015ed   Thumb Code    34  stm32f4xx_hal_rcc.o(.text.HAL_RCC_GetPCLK1Freq)
    HAL_RCC_GetPCLK2Freq                     0x08001611   Thumb Code    34  stm32f4xx_hal_rcc.o(.text.HAL_RCC_GetPCLK2Freq)
    HAL_RCC_GetSysClockFreq                  0x08001635   Thumb Code   160  stm32f4xx_hal_rcc_ex.o(.text.HAL_RCC_GetSysClockFreq)
    HAL_RCC_OscConfig                        0x080016d5   Thumb Code   806  stm32f4xx_hal_rcc_ex.o(.text.HAL_RCC_OscConfig)
    HAL_SPI_Init                             0x080019fd   Thumb Code   136  stm32f4xx_hal_spi.o(.text.HAL_SPI_Init)
    HAL_SPI_MspInit                          0x08001a85   Thumb Code     2  stm32f4xx_hal_spi.o(.text.HAL_SPI_MspInit)
    HAL_SPI_Receive                          0x08001a89   Thumb Code   482  stm32f4xx_hal_spi.o(.text.HAL_SPI_Receive)
    HAL_SPI_Transmit                         0x08001c6d   Thumb Code   414  stm32f4xx_hal_spi.o(.text.HAL_SPI_Transmit)
    HAL_SPI_TransmitReceive                  0x08001e0d   Thumb Code   630  stm32f4xx_hal_spi.o(.text.HAL_SPI_TransmitReceive)
    HAL_SYSTICK_Config                       0x08002085   Thumb Code     8  stm32f4xx_hal_cortex.o(.text.HAL_SYSTICK_Config)
    HAL_UART_Init                            0x0800208d   Thumb Code    94  stm32f4xx_hal_uart.o(.text.HAL_UART_Init)
    HAL_UART_MspInit                         0x080020ed   Thumb Code     2  stm32f4xx_hal_uart.o(.text.HAL_UART_MspInit)
    HAL_UART_Transmit                        0x080020f1   Thumb Code   190  stm32f4xx_hal_uart.o(.text.HAL_UART_Transmit)
    PendSV_Handler                           0x08002381   Thumb Code   100  port.o(.text.PendSV_Handler)
    SVC_Handler                              0x08002591   Thumb Code    36  port.o(.text.SVC_Handler)
    SysTick_Handler                          0x080025e5   Thumb Code    26  cmsis_os2.o(.text.SysTick_Handler)
    SystemInit                               0x08002681   Thumb Code    86  system_stm32f4xx.o(.text.SystemInit)
    WIZCHIP_READ                             0x080029a9   Thumb Code    58  w5100.o(.text.WIZCHIP_READ)
    WIZCHIP_READ_BUF                         0x080029e5   Thumb Code    88  w5100.o(.text.WIZCHIP_READ_BUF)
    WIZCHIP_WRITE                            0x08002a3d   Thumb Code    58  w5100.o(.text.WIZCHIP_WRITE)
    WIZCHIP_WRITE_BUF                        0x08002a79   Thumb Code   102  w5100.o(.text.WIZCHIP_WRITE_BUF)
    __user_perthread_libspace                0x08002b35   Thumb Code    68  clib_arm.o(.text.__user_perthread_libspace)
    _mutex_acquire                           0x08002b79   Thumb Code    26  clib_arm.o(.text._mutex_acquire)
    _mutex_free                              0x08002b95   Thumb Code    50  clib_arm.o(.text._mutex_free)
    _mutex_initialize                        0x08002bc9   Thumb Code    88  clib_arm.o(.text._mutex_initialize)
    _mutex_release                           0x08002c21   Thumb Code    28  clib_arm.o(.text._mutex_release)
    _platform_post_stackheap_init            0x08002c3d   Thumb Code     2  clib_arm.o(.text._platform_post_stackheap_init)
    close                                    0x08002cb5   Thumb Code   136  socket.o(.text.close)
    constructCurrentTime                     0x08002d3d   Thumb Code   114  server_utils.o(.text.constructCurrentTime)
    createSocketQueue                        0x08002db1   Thumb Code   100  socket_queue.o(.text.createSocketQueue)
    createTCPServerSocket                    0x08002e15   Thumb Code    96  server.o(.text.createTCPServerSocket)
    eepromInit                               0x08002eb9   Thumb Code    48  eeprom.o(.text.eepromInit)
    eepromReadBlock                          0x08002ee9   Thumb Code   104  eeprom.o(.text.eepromReadBlock)
    eepromReadPage                           0x08002f51   Thumb Code    22  eeprom.o(.text.eepromReadPage)
    eepromTaskCreate                         0x08002fb5   Thumb Code    92  eeprom.o(.text.eepromTaskCreate)
    eepromWritePage                          0x08003011   Thumb Code    60  eeprom.o(.text.eepromWritePage)
    ferror                                   0x0800304d   Thumb Code     4  retarget.o(.text.ferror)
    fputc                                    0x080030c1   Thumb Code    32  retarget.o(.text.fputc)
    getChildTaskName                         0x080030e1   Thumb Code    68  server_utils.o(.text.getChildTaskName)
    getSn_RX_RSR                             0x08003125   Thumb Code    76  w5100.o(.text.getSn_RX_RSR)
    getSn_TX_FSR                             0x08003171   Thumb Code    76  w5100.o(.text.getSn_TX_FSR)
    getSn_TxBASE                             0x080031bd   Thumb Code    82  w5100.o(.text.getSn_TxBASE)
    getSocketStatus                          0x08003211   Thumb Code    18  server_utils.o(.text.getSocketStatus)
    getsockopt                               0x08003225   Thumb Code   244  socket.o(.text.getsockopt)
    hasReceivedDataFromSocket                0x08003319   Thumb Code     8  server_utils.o(.text.hasReceivedDataFromSocket)
    hasSentBackDataToSocket                  0x08003321   Thumb Code     8  server_utils.o(.text.hasSentBackDataToSocket)
    i2cInit                                  0x08003329   Thumb Code   152  i2c.o(.text.i2cInit)
    i2cReadRegister                          0x080033c1   Thumb Code   216  i2c.o(.text.i2cReadRegister)
    i2cWriteData                             0x08003499   Thumb Code   148  i2c.o(.text.i2cWriteData)
    initHardware                             0x0800352d   Thumb Code    52  chip_init.o(.text.initHardware)
    ledInit                                  0x080035b1   Thumb Code    64  led.o(.text.ledInit)
    linkedListAdd                            0x080035f1   Thumb Code   126  linked_list.o(.text.linkedListAdd)
    linkedListCreate                         0x08003671   Thumb Code    32  linked_list.o(.text.linkedListCreate)
    linkedListFindModule                     0x08003691   Thumb Code    62  linked_list.o(.text.linkedListFindModule)
    linkedListSetModuleData                  0x080036d1   Thumb Code    50  linked_list.o(.text.linkedListSetModuleData)
    listen                                   0x08003705   Thumb Code   114  socket.o(.text.listen)
    logsAddLog                               0x08003951   Thumb Code    70  logs.o(.text.logsAddLog)
    logsAddNewModule                         0x08003999   Thumb Code    38  logs.o(.text.logsAddNewModule)
    logsInit                                 0x080039c1   Thumb Code    44  logs.o(.text.logsInit)
    logsPrintSaved                           0x080039ed   Thumb Code   216  logs.o(.text.logsPrintSaved)
    logsSave                                 0x08003ac5   Thumb Code    80  logs.o(.text.logsSave)
    logsTaskCreate                           0x08003b15   Thumb Code    84  logs.o(.text.logsTaskCreate)
    main                                     0x08003b69   Thumb Code   220  main.o(.text.main)
    numberToString                           0x08003c45   Thumb Code   104  server_utils.o(.text.numberToString)
    pvPortMalloc                             0x08004609   Thumb Code   252  heap_4.o(.text.pvPortMalloc)
    pvTaskIncrementMutexHeldCount            0x08004705   Thumb Code    24  tasks.o(.text.pvTaskIncrementMutexHeldCount)
    pxPortInitialiseStack                    0x0800471d   Thumb Code    40  port.o(.text.pxPortInitialiseStack)
    reg_wizchip_cs_cbfunc                    0x08004959   Thumb Code    56  wizchip_conf.o(.text.reg_wizchip_cs_cbfunc)
    reg_wizchip_spi_cbfunc                   0x08004991   Thumb Code    66  wizchip_conf.o(.text.reg_wizchip_spi_cbfunc)
    retargetInit                             0x080049d5   Thumb Code    10  retarget.o(.text.retargetInit)
    rtcGetHourBcd                            0x080049e1   Thumb Code    16  rtc.o(.text.rtcGetHourBcd)
    rtcGetMinBcd                             0x080049f1   Thumb Code    16  rtc.o(.text.rtcGetMinBcd)
    rtcInit                                  0x08004a01   Thumb Code    10  rtc.o(.text.rtcInit)
    rtcReadDate                              0x08004a0d   Thumb Code    96  rtc.o(.text.rtcReadDate)
    send                                     0x08004b01   Thumb Code   322  socket.o(.text.send)
    setsockopt                               0x08004d15   Thumb Code   122  socket.o(.text.setsockopt)
    socket                                   0x08004d91   Thumb Code   294  socket.o(.text.socket)
    taskLED                                  0x08004f01   Thumb Code    26  led.o(.text.taskLED)
    uxListRemove                             0x08004f89   Thumb Code    40  list.o(.text.uxListRemove)
    vApplicationGetIdleTaskMemory            0x08004fb1   Thumb Code    26  cmsis_os2.o(.text.vApplicationGetIdleTaskMemory)
    vApplicationGetTimerTaskMemory           0x08004fcd   Thumb Code    26  cmsis_os2.o(.text.vApplicationGetTimerTaskMemory)
    vApplicationStackOverflowHook            0x08004fe9   Thumb Code     2  cmsis_os2.o(.text.vApplicationStackOverflowHook)
    vListInitialise                          0x08004fed   Thumb Code    22  list.o(.text.vListInitialise)
    vListInitialiseItem                      0x08005005   Thumb Code     6  list.o(.text.vListInitialiseItem)
    vListInsert                              0x0800500d   Thumb Code    58  list.o(.text.vListInsert)
    vListInsertEnd                           0x08005049   Thumb Code    28  list.o(.text.vListInsertEnd)
    vPortEnterCritical                       0x08005079   Thumb Code    32  port.o(.text.vPortEnterCritical)
    vPortExitCritical                        0x08005099   Thumb Code    26  port.o(.text.vPortExitCritical)
    vPortFree                                0x080050b5   Thumb Code   100  heap_4.o(.text.vPortFree)
    vPortSetupTimerInterrupt                 0x08005119   Thumb Code    52  port.o(.text.vPortSetupTimerInterrupt)
    vQueueDelete                             0x0800514d   Thumb Code    16  queue.o(.text.vQueueDelete)
    vQueueWaitForMessageRestricted           0x0800515d   Thumb Code    68  queue.o(.text.vQueueWaitForMessageRestricted)
    vTaskDelay                               0x080051a1   Thumb Code    52  tasks.o(.text.vTaskDelay)
    vTaskDelete                              0x080051d5   Thumb Code   164  tasks.o(.text.vTaskDelete)
    vTaskInternalSetTimeOutState             0x08005279   Thumb Code    26  tasks.o(.text.vTaskInternalSetTimeOutState)
    vTaskMissedYield                         0x08005295   Thumb Code    14  tasks.o(.text.vTaskMissedYield)
    vTaskPlaceOnEventList                    0x080052a5   Thumb Code    30  tasks.o(.text.vTaskPlaceOnEventList)
    vTaskPlaceOnEventListRestricted          0x080052c5   Thumb Code    40  tasks.o(.text.vTaskPlaceOnEventListRestricted)
    vTaskPriorityDisinheritAfterTimeout      0x080052ed   Thumb Code   108  tasks.o(.text.vTaskPriorityDisinheritAfterTimeout)
    vTaskStartScheduler                      0x08005359   Thumb Code   144  tasks.o(.text.vTaskStartScheduler)
    vTaskSuspendAll                          0x080053e9   Thumb Code    16  tasks.o(.text.vTaskSuspendAll)
    vTaskSwitchContext                       0x080053f9   Thumb Code   170  tasks.o(.text.vTaskSwitchContext)
    wiz_send_data                            0x080054a5   Thumb Code   226  w5100.o(.text.wiz_send_data)
    wizchip_bus_readdata                     0x08005589   Thumb Code     4  wizchip_conf.o(.text.wizchip_bus_readdata)
    wizchip_bus_writedata                    0x0800558d   Thumb Code     4  wizchip_conf.o(.text.wizchip_bus_writedata)
    wizchip_cris_enter                       0x08005591   Thumb Code     2  wizchip_conf.o(.text.wizchip_cris_enter)
    wizchip_cris_exit                        0x08005595   Thumb Code     2  wizchip_conf.o(.text.wizchip_cris_exit)
    wizchip_cs_deselect                      0x08005599   Thumb Code     2  wizchip_conf.o(.text.wizchip_cs_deselect)
    wizchip_cs_select                        0x0800559d   Thumb Code     2  wizchip_conf.o(.text.wizchip_cs_select)
    wizchip_init                             0x080055a1   Thumb Code   234  wizchip_conf.o(.text.wizchip_init)
    wizchip_setnetinfo                       0x0800568d   Thumb Code   112  wizchip_conf.o(.text.wizchip_setnetinfo)
    wizchip_spi_readbyte                     0x080056fd   Thumb Code     4  wizchip_conf.o(.text.wizchip_spi_readbyte)
    wizchip_spi_writebyte                    0x08005701   Thumb Code     2  wizchip_conf.o(.text.wizchip_spi_writebyte)
    wizchip_sw_reset                         0x08005705   Thumb Code   112  wizchip_conf.o(.text.wizchip_sw_reset)
    xPortStartScheduler                      0x08005775   Thumb Code    74  port.o(.text.xPortStartScheduler)
    xPortSysTickHandler                      0x080057c1   Thumb Code    46  port.o(.text.xPortSysTickHandler)
    xQueueCreateMutex                        0x080057f1   Thumb Code    22  queue.o(.text.xQueueCreateMutex)
    xQueueCreateMutexStatic                  0x08005809   Thumb Code    34  queue.o(.text.xQueueCreateMutexStatic)
    xQueueGenericCreate                      0x0800582d   Thumb Code    50  queue.o(.text.xQueueGenericCreate)
    xQueueGenericCreateStatic                0x08005861   Thumb Code    28  queue.o(.text.xQueueGenericCreateStatic)
    xQueueGenericReset                       0x0800587d   Thumb Code   106  queue.o(.text.xQueueGenericReset)
    xQueueGenericSend                        0x080058e9   Thumb Code   310  queue.o(.text.xQueueGenericSend)
    xQueueGenericSendFromISR                 0x08005a21   Thumb Code   112  queue.o(.text.xQueueGenericSendFromISR)
    xQueueReceive                            0x08005a91   Thumb Code   296  queue.o(.text.xQueueReceive)
    xQueueSemaphoreTake                      0x08005bb9   Thumb Code   354  queue.o(.text.xQueueSemaphoreTake)
    xTaskCheckForTimeOut                     0x08005d1d   Thumb Code    92  tasks.o(.text.xTaskCheckForTimeOut)
    xTaskCreate                              0x08005d79   Thumb Code   102  tasks.o(.text.xTaskCreate)
    xTaskCreateStatic                        0x08005de1   Thumb Code    62  tasks.o(.text.xTaskCreateStatic)
    xTaskGetCurrentTaskHandle                0x08005e21   Thumb Code    12  tasks.o(.text.xTaskGetCurrentTaskHandle)
    xTaskGetSchedulerState                   0x08005e2d   Thumb Code    38  tasks.o(.text.xTaskGetSchedulerState)
    xTaskGetTickCount                        0x08005e55   Thumb Code    12  tasks.o(.text.xTaskGetTickCount)
    xTaskIncrementTick                       0x08005e61   Thumb Code   314  tasks.o(.text.xTaskIncrementTick)
    xTaskPriorityDisinherit                  0x08005f9d   Thumb Code    92  tasks.o(.text.xTaskPriorityDisinherit)
    xTaskPriorityInherit                     0x08005ff9   Thumb Code   146  tasks.o(.text.xTaskPriorityInherit)
    xTaskRemoveFromEventList                 0x0800608d   Thumb Code   122  tasks.o(.text.xTaskRemoveFromEventList)
    xTaskResumeAll                           0x08006109   Thumb Code   252  tasks.o(.text.xTaskResumeAll)
    xTimerCreateTimerTask                    0x08006205   Thumb Code   104  timers.o(.text.xTimerCreateTimerTask)
    xTimerGenericCommand                     0x0800626d   Thumb Code    86  timers.o(.text.xTimerGenericCommand)
    _fp_init                                 0x080062c3   Thumb Code    26  fpinit.o(x$fpl$fpinit)
    __fplib_config_fpu_vfp                   0x080062db   Thumb Code     0  fpinit.o(x$fpl$fpinit)
    __fplib_config_pureend_doubles           0x080062db   Thumb Code     0  fpinit.o(x$fpl$fpinit)
    __stdin_name                             0x080062dc   Data           4  sys_io_names.o(.constdata)
    __stdout_name                            0x080062e0   Data           4  sys_io_names.o(.constdata)
    __stderr_name                            0x080062e4   Data           4  sys_io_names.o(.constdata)
    AHBPrescTable                            0x080062ee   Data          16  system_stm32f4xx.o(.rodata.AHBPrescTable)
    APBPrescTable                            0x080062fe   Data           8  system_stm32f4xx.o(.rodata.APBPrescTable)
    Region$$Table$$Base                      0x0800639c   Number         0  anon$$obj.o(Region$$Table)
    Region$$Table$$Limit                     0x080063bc   Number         0  anon$$obj.o(Region$$Table)
    __aeabi_stdin                            0x20000000   Data           4  stdio_streams.o(.data)
    __aeabi_stdout                           0x20000004   Data           4  stdio_streams.o(.data)
    __aeabi_stderr                           0x20000008   Data           4  stdio_streams.o(.data)
    _stream_list_lock                        0x2000000c   Data           4  streamlock.o(.data)
    SystemCoreClock                          0x20000010   Data           4  system_stm32f4xx.o(.data.SystemCoreClock)
    WIZCHIP                                  0x20000014   Data          44  wizchip_conf.o(.data.WIZCHIP)
    logMappingTab                            0x20000040   Data          32  logs.o(.data.logMappingTab)
    netInfoConfig                            0x20000060   Data          23  chip_init.o(.data.netInfoConfig)
    uwTickFreq                               0x2000007a   Data           1  stm32f4xx_hal.o(.data.uwTickFreq)
    uwTickPrio                               0x2000007c   Data           4  stm32f4xx_hal.o(.data.uwTickPrio)
    __stdin                                  0x20000088   Data          84  stdio_streams.o(.bss)
    __stdout                                 0x200000dc   Data          84  stdio_streams.o(.bss)
    __stderr                                 0x20000130   Data          84  stdio_streams.o(.bss)
    __libspace_start                         0x20000184   Data          96  libspace.o(.bss)
    __temporary_stack_top$libspace           0x200001e4   Data           0  libspace.o(.bss)
    hspi2                                    0x20000394   Data          88  chip_init.o(.bss.hspi2)
    huart2                                   0x200003ec   Data          64  chip_init.o(.bss.huart2)
    logsQueue                                0x2000046c   Data           4  logs.o(.bss.logsQueue)
    pxCurrentTCB                             0x2000070c   Data           4  tasks.o(.bss.pxCurrentTCB)
    sock_pack_info                           0x20000b88   Data           4  socket.o(.bss.sock_pack_info)
    socketQueue                              0x20000b94   Data           4  socket_queue.o(.bss.socketQueue)
    uwTick                                   0x20002b9c   Data           4  stm32f4xx_hal.o(.bss.uwTick)



==============================================================================

Memory Map of the image

  Image Entry point : 0x08000291

  Load Region LR_1 (Base: 0x08000000, Size: 0x00006440, Max: 0xffffffff, ABSOLUTE)

    Execution Region ER_RO (Exec base: 0x08000000, Load base: 0x08000000, Size: 0x000063bc, Max: 0xffffffff, ABSOLUTE)

    Exec Addr    Load Addr    Size         Type   Attr      Idx    E Section Name        Object

    0x08000000   0x08000000   0x000001c4   Data   RO         1657    RESET               startup_stm32f446xx.o
    0x080001c4   0x080001c4   0x00000008   Code   RO         2220  * !!!main             c_w.l(__main.o)
    0x080001cc   0x080001cc   0x00000034   Code   RO         2493    !!!scatter          c_w.l(__scatter.o)
    0x08000200   0x08000200   0x0000001a   Code   RO         2495    !!handler_copy      c_w.l(__scatter_copy.o)
    0x0800021a   0x0800021a   0x00000002   PAD
    0x0800021c   0x0800021c   0x0000001c   Code   RO         2497    !!handler_zi        c_w.l(__scatter_zi.o)
    0x08000238   0x08000238   0x00000000   Code   RO         2205    .ARM.Collect$$_printf_percent$$00000000  c_w.l(_printf_percent.o)
    0x08000238   0x08000238   0x00000006   Code   RO         2204    .ARM.Collect$$_printf_percent$$00000009  c_w.l(_printf_d.o)
    0x0800023e   0x0800023e   0x00000006   Code   RO         2203    .ARM.Collect$$_printf_percent$$00000014  c_w.l(_printf_s.o)
    0x08000244   0x08000244   0x00000004   Code   RO         2258    .ARM.Collect$$_printf_percent$$00000017  c_w.l(_printf_percent_end.o)
    0x08000248   0x08000248   0x00000002   Code   RO         2411    .ARM.Collect$$libinit$$00000000  c_w.l(libinit.o)
    0x0800024a   0x0800024a   0x00000004   Code   RO         2271    .ARM.Collect$$libinit$$00000001  c_w.l(libinit2.o)
    0x0800024e   0x0800024e   0x00000000   Code   RO         2274    .ARM.Collect$$libinit$$00000004  c_w.l(libinit2.o)
    0x0800024e   0x0800024e   0x00000008   Code   RO         2275    .ARM.Collect$$libinit$$00000005  c_w.l(libinit2.o)
    0x08000256   0x08000256   0x00000000   Code   RO         2277    .ARM.Collect$$libinit$$0000000A  c_w.l(libinit2.o)
    0x08000256   0x08000256   0x00000000   Code   RO         2279    .ARM.Collect$$libinit$$0000000C  c_w.l(libinit2.o)
    0x08000256   0x08000256   0x00000000   Code   RO         2281    .ARM.Collect$$libinit$$0000000E  c_w.l(libinit2.o)
    0x08000256   0x08000256   0x00000000   Code   RO         2284    .ARM.Collect$$libinit$$00000011  c_w.l(libinit2.o)
    0x08000256   0x08000256   0x00000000   Code   RO         2286    .ARM.Collect$$libinit$$00000013  c_w.l(libinit2.o)
    0x08000256   0x08000256   0x00000000   Code   RO         2288    .ARM.Collect$$libinit$$00000015  c_w.l(libinit2.o)
    0x08000256   0x08000256   0x00000000   Code   RO         2290    .ARM.Collect$$libinit$$00000017  c_w.l(libinit2.o)
    0x08000256   0x08000256   0x00000000   Code   RO         2292    .ARM.Collect$$libinit$$00000019  c_w.l(libinit2.o)
    0x08000256   0x08000256   0x00000000   Code   RO         2294    .ARM.Collect$$libinit$$0000001B  c_w.l(libinit2.o)
    0x08000256   0x08000256   0x00000000   Code   RO         2296    .ARM.Collect$$libinit$$0000001D  c_w.l(libinit2.o)
    0x08000256   0x08000256   0x00000000   Code   RO         2298    .ARM.Collect$$libinit$$0000001F  c_w.l(libinit2.o)
    0x08000256   0x08000256   0x00000000   Code   RO         2300    .ARM.Collect$$libinit$$00000021  c_w.l(libinit2.o)
    0x08000256   0x08000256   0x00000000   Code   RO         2302    .ARM.Collect$$libinit$$00000023  c_w.l(libinit2.o)
    0x08000256   0x08000256   0x00000004   Code   RO         2303    .ARM.Collect$$libinit$$00000024  c_w.l(libinit2.o)
    0x0800025a   0x0800025a   0x00000000   Code   RO         2304    .ARM.Collect$$libinit$$00000025  c_w.l(libinit2.o)
    0x0800025a   0x0800025a   0x00000000   Code   RO         2308    .ARM.Collect$$libinit$$0000002C  c_w.l(libinit2.o)
    0x0800025a   0x0800025a   0x00000000   Code   RO         2310    .ARM.Collect$$libinit$$0000002E  c_w.l(libinit2.o)
    0x0800025a   0x0800025a   0x00000000   Code   RO         2312    .ARM.Collect$$libinit$$00000030  c_w.l(libinit2.o)
    0x0800025a   0x0800025a   0x00000000   Code   RO         2314    .ARM.Collect$$libinit$$00000032  c_w.l(libinit2.o)
    0x0800025a   0x0800025a   0x00000002   Code   RO         2315    .ARM.Collect$$libinit$$00000033  c_w.l(libinit2.o)
    0x0800025c   0x0800025c   0x00000002   Code   RO         2490    .ARM.Collect$$libshutdown$$00000000  c_w.l(libshutdown.o)
    0x0800025e   0x0800025e   0x00000000   Code   RO         2413    .ARM.Collect$$libshutdown$$00000002  c_w.l(libshutdown2.o)
    0x0800025e   0x0800025e   0x00000004   Code   RO         2414    .ARM.Collect$$libshutdown$$00000003  c_w.l(libshutdown2.o)
    0x08000262   0x08000262   0x00000000   Code   RO         2415    .ARM.Collect$$libshutdown$$00000004  c_w.l(libshutdown2.o)
    0x08000262   0x08000262   0x00000000   Code   RO         2418    .ARM.Collect$$libshutdown$$00000007  c_w.l(libshutdown2.o)
    0x08000262   0x08000262   0x00000000   Code   RO         2421    .ARM.Collect$$libshutdown$$0000000A  c_w.l(libshutdown2.o)
    0x08000262   0x08000262   0x00000000   Code   RO         2423    .ARM.Collect$$libshutdown$$0000000C  c_w.l(libshutdown2.o)
    0x08000262   0x08000262   0x00000004   Code   RO         2424    .ARM.Collect$$libshutdown$$0000000D  c_w.l(libshutdown2.o)
    0x08000266   0x08000266   0x00000000   Code   RO         2426    .ARM.Collect$$libshutdown$$0000000F  c_w.l(libshutdown2.o)
    0x08000266   0x08000266   0x00000002   Code   RO         2427    .ARM.Collect$$libshutdown$$00000010  c_w.l(libshutdown2.o)
    0x08000268   0x08000268   0x00000000   Code   RO         2222    .ARM.Collect$$rtentry$$00000000  c_w.l(__rtentry.o)
    0x08000268   0x08000268   0x00000000   Code   RO         2324    .ARM.Collect$$rtentry$$00000002  c_w.l(__rtentry2.o)
    0x08000268   0x08000268   0x00000006   Code   RO         2336    .ARM.Collect$$rtentry$$00000004  c_w.l(__rtentry4.o)
    0x0800026e   0x0800026e   0x00000008   Code   RO         2325    .ARM.Collect$$rtentry$$00000008  c_w.l(__rtentry2.o)
    0x08000276   0x08000276   0x00000004   Code   RO         2327    .ARM.Collect$$rtentry$$0000000A  c_w.l(__rtentry2.o)
    0x0800027a   0x0800027a   0x00000000   Code   RO         2329    .ARM.Collect$$rtentry$$0000000C  c_w.l(__rtentry2.o)
    0x0800027a   0x0800027a   0x00000008   Code   RO         2330    .ARM.Collect$$rtentry$$0000000D  c_w.l(__rtentry2.o)
    0x08000282   0x08000282   0x00000002   Code   RO         2436    .ARM.Collect$$rtexit$$00000000  c_w.l(rtexit.o)
    0x08000284   0x08000284   0x00000000   Code   RO         2459    .ARM.Collect$$rtexit$$00000002  c_w.l(rtexit2.o)
    0x08000284   0x08000284   0x00000004   Code   RO         2460    .ARM.Collect$$rtexit$$00000003  c_w.l(rtexit2.o)
    0x08000288   0x08000288   0x00000006   Code   RO         2461    .ARM.Collect$$rtexit$$00000004  c_w.l(rtexit2.o)
    0x0800028e   0x0800028e   0x00000002   PAD
    0x08000290   0x08000290   0x00000040   Code   RO         1658  * .text               startup_stm32f446xx.o
    0x080002d0   0x080002d0   0x000000a6   Code   RO         2117    .text               c_w.l(h1_alloc_threads.o)
    0x08000376   0x08000376   0x00000076   Code   RO         2119    .text               c_w.l(h1_free_threads.o)
    0x080003ec   0x080003ec   0x000000f0   Code   RO         2171    .text               c_w.l(lludivv7m.o)
    0x080004dc   0x080004dc   0x00000018   Code   RO         2175    .text               c_w.l(noretval__2printf.o)
    0x080004f4   0x080004f4   0x00000068   Code   RO         2177    .text               c_w.l(__printf.o)
    0x0800055c   0x0800055c   0x00000052   Code   RO         2179    .text               c_w.l(_printf_str.o)
    0x080005ae   0x080005ae   0x00000002   PAD
    0x080005b0   0x080005b0   0x00000078   Code   RO         2181    .text               c_w.l(_printf_dec.o)
    0x08000628   0x08000628   0x0000000c   Code   RO         2206    .text               c_w.l(putchar.o)
    0x08000634   0x08000634   0x0000002c   Code   RO         2208    .text               c_w.l(puts.o)
    0x08000660   0x08000660   0x0000003e   Code   RO         2210    .text               c_w.l(strlen.o)
    0x0800069e   0x0800069e   0x00000018   Code   RO         2212    .text               c_w.l(strcat.o)
    0x080006b6   0x080006b6   0x0000008a   Code   RO         2214    .text               c_w.l(rt_memcpy_v6.o)
    0x08000740   0x08000740   0x00000010   Code   RO         2216    .text               c_w.l(aeabi_memset4.o)
    0x08000750   0x08000750   0x00000006   Code   RO         2218    .text               c_w.l(heapauxi.o)
    0x08000756   0x08000756   0x0000000a   Code   RO         2232    .text               c_w.l(rt_heap_descriptor_twolibspace.o)
    0x08000760   0x08000760   0x00000004   Code   RO         2234    .text               c_w.l(hguard.o)
    0x08000764   0x08000764   0x0000008a   Code   RO         2236    .text               c_w.l(init_alloc.o)
    0x080007ee   0x080007ee   0x00000012   Code   RO         2242    .text               c_w.l(h1_init_threads.o)
    0x08000800   0x08000800   0x000000b2   Code   RO         2252    .text               c_w.l(_printf_intcommon.o)
    0x080008b2   0x080008b2   0x0000002c   Code   RO         2254    .text               c_w.l(_printf_char.o)
    0x080008de   0x080008de   0x00000002   PAD
    0x080008e0   0x080008e0   0x00000024   Code   RO         2256    .text               c_w.l(_printf_char_file.o)
    0x08000904   0x08000904   0x00000064   Code   RO         2265    .text               c_w.l(rt_memcpy_w.o)
    0x08000968   0x08000968   0x0000004e   Code   RO         2267    .text               c_w.l(rt_memclr_w.o)
    0x080009b6   0x080009b6   0x00000002   PAD
    0x080009b8   0x080009b8   0x00000008   Code   RO         2320    .text               c_w.l(libspace.o)
    0x080009c0   0x080009c0   0x00000000   Code   RO         2343    .text               c_w.l(maybetermalloc2.o)
    0x080009c0   0x080009c0   0x00000052   Code   RO         2346    .text               c_w.l(h1_extend_threads.o)
    0x08000a12   0x08000a12   0x00000002   PAD
    0x08000a14   0x08000a14   0x00000030   Code   RO         2348    .text               c_w.l(_printf_char_common.o)
    0x08000a44   0x08000a44   0x000001c8   Code   RO         2352    .text               c_w.l(initio_locked.o)
    0x08000c0c   0x08000c0c   0x0000000e   Code   RO         2354    .text               c_w.l(defsig_rtmem_outer.o)
    0x08000c1a   0x08000c1a   0x00000002   Code   RO         2368    .text               c_w.l(use_no_semi.o)
    0x08000c1c   0x08000c1c   0x00000000   Code   RO         2370    .text               c_w.l(indicate_semi.o)
    0x08000c1c   0x08000c1c   0x0000004a   Code   RO         2371    .text               c_w.l(sys_stackheap_outer.o)
    0x08000c66   0x08000c66   0x00000010   Code   RO         2375    .text               c_w.l(term_alloc.o)
    0x08000c76   0x08000c76   0x0000004c   Code   RO         2384    .text               c_w.l(fclose.o)
    0x08000cc2   0x08000cc2   0x00000068   Code   RO         2386    .text               c_w.l(setvbuf_locked.o)
    0x08000d2a   0x08000d2a   0x00000002   PAD
    0x08000d2c   0x08000d2c   0x0000014c   Code   RO         2388    .text               c_w.l(fopen_locked.o)
    0x08000e78   0x08000e78   0x00000012   Code   RO         2390    .text               c_w.l(exit.o)
    0x08000e8a   0x08000e8a   0x0000000a   Code   RO         2392    .text               c_w.l(defsig_exit.o)
    0x08000e94   0x08000e94   0x0000000e   Code   RO         2398    .text               c_w.l(defsig_rtred_outer.o)
    0x08000ea2   0x08000ea2   0x00000002   PAD
    0x08000ea4   0x08000ea4   0x00000050   Code   RO         2402    .text               c_w.l(defsig_rtmem_inner.o)
    0x08000ef4   0x08000ef4   0x00000066   Code   RO         2428    .text               c_w.l(sys_io.o)
    0x08000f5a   0x08000f5a   0x00000002   PAD
    0x08000f5c   0x08000f5c   0x0000000c   Code   RO         2430    .text               c_w.l(sys_exit.o)
    0x08000f68   0x08000f68   0x0000000a   Code   RO         2440    .text               c_w.l(h1_final_threads.o)
    0x08000f72   0x08000f72   0x00000002   PAD
    0x08000f74   0x08000f74   0x000000f8   Code   RO         2442    .text               c_w.l(fseek.o)
    0x0800106c   0x0800106c   0x000000f0   Code   RO         2444    .text               c_w.l(stdio.o)
    0x0800115c   0x0800115c   0x00000032   Code   RO         2448    .text               c_w.l(defsig_general.o)
    0x0800118e   0x0800118e   0x00000002   PAD
    0x08001190   0x08001190   0x00000034   Code   RO         2452    .text               c_w.l(defsig_rtred_inner.o)
    0x080011c4   0x080011c4   0x0000000e   Code   RO         2454    .text               c_w.l(sys_wrch.o)
    0x080011d2   0x080011d2   0x00000042   Code   RO         2465    .text               c_w.l(ftell.o)
    0x08001214   0x08001214   0x00000004   Code   RO         2474    .text               c_w.l(rt_errno_addr_twolibspace.o)
    0x08001218   0x08001218   0x00000194   Code   RO          852    .text.HAL_GPIO_Init  stm32f4xx_hal_gpio.o
    0x080013ac   0x080013ac   0x0000000a   Code   RO          856    .text.HAL_GPIO_ReadPin  stm32f4xx_hal_gpio.o
    0x080013b6   0x080013b6   0x00000002   PAD
    0x080013b8   0x080013b8   0x0000000e   Code   RO          860    .text.HAL_GPIO_TogglePin  stm32f4xx_hal_gpio.o
    0x080013c6   0x080013c6   0x00000002   PAD
    0x080013c8   0x080013c8   0x0000000a   Code   RO          858    .text.HAL_GPIO_WritePin  stm32f4xx_hal_gpio.o
    0x080013d2   0x080013d2   0x00000002   PAD
    0x080013d4   0x080013d4   0x0000000c   Code   RO          673    .text.HAL_GetTick   stm32f4xx_hal.o
    0x080013e0   0x080013e0   0x0000002e   Code   RO          661    .text.HAL_Init      stm32f4xx_hal.o
    0x0800140e   0x0800140e   0x00000002   PAD
    0x08001410   0x08001410   0x00000050   Code   RO          663    .text.HAL_InitTick  stm32f4xx_hal.o
    0x08001460   0x08001460   0x00000002   Code   RO          665    .text.HAL_MspInit   stm32f4xx_hal.o
    0x08001462   0x08001462   0x00000002   PAD
    0x08001464   0x08001464   0x0000001e   Code   RO          730    .text.HAL_NVIC_SetPriority  stm32f4xx_hal_cortex.o
    0x08001482   0x08001482   0x00000002   PAD
    0x08001484   0x08001484   0x00000008   Code   RO          726    .text.HAL_NVIC_SetPriorityGrouping  stm32f4xx_hal_cortex.o
    0x0800148c   0x0800148c   0x00000154   Code   RO         1126    .text.HAL_RCC_ClockConfig  stm32f4xx_hal_rcc.o
    0x080015e0   0x080015e0   0x0000000c   Code   RO         1136    .text.HAL_RCC_GetHCLKFreq  stm32f4xx_hal_rcc.o
    0x080015ec   0x080015ec   0x00000022   Code   RO         1138    .text.HAL_RCC_GetPCLK1Freq  stm32f4xx_hal_rcc.o
    0x0800160e   0x0800160e   0x00000002   PAD
    0x08001610   0x08001610   0x00000022   Code   RO         1140    .text.HAL_RCC_GetPCLK2Freq  stm32f4xx_hal_rcc.o
    0x08001632   0x08001632   0x00000002   PAD
    0x08001634   0x08001634   0x000000a0   Code   RO         1174    .text.HAL_RCC_GetSysClockFreq  stm32f4xx_hal_rcc_ex.o
    0x080016d4   0x080016d4   0x00000326   Code   RO         1178    .text.HAL_RCC_OscConfig  stm32f4xx_hal_rcc_ex.o
    0x080019fa   0x080019fa   0x00000002   PAD
    0x080019fc   0x080019fc   0x00000088   Code   RO         1316    .text.HAL_SPI_Init  stm32f4xx_hal_spi.o
    0x08001a84   0x08001a84   0x00000002   Code   RO         1318    .text.HAL_SPI_MspInit  stm32f4xx_hal_spi.o
    0x08001a86   0x08001a86   0x00000002   PAD
    0x08001a88   0x08001a88   0x000001e2   Code   RO         1328    .text.HAL_SPI_Receive  stm32f4xx_hal_spi.o
    0x08001c6a   0x08001c6a   0x00000002   PAD
    0x08001c6c   0x08001c6c   0x0000019e   Code   RO         1324    .text.HAL_SPI_Transmit  stm32f4xx_hal_spi.o
    0x08001e0a   0x08001e0a   0x00000002   PAD
    0x08001e0c   0x08001e0c   0x00000276   Code   RO         1330    .text.HAL_SPI_TransmitReceive  stm32f4xx_hal_spi.o
    0x08002082   0x08002082   0x00000002   PAD
    0x08002084   0x08002084   0x00000008   Code   RO          750    .text.HAL_SYSTICK_Config  stm32f4xx_hal_cortex.o
    0x0800208c   0x0800208c   0x0000005e   Code   RO         1442    .text.HAL_UART_Init  stm32f4xx_hal_uart.o
    0x080020ea   0x080020ea   0x00000002   PAD
    0x080020ec   0x080020ec   0x00000002   Code   RO         1444    .text.HAL_UART_MspInit  stm32f4xx_hal_uart.o
    0x080020ee   0x080020ee   0x00000002   PAD
    0x080020f0   0x080020f0   0x000000be   Code   RO         1458    .text.HAL_UART_Transmit  stm32f4xx_hal_uart.o
    0x080021ae   0x080021ae   0x00000002   PAD
    0x080021b0   0x080021b0   0x0000009a   Code   RO          112    .text.MX_GPIO_Init  chip_init.o
    0x0800224a   0x0800224a   0x00000002   PAD
    0x0800224c   0x0800224c   0x00000092   Code   RO          114    .text.MX_SPI2_Init  chip_init.o
    0x080022de   0x080022de   0x00000002   PAD
    0x080022e0   0x080022e0   0x0000006a   Code   RO          110    .text.MX_USART2_UART_Init  chip_init.o
    0x0800234a   0x0800234a   0x00000002   PAD
    0x0800234c   0x0800234c   0x0000002c   Code   RO          736    .text.NVIC_EncodePriority  stm32f4xx_hal_cortex.o
    0x08002378   0x08002378   0x00000008   PAD
    0x08002380   0x08002380   0x00000064   Code   RO         1757    .text.PendSV_Handler  port.o
    0x080023e4   0x080023e4   0x00000090   Code   RO         1334    .text.SPI_EndRxTransaction  stm32f4xx_hal_spi.o
    0x08002474   0x08002474   0x0000006a   Code   RO         1326    .text.SPI_EndRxTxTransaction  stm32f4xx_hal_spi.o
    0x080024de   0x080024de   0x00000002   PAD
    0x080024e0   0x080024e0   0x000000ac   Code   RO         1332    .text.SPI_WaitFlagStateUntilTimeout  stm32f4xx_hal_spi.o
    0x0800258c   0x0800258c   0x00000004   PAD
    0x08002590   0x08002590   0x00000024   Code   RO         1741    .text.SVC_Handler   port.o
    0x080025b4   0x080025b4   0x0000002e   Code   RO          752    .text.SysTick_Config  stm32f4xx_hal_cortex.o
    0x080025e2   0x080025e2   0x00000002   PAD
    0x080025e4   0x080025e4   0x0000001a   Code   RO          456    .text.SysTick_Handler  cmsis_os2.o
    0x080025fe   0x080025fe   0x00000002   PAD
    0x08002600   0x08002600   0x00000080   Code   RO          108    .text.SystemClock_Config  chip_init.o
    0x08002680   0x08002680   0x00000056   Code   RO         1665    .text.SystemInit    system_stm32f4xx.o
    0x080026d6   0x080026d6   0x00000002   PAD
    0x080026d8   0x080026d8   0x0000026a   Code   RO         1446    .text.UART_SetConfig  stm32f4xx_hal_uart.o
    0x08002942   0x08002942   0x00000002   PAD
    0x08002944   0x08002944   0x00000064   Code   RO         1460    .text.UART_WaitOnFlagUntilTimeout  stm32f4xx_hal_uart.o
    0x080029a8   0x080029a8   0x0000003a   Code   RO          371    .text.WIZCHIP_READ  w5100.o
    0x080029e2   0x080029e2   0x00000002   PAD
    0x080029e4   0x080029e4   0x00000058   Code   RO          375    .text.WIZCHIP_READ_BUF  w5100.o
    0x08002a3c   0x08002a3c   0x0000003a   Code   RO          369    .text.WIZCHIP_WRITE  w5100.o
    0x08002a76   0x08002a76   0x00000002   PAD
    0x08002a78   0x08002a78   0x00000066   Code   RO          373    .text.WIZCHIP_WRITE_BUF  w5100.o
    0x08002ade   0x08002ade   0x00000002   PAD
    0x08002ae0   0x08002ae0   0x00000010   Code   RO          732    .text.__NVIC_GetPriorityGrouping  stm32f4xx_hal_cortex.o
    0x08002af0   0x08002af0   0x00000022   Code   RO          734    .text.__NVIC_SetPriority  stm32f4xx_hal_cortex.o
    0x08002b12   0x08002b12   0x00000002   PAD
    0x08002b14   0x08002b14   0x00000020   Code   RO          728    .text.__NVIC_SetPriorityGrouping  stm32f4xx_hal_cortex.o
    0x08002b34   0x08002b34   0x00000044   Code   RO          401    .text.__user_perthread_libspace  clib_arm.o
    0x08002b78   0x08002b78   0x0000001a   Code   RO          407    .text._mutex_acquire  clib_arm.o
    0x08002b92   0x08002b92   0x00000002   PAD
    0x08002b94   0x08002b94   0x00000032   Code   RO          411    .text._mutex_free   clib_arm.o
    0x08002bc6   0x08002bc6   0x00000002   PAD
    0x08002bc8   0x08002bc8   0x00000058   Code   RO          405    .text._mutex_initialize  clib_arm.o
    0x08002c20   0x08002c20   0x0000001c   Code   RO          409    .text._mutex_release  clib_arm.o
    0x08002c3c   0x08002c3c   0x00000002   Code   RO          399    .text._platform_post_stackheap_init  clib_arm.o
    0x08002c3e   0x08002c3e   0x00000002   PAD
    0x08002c40   0x08002c40   0x00000050   Code   RO           18    .text.acceptTCPServerSocket  server.o
    0x08002c90   0x08002c90   0x00000012   Code   RO          177    .text.bcd2dec       logs.o
    0x08002ca2   0x08002ca2   0x00000002   PAD
    0x08002ca4   0x08002ca4   0x0000000e   Code   RO          231    .text.checkBytesCount  server_utils.o
    0x08002cb2   0x08002cb2   0x00000002   PAD
    0x08002cb4   0x08002cb4   0x00000088   Code   RO          259    .text.close         socket.o
    0x08002d3c   0x08002d3c   0x00000072   Code   RO          235    .text.constructCurrentTime  server_utils.o
    0x08002dae   0x08002dae   0x00000002   PAD
    0x08002db0   0x08002db0   0x00000064   Code   RO          247    .text.createSocketQueue  socket_queue.o
    0x08002e14   0x08002e14   0x00000060   Code   RO           12    .text.createTCPServerSocket  server.o
    0x08002e74   0x08002e74   0x00000016   Code   RO          120    .text.cs_desel      chip_init.o
    0x08002e8a   0x08002e8a   0x00000002   PAD
    0x08002e8c   0x08002e8c   0x00000016   Code   RO          118    .text.cs_sel        chip_init.o
    0x08002ea2   0x08002ea2   0x00000002   PAD
    0x08002ea4   0x08002ea4   0x00000014   Code   RO          153    .text.eepromCheckIfBusy  eeprom.o
    0x08002eb8   0x08002eb8   0x00000030   Code   RO          137    .text.eepromInit    eeprom.o
    0x08002ee8   0x08002ee8   0x00000068   Code   RO          145    .text.eepromReadBlock  eeprom.o
    0x08002f50   0x08002f50   0x00000016   Code   RO          141    .text.eepromReadPage  eeprom.o
    0x08002f66   0x08002f66   0x00000002   PAD
    0x08002f68   0x08002f68   0x0000004a   Code   RO          149    .text.eepromTask    eeprom.o
    0x08002fb2   0x08002fb2   0x00000002   PAD
    0x08002fb4   0x08002fb4   0x0000005c   Code   RO          147    .text.eepromTaskCreate  eeprom.o
    0x08003010   0x08003010   0x0000003c   Code   RO          143    .text.eepromWritePage  eeprom.o
    0x0800304c   0x0800304c   0x00000004   Code   RO           44    .text.ferror        retarget.o
    0x08003050   0x08003050   0x0000006e   Code   RO          139    .text.findLastLog   eeprom.o
    0x080030be   0x080030be   0x00000002   PAD
    0x080030c0   0x080030c0   0x00000020   Code   RO           42    .text.fputc         retarget.o
    0x080030e0   0x080030e0   0x00000044   Code   RO          227    .text.getChildTaskName  server_utils.o
    0x08003124   0x08003124   0x0000004c   Code   RO          379    .text.getSn_RX_RSR  w5100.o
    0x08003170   0x08003170   0x0000004c   Code   RO          377    .text.getSn_TX_FSR  w5100.o
    0x080031bc   0x080031bc   0x00000052   Code   RO          383    .text.getSn_TxBASE  w5100.o
    0x0800320e   0x0800320e   0x00000002   PAD
    0x08003210   0x08003210   0x00000012   Code   RO          223    .text.getSocketStatus  server_utils.o
    0x08003222   0x08003222   0x00000002   PAD
    0x08003224   0x08003224   0x000000f4   Code   RO          279    .text.getsockopt    socket.o
    0x08003318   0x08003318   0x00000008   Code   RO          229    .text.hasReceivedDataFromSocket  server_utils.o
    0x08003320   0x08003320   0x00000008   Code   RO          233    .text.hasSentBackDataToSocket  server_utils.o
    0x08003328   0x08003328   0x00000098   Code   RO           89    .text.i2cInit       i2c.o
    0x080033c0   0x080033c0   0x000000d8   Code   RO           95    .text.i2cReadRegister  i2c.o
    0x08003498   0x08003498   0x00000094   Code   RO           91    .text.i2cWriteData  i2c.o
    0x0800352c   0x0800352c   0x00000034   Code   RO          106    .text.initHardware  chip_init.o
    0x08003560   0x08003560   0x0000004e   Code   RO          116    .text.initWizChip   chip_init.o
    0x080035ae   0x080035ae   0x00000002   PAD
    0x080035b0   0x080035b0   0x00000040   Code   RO          211    .text.ledInit       led.o
    0x080035f0   0x080035f0   0x0000007e   Code   RO          197    .text.linkedListAdd  linked_list.o
    0x0800366e   0x0800366e   0x00000002   PAD
    0x08003670   0x08003670   0x00000020   Code   RO          195    .text.linkedListCreate  linked_list.o
    0x08003690   0x08003690   0x0000003e   Code   RO          199    .text.linkedListFindModule  linked_list.o
    0x080036ce   0x080036ce   0x00000002   PAD
    0x080036d0   0x080036d0   0x00000032   Code   RO          201    .text.linkedListSetModuleData  linked_list.o
    0x08003702   0x08003702   0x00000002   PAD
    0x08003704   0x08003704   0x00000072   Code   RO          261    .text.listen        socket.o
    0x08003776   0x08003776   0x00000002   PAD
    0x08003778   0x08003778   0x00000180   Code   RO           14    .text.listeningForConnectionTask  server.o
    0x080038f8   0x080038f8   0x00000056   Code   RO          181    .text.log_task      logs.o
    0x0800394e   0x0800394e   0x00000002   PAD
    0x08003950   0x08003950   0x00000046   Code   RO          171    .text.logsAddLog    logs.o
    0x08003996   0x08003996   0x00000002   PAD
    0x08003998   0x08003998   0x00000026   Code   RO          169    .text.logsAddNewModule  logs.o
    0x080039be   0x080039be   0x00000002   PAD
    0x080039c0   0x080039c0   0x0000002c   Code   RO          167    .text.logsInit      logs.o
    0x080039ec   0x080039ec   0x000000d8   Code   RO          175    .text.logsPrintSaved  logs.o
    0x08003ac4   0x08003ac4   0x00000050   Code   RO          173    .text.logsSave      logs.o
    0x08003b14   0x08003b14   0x00000054   Code   RO          179    .text.logsTaskCreate  logs.o
    0x08003b68   0x08003b68   0x000000dc   Code   RO            2    .text.main          main.o
    0x08003c44   0x08003c44   0x00000068   Code   RO          225    .text.numberToString  server_utils.o
    0x08003cac   0x08003cac   0x00000022   Code   RO           16    .text.openTCPServerSocket  server.o
    0x08003cce   0x08003cce   0x00000002   PAD
    0x08003cd0   0x08003cd0   0x00000024   Code   RO          403    .text.os_kernel_is_active  clib_arm.o
    0x08003cf4   0x08003cf4   0x00000080   Code   RO         1902    .text.prvAddCurrentTaskToDelayedList  tasks.o
    0x08003d74   0x08003d74   0x000000ac   Code   RO         1888    .text.prvAddNewTaskToReadyList  tasks.o
    0x08003e20   0x08003e20   0x0000006a   Code   RO         2039    .text.prvCheckForValidListAndQueue  timers.o
    0x08003e8a   0x08003e8a   0x00000002   PAD
    0x08003e8c   0x08003e8c   0x0000004e   Code   RO         2006    .text.prvCheckTasksWaitingTermination  tasks.o
    0x08003eda   0x08003eda   0x00000002   PAD
    0x08003edc   0x08003edc   0x00000026   Code   RO         1844    .text.prvCopyDataFromQueue  queue.o
    0x08003f02   0x08003f02   0x00000002   PAD
    0x08003f04   0x08003f04   0x0000007a   Code   RO         1832    .text.prvCopyDataToQueue  queue.o
    0x08003f7e   0x08003f7e   0x00000002   PAD
    0x08003f80   0x08003f80   0x00000020   Code   RO         1894    .text.prvDeleteTCB  tasks.o
    0x08003fa0   0x08003fa0   0x00000012   Code   RO         1848    .text.prvGetDisinheritPriorityAfterTimeout  queue.o
    0x08003fb2   0x08003fb2   0x00000002   PAD
    0x08003fb4   0x08003fb4   0x00000020   Code   RO         2077    .text.prvGetNextExpireTime  timers.o
    0x08003fd4   0x08003fd4   0x00000076   Code   RO         1772    .text.prvHeapInit   heap_4.o
    0x0800404a   0x0800404a   0x00000002   PAD
    0x0800404c   0x0800404c   0x0000002a   Code   RO         1928    .text.prvIdleTask   tasks.o
    0x08004076   0x08004076   0x00000002   PAD
    0x08004078   0x08004078   0x00000020   Code   RO         1812    .text.prvInitialiseMutex  queue.o
    0x08004098   0x08004098   0x00000020   Code   RO         1806    .text.prvInitialiseNewQueue  queue.o
    0x080040b8   0x080040b8   0x00000098   Code   RO         1886    .text.prvInitialiseNewTask  tasks.o
    0x08004150   0x08004150   0x00000070   Code   RO         2004    .text.prvInitialiseTaskLists  tasks.o
    0x080041c0   0x080041c0   0x00000062   Code   RO         1774    .text.prvInsertBlockIntoFreeList  heap_4.o
    0x08004222   0x08004222   0x00000002   PAD
    0x08004224   0x08004224   0x00000040   Code   RO         2089    .text.prvInsertTimerInActiveList  timers.o
    0x08004264   0x08004264   0x00000018   Code   RO         1846    .text.prvIsQueueEmpty  queue.o
    0x0800427c   0x0800427c   0x0000001c   Code   RO         1834    .text.prvIsQueueFull  queue.o
    0x08004298   0x08004298   0x00000028   Code   RO         1749    .text.prvPortStartFirstTask  port.o
    0x080042c0   0x080042c0   0x00000058   Code   RO         2085    .text.prvProcessExpiredTimer  timers.o
    0x08004318   0x08004318   0x000000f4   Code   RO         2081    .text.prvProcessReceivedCommands  timers.o
    0x0800440c   0x0800440c   0x00000080   Code   RO         2079    .text.prvProcessTimerOrBlockTask  timers.o
    0x0800448c   0x0800448c   0x00000028   Code   RO         1896    .text.prvResetNextTaskUnblockTime  tasks.o
    0x080044b4   0x080044b4   0x0000002a   Code   RO         2083    .text.prvSampleTimeNow  timers.o
    0x080044de   0x080044de   0x00000002   PAD
    0x080044e0   0x080044e0   0x00000078   Code   RO         2087    .text.prvSwitchTimerLists  timers.o
    0x08004558   0x08004558   0x00000022   Code   RO         1739    .text.prvTaskExitError  port.o
    0x0800457a   0x0800457a   0x00000002   PAD
    0x0800457c   0x0800457c   0x00000016   Code   RO         2041    .text.prvTimerTask  timers.o
    0x08004592   0x08004592   0x00000002   PAD
    0x08004594   0x08004594   0x00000072   Code   RO         1836    .text.prvUnlockQueue  queue.o
    0x08004606   0x08004606   0x00000002   PAD
    0x08004608   0x08004608   0x000000fc   Code   RO         1770    .text.pvPortMalloc  heap_4.o
    0x08004704   0x08004704   0x00000018   Code   RO         1988    .text.pvTaskIncrementMutexHeldCount  tasks.o
    0x0800471c   0x0800471c   0x00000028   Code   RO         1737    .text.pxPortInitialiseStack  port.o
    0x08004744   0x08004744   0x0000002c   Code   RO           65    .text.readDay       rtc.o
    0x08004770   0x08004770   0x0000002c   Code   RO           63    .text.readHour      rtc.o
    0x0800479c   0x0800479c   0x0000002c   Code   RO           61    .text.readMin       rtc.o
    0x080047c8   0x080047c8   0x0000002c   Code   RO           67    .text.readMonth     rtc.o
    0x080047f4   0x080047f4   0x0000002c   Code   RO           59    .text.readSec       rtc.o
    0x08004820   0x08004820   0x0000002c   Code   RO           69    .text.readYear      rtc.o
    0x0800484c   0x0800484c   0x0000010c   Code   RO           22    .text.redirectConnectionToChildSocket  server.o
    0x08004958   0x08004958   0x00000038   Code   RO          317    .text.reg_wizchip_cs_cbfunc  wizchip_conf.o
    0x08004990   0x08004990   0x00000042   Code   RO          321    .text.reg_wizchip_spi_cbfunc  wizchip_conf.o
    0x080049d2   0x080049d2   0x00000002   PAD
    0x080049d4   0x080049d4   0x0000000a   Code   RO           38    .text.retargetInit  retarget.o
    0x080049de   0x080049de   0x00000002   PAD
    0x080049e0   0x080049e0   0x00000010   Code   RO           77    .text.rtcGetHourBcd  rtc.o
    0x080049f0   0x080049f0   0x00000010   Code   RO           79    .text.rtcGetMinBcd  rtc.o
    0x08004a00   0x08004a00   0x0000000a   Code   RO           55    .text.rtcInit       rtc.o
    0x08004a0a   0x08004a0a   0x00000002   PAD
    0x08004a0c   0x08004a0c   0x00000060   Code   RO           57    .text.rtcReadDate   rtc.o
    0x08004a6c   0x08004a6c   0x00000094   Code   RO          155    .text.saveLog       eeprom.o
    0x08004b00   0x08004b00   0x00000142   Code   RO          267    .text.send          socket.o
    0x08004c42   0x08004c42   0x00000002   PAD
    0x08004c44   0x08004c44   0x00000094   Code   RO           20    .text.sendCompleteMessage  server.o
    0x08004cd8   0x08004cd8   0x0000002a   Code   RO           26    .text.sendCurrentDate  server.o
    0x08004d02   0x08004d02   0x00000002   PAD
    0x08004d04   0x08004d04   0x00000010   Code   RO           24    .text.sendTimeoutDisconnectionMessage  server.o
    0x08004d14   0x08004d14   0x0000007a   Code   RO          277    .text.setsockopt    socket.o
    0x08004d8e   0x08004d8e   0x00000002   PAD
    0x08004d90   0x08004d90   0x00000126   Code   RO          257    .text.socket        socket.o
    0x08004eb6   0x08004eb6   0x00000002   PAD
    0x08004eb8   0x08004eb8   0x00000022   Code   RO          122    .text.spi_rb        chip_init.o
    0x08004eda   0x08004eda   0x00000002   PAD
    0x08004edc   0x08004edc   0x00000022   Code   RO          124    .text.spi_wb        chip_init.o
    0x08004efe   0x08004efe   0x00000002   PAD
    0x08004f00   0x08004f00   0x0000001a   Code   RO          213    .text.taskLED       led.o
    0x08004f1a   0x08004f1a   0x00000002   PAD
    0x08004f1c   0x08004f1c   0x0000006a   Code   RO           40    .text.uart2_init    retarget.o
    0x08004f86   0x08004f86   0x00000002   PAD
    0x08004f88   0x08004f88   0x00000028   Code   RO         1727    .text.uxListRemove  list.o
    0x08004fb0   0x08004fb0   0x0000001a   Code   RO          612    .text.vApplicationGetIdleTaskMemory  cmsis_os2.o
    0x08004fca   0x08004fca   0x00000002   PAD
    0x08004fcc   0x08004fcc   0x0000001a   Code   RO          614    .text.vApplicationGetTimerTaskMemory  cmsis_os2.o
    0x08004fe6   0x08004fe6   0x00000002   PAD
    0x08004fe8   0x08004fe8   0x00000002   Code   RO          610    .text.vApplicationStackOverflowHook  cmsis_os2.o
    0x08004fea   0x08004fea   0x00000002   PAD
    0x08004fec   0x08004fec   0x00000016   Code   RO         1719    .text.vListInitialise  list.o
    0x08005002   0x08005002   0x00000002   PAD
    0x08005004   0x08005004   0x00000006   Code   RO         1721    .text.vListInitialiseItem  list.o
    0x0800500a   0x0800500a   0x00000002   PAD
    0x0800500c   0x0800500c   0x0000003a   Code   RO         1725    .text.vListInsert   list.o
    0x08005046   0x08005046   0x00000002   PAD
    0x08005048   0x08005048   0x0000001c   Code   RO         1723    .text.vListInsertEnd  list.o
    0x08005064   0x08005064   0x00000014   Code   RO         1747    .text.vPortEnableVFP  port.o
    0x08005078   0x08005078   0x00000020   Code   RO         1753    .text.vPortEnterCritical  port.o
    0x08005098   0x08005098   0x0000001a   Code   RO         1755    .text.vPortExitCritical  port.o
    0x080050b2   0x080050b2   0x00000002   PAD
    0x080050b4   0x080050b4   0x00000064   Code   RO         1776    .text.vPortFree     heap_4.o
    0x08005118   0x08005118   0x00000034   Code   RO         1745    .text.vPortSetupTimerInterrupt  port.o
    0x0800514c   0x0800514c   0x00000010   Code   RO         1862    .text.vQueueDelete  queue.o
    0x0800515c   0x0800515c   0x00000044   Code   RO         1874    .text.vQueueWaitForMessageRestricted  queue.o
    0x080051a0   0x080051a0   0x00000034   Code   RO         1906    .text.vTaskDelay    tasks.o
    0x080051d4   0x080051d4   0x000000a4   Code   RO         1892    .text.vTaskDelete   tasks.o
    0x08005278   0x08005278   0x0000001a   Code   RO         1960    .text.vTaskInternalSetTimeOutState  tasks.o
    0x08005292   0x08005292   0x00000002   PAD
    0x08005294   0x08005294   0x0000000e   Code   RO         1964    .text.vTaskMissedYield  tasks.o
    0x080052a2   0x080052a2   0x00000002   PAD
    0x080052a4   0x080052a4   0x0000001e   Code   RO         1948    .text.vTaskPlaceOnEventList  tasks.o
    0x080052c2   0x080052c2   0x00000002   PAD
    0x080052c4   0x080052c4   0x00000028   Code   RO         1952    .text.vTaskPlaceOnEventListRestricted  tasks.o
    0x080052ec   0x080052ec   0x0000006c   Code   RO         1984    .text.vTaskPriorityDisinheritAfterTimeout  tasks.o
    0x08005358   0x08005358   0x00000090   Code   RO         1926    .text.vTaskStartScheduler  tasks.o
    0x080053e8   0x080053e8   0x00000010   Code   RO         1900    .text.vTaskSuspendAll  tasks.o
    0x080053f8   0x080053f8   0x000000aa   Code   RO         1918    .text.vTaskSwitchContext  tasks.o
    0x080054a2   0x080054a2   0x00000002   PAD
    0x080054a4   0x080054a4   0x000000e2   Code   RO          385    .text.wiz_send_data  w5100.o
    0x08005586   0x08005586   0x00000002   PAD
    0x08005588   0x08005588   0x00000004   Code   RO          303    .text.wizchip_bus_readdata  wizchip_conf.o
    0x0800558c   0x0800558c   0x00000004   Code   RO          305    .text.wizchip_bus_writedata  wizchip_conf.o
    0x08005590   0x08005590   0x00000002   Code   RO          295    .text.wizchip_cris_enter  wizchip_conf.o
    0x08005592   0x08005592   0x00000002   PAD
    0x08005594   0x08005594   0x00000002   Code   RO          297    .text.wizchip_cris_exit  wizchip_conf.o
    0x08005596   0x08005596   0x00000002   PAD
    0x08005598   0x08005598   0x00000002   Code   RO          301    .text.wizchip_cs_deselect  wizchip_conf.o
    0x0800559a   0x0800559a   0x00000002   PAD
    0x0800559c   0x0800559c   0x00000002   Code   RO          299    .text.wizchip_cs_select  wizchip_conf.o
    0x0800559e   0x0800559e   0x00000002   PAD
    0x080055a0   0x080055a0   0x000000ea   Code   RO          329    .text.wizchip_init  wizchip_conf.o
    0x0800568a   0x0800568a   0x00000002   PAD
    0x0800568c   0x0800568c   0x00000070   Code   RO          341    .text.wizchip_setnetinfo  wizchip_conf.o
    0x080056fc   0x080056fc   0x00000004   Code   RO          307    .text.wizchip_spi_readbyte  wizchip_conf.o
    0x08005700   0x08005700   0x00000002   Code   RO          309    .text.wizchip_spi_writebyte  wizchip_conf.o
    0x08005702   0x08005702   0x00000002   PAD
    0x08005704   0x08005704   0x00000070   Code   RO          327    .text.wizchip_sw_reset  wizchip_conf.o
    0x08005774   0x08005774   0x0000004a   Code   RO         1743    .text.xPortStartScheduler  port.o
    0x080057be   0x080057be   0x00000002   PAD
    0x080057c0   0x080057c0   0x0000002e   Code   RO         1759    .text.xPortSysTickHandler  port.o
    0x080057ee   0x080057ee   0x00000002   PAD
    0x080057f0   0x080057f0   0x00000016   Code   RO         1810    .text.xQueueCreateMutex  queue.o
    0x08005806   0x08005806   0x00000002   PAD
    0x08005808   0x08005808   0x00000022   Code   RO         1814    .text.xQueueCreateMutexStatic  queue.o
    0x0800582a   0x0800582a   0x00000002   PAD
    0x0800582c   0x0800582c   0x00000032   Code   RO         1808    .text.xQueueGenericCreate  queue.o
    0x0800585e   0x0800585e   0x00000002   PAD
    0x08005860   0x08005860   0x0000001c   Code   RO         1804    .text.xQueueGenericCreateStatic  queue.o
    0x0800587c   0x0800587c   0x0000006a   Code   RO         1802    .text.xQueueGenericReset  queue.o
    0x080058e6   0x080058e6   0x00000002   PAD
    0x080058e8   0x080058e8   0x00000136   Code   RO         1822    .text.xQueueGenericSend  queue.o
    0x08005a1e   0x08005a1e   0x00000002   PAD
    0x08005a20   0x08005a20   0x00000070   Code   RO         1838    .text.xQueueGenericSendFromISR  queue.o
    0x08005a90   0x08005a90   0x00000128   Code   RO         1842    .text.xQueueReceive  queue.o
    0x08005bb8   0x08005bb8   0x00000162   Code   RO         1826    .text.xQueueSemaphoreTake  queue.o
    0x08005d1a   0x08005d1a   0x00000002   PAD
    0x08005d1c   0x08005d1c   0x0000005c   Code   RO         1962    .text.xTaskCheckForTimeOut  tasks.o
    0x08005d78   0x08005d78   0x00000066   Code   RO         1890    .text.xTaskCreate   tasks.o
    0x08005dde   0x08005dde   0x00000002   PAD
    0x08005de0   0x08005de0   0x0000003e   Code   RO         1884    .text.xTaskCreateStatic  tasks.o
    0x08005e1e   0x08005e1e   0x00000002   PAD
    0x08005e20   0x08005e20   0x0000000c   Code   RO         1976    .text.xTaskGetCurrentTaskHandle  tasks.o
    0x08005e2c   0x08005e2c   0x00000026   Code   RO         1978    .text.xTaskGetSchedulerState  tasks.o
    0x08005e52   0x08005e52   0x00000002   PAD
    0x08005e54   0x08005e54   0x0000000c   Code   RO         1934    .text.xTaskGetTickCount  tasks.o
    0x08005e60   0x08005e60   0x0000013a   Code   RO         1932    .text.xTaskIncrementTick  tasks.o
    0x08005f9a   0x08005f9a   0x00000002   PAD
    0x08005f9c   0x08005f9c   0x0000005c   Code   RO         1982    .text.xTaskPriorityDisinherit  tasks.o
    0x08005ff8   0x08005ff8   0x00000092   Code   RO         1980    .text.xTaskPriorityInherit  tasks.o
    0x0800608a   0x0800608a   0x00000002   PAD
    0x0800608c   0x0800608c   0x0000007a   Code   RO         1954    .text.xTaskRemoveFromEventList  tasks.o
    0x08006106   0x08006106   0x00000002   PAD
    0x08006108   0x08006108   0x000000fc   Code   RO         1904    .text.xTaskResumeAll  tasks.o
    0x08006204   0x08006204   0x00000068   Code   RO         2037    .text.xTimerCreateTimerTask  timers.o
    0x0800626c   0x0800626c   0x00000056   Code   RO         2049    .text.xTimerGenericCommand  timers.o
    0x080062c2   0x080062c2   0x0000001a   Code   RO         2363    x$fpl$fpinit        fz_wm.l(fpinit.o)
    0x080062dc   0x080062dc   0x00000004   Data   RO         2365    .constdata          c_w.l(sys_io_names.o)
    0x080062e0   0x080062e0   0x00000004   Data   RO         2366    .constdata          c_w.l(sys_io_names.o)
    0x080062e4   0x080062e4   0x00000004   Data   RO         2367    .constdata          c_w.l(sys_io_names.o)
    0x080062e8   0x080062e8   0x00000006   Data   RO           29    .rodata..L__const.listeningForConnectionTask.bindAddress  server.o
    0x080062ee   0x080062ee   0x00000010   Data   RO         1670    .rodata.AHBPrescTable  system_stm32f4xx.o
    0x080062fe   0x080062fe   0x00000008   Data   RO         1671    .rodata.APBPrescTable  system_stm32f4xx.o
    0x08006306   0x08006306   0x00000002   PAD
    0x08006308   0x08006308   0x00000020   Data   RO          237    .rodata.cst32       server_utils.o
    0x08006328   0x08006328   0x00000072   Data   RO          183    .rodata.str1.1      logs.o
    0x0800639a   0x0800639a   0x00000002   PAD
    0x0800639c   0x0800639c   0x00000020   Data   RO         2492    Region$$Table       anon$$obj.o


    Execution Region ER_RW (Exec base: 0x20000000, Load base: 0x080063bc, Size: 0x00000084, Max: 0xffffffff, ABSOLUTE)

    Exec Addr    Load Addr    Size         Type   Attr      Idx    E Section Name        Object

    0x20000000   0x080063bc   0x00000004   Data   RW         2262    .data               c_w.l(stdio_streams.o)
    0x20000004   0x080063c0   0x00000004   Data   RW         2263    .data               c_w.l(stdio_streams.o)
    0x20000008   0x080063c4   0x00000004   Data   RW         2264    .data               c_w.l(stdio_streams.o)
    0x2000000c   0x080063c8   0x00000004   Data   RW         2381    .data               c_w.l(streamlock.o)
    0x20000010   0x080063cc   0x00000004   Data   RW         1669    .data.SystemCoreClock  system_stm32f4xx.o
    0x20000014   0x080063d0   0x0000002c   Data   RW          355    .data.WIZCHIP       wizchip_conf.o
    0x20000040   0x080063fc   0x00000020   Data   RW          184    .data.logMappingTab  logs.o
    0x20000060   0x0800641c   0x00000017   Data   RW          126    .data.netInfoConfig  chip_init.o
    0x20000077   0x08006433   0x00000001   PAD
    0x20000078   0x08006434   0x00000002   Data   RW          282    .data.sock_any_port  socket.o
    0x2000007a   0x08006436   0x00000001   Data   RW          716    .data.uwTickFreq    stm32f4xx_hal.o
    0x2000007b   0x08006437   0x00000001   PAD
    0x2000007c   0x08006438   0x00000004   Data   RW          715    .data.uwTickPrio    stm32f4xx_hal.o
    0x20000080   0x0800643c   0x00000004   Data   RW         1761    .data.uxCriticalNesting  port.o


    Execution Region ER_ZI (Exec base: 0x20000088, Load base: 0x08006440, Size: 0x000035f0, Max: 0xffffffff, ABSOLUTE)

    Exec Addr    Load Addr    Size         Type   Attr      Idx    E Section Name        Object

    0x20000088        -       0x00000054   Zero   RW         2259    .bss                c_w.l(stdio_streams.o)
    0x200000dc        -       0x00000054   Zero   RW         2260    .bss                c_w.l(stdio_streams.o)
    0x20000130        -       0x00000054   Zero   RW         2261    .bss                c_w.l(stdio_streams.o)
    0x20000184        -       0x00000060   Zero   RW         2321    .bss                c_w.l(libspace.o)
    0x200001e4        -       0x00000001   Zero   RW          356    .bss._DHCP_         wizchip_conf.o
    0x200001e5        -       0x00000001   Zero   RW          357    .bss._DNS_.0        wizchip_conf.o
    0x200001e6        -       0x00000001   Zero   RW          358    .bss._DNS_.1        wizchip_conf.o
    0x200001e7        -       0x00000001   Zero   RW          359    .bss._DNS_.2        wizchip_conf.o
    0x200001e8        -       0x00000001   Zero   RW          360    .bss._DNS_.3        wizchip_conf.o
    0x200001e9   0x08006440   0x00000003   PAD
    0x200001ec        -       0x00000190   Zero   RW          416    .bss.clib_mutex_cb  clib_arm.o
    0x2000037c        -       0x00000014   Zero   RW          415    .bss.clib_mutex_id  clib_arm.o
    0x20000390        -       0x00000001   Zero   RW           97    .bss.eepromCtx.0    i2c.o
    0x20000391        -       0x00000001   Zero   RW          157    .bss.eepromCtx.0    eeprom.o
    0x20000392        -       0x00000001   Zero   RW          158    .bss.eepromCtx.1    eeprom.o
    0x20000393   0x08006440   0x00000001   PAD
    0x20000394        -       0x00000058   Zero   RW          127    .bss.hspi2          chip_init.o
    0x200003ec        -       0x00000040   Zero   RW          128    .bss.huart2         chip_init.o
    0x2000042c        -       0x00000040   Zero   RW           46    .bss.huart2_ctx     retarget.o
    0x2000046c        -       0x00000004   Zero   RW          185    .bss.logsQueue      logs.o
    0x20000470        -       0x00000004   Zero   RW          186    .bss.logs_ctx       logs.o
    0x20000474        -       0x00000001   Zero   RW          417    .bss.os_kernel_is_active.os_kernel_active  clib_arm.o
    0x20000475   0x08006440   0x00000003   PAD
    0x20000478        -       0x000001e0   Zero   RW          413    .bss.os_libspace    clib_arm.o
    0x20000658        -       0x00000010   Zero   RW          414    .bss.os_libspace_id  clib_arm.o
    0x20000668        -       0x00000050   Zero   RW         2099    .bss.prvCheckForValidListAndQueue.ucStaticTimerQueueStorage  timers.o
    0x200006b8        -       0x00000050   Zero   RW         2098    .bss.prvCheckForValidListAndQueue.xStaticTimerQueue  timers.o
    0x20000708        -       0x00000004   Zero   RW         2095    .bss.prvSampleTimeNow.xLastTime  timers.o
    0x2000070c        -       0x00000004   Zero   RW         2008    .bss.pxCurrentTCB   tasks.o
    0x20000710        -       0x00000004   Zero   RW         2093    .bss.pxCurrentTimerList  timers.o
    0x20000714        -       0x00000004   Zero   RW         2015    .bss.pxDelayedTaskList  tasks.o
    0x20000718        -       0x00000004   Zero   RW         1786    .bss.pxEnd          heap_4.o
    0x2000071c        -       0x00000004   Zero   RW         2016    .bss.pxOverflowDelayedTaskList  tasks.o
    0x20000720        -       0x00000004   Zero   RW         2094    .bss.pxOverflowTimerList  timers.o
    0x20000724        -       0x00000460   Zero   RW         2018    .bss.pxReadyTasksLists  tasks.o
    0x20000b84        -       0x00000002   Zero   RW          283    .bss.sock_io_mode   socket.o
    0x20000b86        -       0x00000002   Zero   RW          284    .bss.sock_is_sending  socket.o
    0x20000b88        -       0x00000004   Zero   RW          281    .bss.sock_pack_info  socket.o
    0x20000b8c        -       0x00000008   Zero   RW          285    .bss.sock_remained_size  socket.o
    0x20000b94        -       0x00000004   Zero   RW          249    .bss.socketQueue    socket_queue.o
    0x20000b98        -       0x00002000   Zero   RW         1793    .bss.ucHeap         heap_4.o
    0x20002b98        -       0x00000002   Zero   RW           28    .bss.usedStackSize  server.o
    0x20002b9a   0x08006440   0x00000002   PAD
    0x20002b9c        -       0x00000004   Zero   RW          717    .bss.uwTick         stm32f4xx_hal.o
    0x20002ba0        -       0x00000004   Zero   RW         2012    .bss.uxCurrentNumberOfTasks  tasks.o
    0x20002ba4        -       0x00000004   Zero   RW         2011    .bss.uxDeletedTasksWaitingCleanUp  tasks.o
    0x20002ba8        -       0x00000004   Zero   RW         2020    .bss.uxSchedulerSuspended  tasks.o
    0x20002bac        -       0x00000004   Zero   RW         2009    .bss.uxTaskNumber   tasks.o
    0x20002bb0        -       0x00000004   Zero   RW         2019    .bss.uxTopReadyPriority  tasks.o
    0x20002bb4        -       0x00000200   Zero   RW          621    .bss.vApplicationGetIdleTaskMemory.Idle_Stack  cmsis_os2.o
    0x20002db4        -       0x0000005c   Zero   RW          620    .bss.vApplicationGetIdleTaskMemory.Idle_TCB  cmsis_os2.o
    0x20002e10        -       0x00000140   Zero   RW          623    .bss.vApplicationGetTimerTaskMemory.Timer_Stack  cmsis_os2.o
    0x20002f50        -       0x0000005c   Zero   RW          622    .bss.vApplicationGetTimerTaskMemory.Timer_TCB  cmsis_os2.o
    0x20002fac        -       0x00000014   Zero   RW         2096    .bss.xActiveTimerList1  timers.o
    0x20002fc0        -       0x00000014   Zero   RW         2097    .bss.xActiveTimerList2  timers.o
    0x20002fd4        -       0x00000001   Zero   RW         1787    .bss.xBlockAllocatedBit  heap_4.o
    0x20002fd5   0x08006440   0x00000003   PAD
    0x20002fd8        -       0x00000014   Zero   RW         2027    .bss.xDelayedTaskList1  tasks.o
    0x20002fec        -       0x00000014   Zero   RW         2028    .bss.xDelayedTaskList2  tasks.o
    0x20003000        -       0x00000004   Zero   RW         1788    .bss.xFreeBytesRemaining  heap_4.o
    0x20003004        -       0x00000004   Zero   RW         2022    .bss.xIdleTaskHandle  tasks.o
    0x20003008        -       0x00000004   Zero   RW         1790    .bss.xMinimumEverFreeBytesRemaining  heap_4.o
    0x2000300c        -       0x00000004   Zero   RW         2023    .bss.xNextTaskUnblockTime  tasks.o
    0x20003010        -       0x00000004   Zero   RW         2026    .bss.xNumOfOverflows  tasks.o
    0x20003014        -       0x00000004   Zero   RW         1791    .bss.xNumberOfSuccessfulAllocations  heap_4.o
    0x20003018        -       0x00000004   Zero   RW         1792    .bss.xNumberOfSuccessfulFrees  heap_4.o
    0x2000301c        -       0x00000004   Zero   RW         2025    .bss.xPendedTicks   tasks.o
    0x20003020        -       0x00000014   Zero   RW         2021    .bss.xPendingReadyList  tasks.o
    0x20003034        -       0x00000004   Zero   RW         2013    .bss.xSchedulerRunning  tasks.o
    0x20003038        -       0x00000008   Zero   RW         1789    .bss.xStart         heap_4.o
    0x20003040        -       0x00000014   Zero   RW         2017    .bss.xSuspendedTaskList  tasks.o
    0x20003054        -       0x00000014   Zero   RW         2010    .bss.xTasksWaitingTermination  tasks.o
    0x20003068        -       0x00000004   Zero   RW         2014    .bss.xTickCount     tasks.o
    0x2000306c        -       0x00000004   Zero   RW         2091    .bss.xTimerQueue    timers.o
    0x20003070        -       0x00000004   Zero   RW         2092    .bss.xTimerTaskHandle  timers.o
    0x20003074        -       0x00000004   Zero   RW         2024    .bss.xYieldPending  tasks.o
    0x20003078        -       0x00000200   Zero   RW         1656    HEAP                startup_stm32f446xx.o
    0x20003278        -       0x00000400   Zero   RW         1655    STACK               startup_stm32f446xx.o


==============================================================================

Image component sizes


      Code (inc. data)   RO Data    RW Data    ZI Data      Debug   Object Name

       776          0          0         23        152       8194   chip_init.o
       298          0          0          0        917       3467   clib_arm.o
        80          0          0          0       1016      53658   cmsis_os2.o
       678         60          0          0          2       3866   eeprom.o
       568          0          0          0       8221       4527   heap_4.o
       516          0          0          0          1       3897   i2c.o
        90          0          0          0          0       2252   led.o
       270          0          0          0          0       1832   linked_list.o
       154          0          0          0          0       2278   list.o
       636         88        114         32          8       3726   logs.o
       220         88          0          0          0        839   main.o
       500         16          0          4          0       2886   port.o
      1804          0          0          0          0      18053   queue.o
       152          0          0          0         64       5130   retarget.o
       402          0          0          0          0       3410   rtc.o
      1068        136          6          0          2       4561   server.o
       334          0         32          0          0       2726   server_utils.o
      1232         18          0          2         16       8323   socket.o
       100          0          0          0          4       1482   socket_queue.o
        64         26        452          0       1536        868   startup_stm32f446xx.o
       140          0          0          5          4       7670   stm32f4xx_hal.o
       218          0          0          0          0      10700   stm32f4xx_hal_cortex.o
       438          0          0          0          0       5346   stm32f4xx_hal_gpio.o
       420          0          0          0          0       7445   stm32f4xx_hal_rcc.o
       966          4          0          0          0      10866   stm32f4xx_hal_rcc_ex.o
      2086          0          0          0          0      22425   stm32f4xx_hal_spi.o
      1004          0          0          0          0      17266   stm32f4xx_hal_uart.o
        86          0         24          4          0       2847   system_stm32f4xx.o
      2788          8          0          0       1280      27243   tasks.o
      1036         18          0          0        220      13077   timers.o
       766          0          0          0          0       4892   w5100.o
       602          0          0         44          5       8941   wizchip_conf.o

    ----------------------------------------------------------------------
     20714        462        664        116      13460     274693   Object Totals
         0          0         32          0          0          0   (incl. Generated)
       222          0          4          2         12          0   (incl. Padding)

    ----------------------------------------------------------------------

      Code (inc. data)   RO Data    RW Data    ZI Data      Debug   Library Member Name

         8          0          0          0          0         68   __main.o
       104          0          0          0          0         84   __printf.o
         0          0          0          0          0          0   __rtentry.o
        20          0          0          0          0          0   __rtentry2.o
         6          0          0          0          0          0   __rtentry4.o
        52          8          0          0          0          0   __scatter.o
        26          0          0          0          0          0   __scatter_copy.o
        28          0          0          0          0          0   __scatter_zi.o
        44          0          0          0          0        108   _printf_char.o
        48          6          0          0          0         96   _printf_char_common.o
        36          4          0          0          0         80   _printf_char_file.o
         6          0          0          0          0          0   _printf_d.o
       120         16          0          0          0         92   _printf_dec.o
       178          0          0          0          0         88   _printf_intcommon.o
         0          0          0          0          0          0   _printf_percent.o
         4          0          0          0          0          0   _printf_percent_end.o
         6          0          0          0          0          0   _printf_s.o
        82          0          0          0          0         80   _printf_str.o
        16          0          0          0          0         68   aeabi_memset4.o
        10          0          0          0          0         68   defsig_exit.o
        50          0          0          0          0         88   defsig_general.o
        80         58          0          0          0         76   defsig_rtmem_inner.o
        14          0          0          0          0         80   defsig_rtmem_outer.o
        52         38          0          0          0         76   defsig_rtred_inner.o
        14          0          0          0          0         80   defsig_rtred_outer.o
        18          0          0          0          0         80   exit.o
        76          0          0          0          0         88   fclose.o
       332         10          0          0          0        152   fopen_locked.o
       248          6          0          0          0         84   fseek.o
        66          0          0          0          0         76   ftell.o
       166          0          0          0          0        144   h1_alloc_threads.o
        82          0          0          0          0        104   h1_extend_threads.o
        10          0          0          0          0         76   h1_final_threads.o
       118          0          0          0          0        108   h1_free_threads.o
        18          0          0          0          0         84   h1_init_threads.o
         6          0          0          0          0        152   heapauxi.o
         4          0          0          0          0        136   hguard.o
         0          0          0          0          0          0   indicate_semi.o
       138          0          0          0          0        168   init_alloc.o
       456         48          0          0          0        116   initio_locked.o
         2          0          0          0          0          0   libinit.o
        18          0          0          0          0          0   libinit2.o
         2          0          0          0          0          0   libshutdown.o
        10          0          0          0          0          0   libshutdown2.o
         8          4          0          0         96         68   libspace.o
       240          0          0          0          0        100   lludivv7m.o
         0          0          0          0          0          0   maybetermalloc2.o
        24          4          0          0          0         84   noretval__2printf.o
        12          6          0          0          0         68   putchar.o
        44          4          0          0          0         84   puts.o
         4          0          0          0          0         68   rt_errno_addr_twolibspace.o
        10          0          0          0          0         76   rt_heap_descriptor_twolibspace.o
        78          0          0          0          0         80   rt_memclr_w.o
       138          0          0          0          0         68   rt_memcpy_v6.o
       100          0          0          0          0         80   rt_memcpy_w.o
         2          0          0          0          0          0   rtexit.o
        10          0          0          0          0          0   rtexit2.o
       104          0          0          0          0         88   setvbuf_locked.o
       240          6          0          0          0        156   stdio.o
         0          0          0         12        252          0   stdio_streams.o
        24          0          0          0          0         68   strcat.o
         0          0          0          4          0          0   streamlock.o
        62          0          0          0          0         76   strlen.o
        12          4          0          0          0         68   sys_exit.o
       102          0          0          0          0        240   sys_io.o
         0          0         12          0          0          0   sys_io_names.o
        74          0          0          0          0         80   sys_stackheap_outer.o
        14          0          0          0          0         76   sys_wrch.o
        16          0          0          0          0         80   term_alloc.o
         2          0          0          0          0         68   use_no_semi.o
        26          0          0          0          0        116   fpinit.o

    ----------------------------------------------------------------------
      4142        222         12         16        348       4692   Library Totals
        22          0          0          0          0          0   (incl. Padding)

    ----------------------------------------------------------------------

      Code (inc. data)   RO Data    RW Data    ZI Data      Debug   Library Name

      4094        222         12         16        348       4576   c_w.l
        26          0          0          0          0        116   fz_wm.l

    ----------------------------------------------------------------------
      4142        222         12         16        348       4692   Library Totals

    ----------------------------------------------------------------------

==============================================================================


      Code (inc. data)   RO Data    RW Data    ZI Data      Debug   

     24856        684        676        132      13808     276513   Grand Totals
     24856        684        676        132      13808     276513   ELF Image Totals
     24856        684        676        132          0          0   ROM Totals

==============================================================================

    Total RO  Size (Code + RO Data)                25532 (  24.93kB)
    Total RW  Size (RW Data + ZI Data)             13940 (  13.61kB)
    Total ROM Size (Code + RO Data + RW Data)      25664 (  25.06kB)

==============================================================================

