Component: ARM Compiler 6.14 Tool: armlink [5db06800]

==============================================================================

Section Cross References

    main.o(.text.main) refers to stm32f4xx_hal.o(.text.HAL_Init) for HAL_Init
    main.o(.text.main) refers to main.o(.text.SystemClock_Config) for SystemClock_Config
    main.o(.text.main) refers to main.o(.text.MX_GPIO_Init) for MX_GPIO_Init
    main.o(.text.main) refers to main.o(.text.MX_SPI2_Init) for MX_SPI2_Init
    main.o(.text.main) refers to main.o(.text.MX_USART2_UART_Init) for MX_USART2_UART_Init
    main.o(.text.main) refers to main.o(.bss.huart2) for huart2
    main.o(.text.main) refers to main.o(.rodata.str1.1) for .L.str
    main.o(.text.main) refers to stm32f4xx_hal_uart.o(.text.HAL_UART_Transmit) for HAL_UART_Transmit
    main.o(.text.main) refers to main.o(.text.cs_sel) for cs_sel
    main.o(.text.main) refers to main.o(.text.cs_desel) for cs_desel
    main.o(.text.main) refers to wizchip_conf.o(.text.reg_wizchip_cs_cbfunc) for reg_wizchip_cs_cbfunc
    main.o(.text.main) refers to main.o(.text.spi_rb) for spi_rb
    main.o(.text.main) refers to main.o(.text.spi_wb) for spi_wb
    main.o(.text.main) refers to wizchip_conf.o(.text.reg_wizchip_spi_cbfunc) for reg_wizchip_spi_cbfunc
    main.o(.text.main) refers to wizchip_conf.o(.text.wizchip_init) for wizchip_init
    main.o(.text.main) refers to main.o(.rodata..L__const.main.netInfo) for .L__const.main.netInfo
    main.o(.text.main) refers to wizchip_conf.o(.text.wizchip_setnetinfo) for wizchip_setnetinfo
    main.o(.text.main) refers to wizchip_conf.o(.text.wizchip_getnetinfo) for wizchip_getnetinfo
    main.o(.text.main) refers to server.o(.text.createTCPServerSocket) for createTCPServerSocket
    main.o(.text.main) refers to main.o(.text.taskLED) for taskLED
    main.o(.text.main) refers to tasks.o(.text.xTaskCreate) for xTaskCreate
    main.o(.text.main) refers to puts.o(.text) for puts
    main.o(.text.main) refers to tasks.o(.text.vTaskStartScheduler) for vTaskStartScheduler
    main.o(.ARM.exidx.text.main) refers to main.o(.text.main) for [Anonymous Symbol]
    main.o(.text.SystemClock_Config) refers to stm32f4xx_hal_rcc_ex.o(.text.HAL_RCC_OscConfig) for HAL_RCC_OscConfig
    main.o(.text.SystemClock_Config) refers to stm32f4xx_hal_rcc.o(.text.HAL_RCC_ClockConfig) for HAL_RCC_ClockConfig
    main.o(.ARM.exidx.text.SystemClock_Config) refers to main.o(.text.SystemClock_Config) for [Anonymous Symbol]
    main.o(.text.MX_GPIO_Init) refers to stm32f4xx_hal_gpio.o(.text.HAL_GPIO_Init) for HAL_GPIO_Init
    main.o(.ARM.exidx.text.MX_GPIO_Init) refers to main.o(.text.MX_GPIO_Init) for [Anonymous Symbol]
    main.o(.text.MX_SPI2_Init) refers to main.o(.bss.hspi2) for hspi2
    main.o(.text.MX_SPI2_Init) refers to stm32f4xx_hal_gpio.o(.text.HAL_GPIO_Init) for HAL_GPIO_Init
    main.o(.text.MX_SPI2_Init) refers to stm32f4xx_hal_spi.o(.text.HAL_SPI_Init) for HAL_SPI_Init
    main.o(.ARM.exidx.text.MX_SPI2_Init) refers to main.o(.text.MX_SPI2_Init) for [Anonymous Symbol]
    main.o(.text.MX_USART2_UART_Init) refers to main.o(.bss.huart2) for huart2
    main.o(.text.MX_USART2_UART_Init) refers to stm32f4xx_hal_gpio.o(.text.HAL_GPIO_Init) for HAL_GPIO_Init
    main.o(.text.MX_USART2_UART_Init) refers to stm32f4xx_hal_uart.o(.text.HAL_UART_Init) for HAL_UART_Init
    main.o(.ARM.exidx.text.MX_USART2_UART_Init) refers to main.o(.text.MX_USART2_UART_Init) for [Anonymous Symbol]
    main.o(.text.spi_rb) refers to main.o(.bss.hspi2) for hspi2
    main.o(.text.spi_rb) refers to stm32f4xx_hal_spi.o(.text.HAL_SPI_Receive) for HAL_SPI_Receive
    main.o(.ARM.exidx.text.spi_rb) refers to main.o(.text.spi_rb) for [Anonymous Symbol]
    main.o(.text.spi_wb) refers to main.o(.bss.hspi2) for hspi2
    main.o(.text.spi_wb) refers to stm32f4xx_hal_spi.o(.text.HAL_SPI_Transmit) for HAL_SPI_Transmit
    main.o(.ARM.exidx.text.spi_wb) refers to main.o(.text.spi_wb) for [Anonymous Symbol]
    main.o(.text.taskLED) refers to stm32f4xx_hal_gpio.o(.text.HAL_GPIO_TogglePin) for HAL_GPIO_TogglePin
    main.o(.text.taskLED) refers to tasks.o(.text.vTaskDelay) for vTaskDelay
    main.o(.ARM.exidx.text.taskLED) refers to main.o(.text.taskLED) for [Anonymous Symbol]
    main.o(.text.LED_Init) refers to stm32f4xx_hal_gpio.o(.text.HAL_GPIO_Init) for HAL_GPIO_Init
    main.o(.ARM.exidx.text.LED_Init) refers to main.o(.text.LED_Init) for [Anonymous Symbol]
    main.o(.text.cs_sel) refers to stm32f4xx_hal_gpio.o(.text.HAL_GPIO_WritePin) for HAL_GPIO_WritePin
    main.o(.ARM.exidx.text.cs_sel) refers to main.o(.text.cs_sel) for [Anonymous Symbol]
    main.o(.text.cs_desel) refers to stm32f4xx_hal_gpio.o(.text.HAL_GPIO_WritePin) for HAL_GPIO_WritePin
    main.o(.ARM.exidx.text.cs_desel) refers to main.o(.text.cs_desel) for [Anonymous Symbol]
    server.o(.text.createTCPServerSocket) refers to main.o(.bss.huart2) for huart2
[...]
    __Vectors_Size                           0x000001c4   Number         0  startup_stm32f446xx.o ABSOLUTE
    __Vectors                                0x08000000   Data           4  startup_stm32f446xx.o(RESET)
    __Vectors_End                            0x080001c4   Data           0  startup_stm32f446xx.o(RESET)
    __main                                   0x080001c5   Thumb Code     8  __main.o(!!!main)
    __scatterload                            0x080001cd   Thumb Code     0  __scatter.o(!!!scatter)
    __scatterload_rt2                        0x080001cd   Thumb Code    44  __scatter.o(!!!scatter)
    __scatterload_rt2_thumb_only             0x080001cd   Thumb Code     0  __scatter.o(!!!scatter)
    __scatterload_null                       0x080001db   Thumb Code     0  __scatter.o(!!!scatter)
    __scatterload_copy                       0x08000201   Thumb Code    26  __scatter_copy.o(!!handler_copy)
    __scatterload_zeroinit                   0x0800021d   Thumb Code    28  __scatter_zi.o(!!handler_zi)
    __rt_lib_init                            0x08000239   Thumb Code     0  libinit.o(.ARM.Collect$$libinit$$00000000)
    __rt_lib_init_fp_1                       0x0800023b   Thumb Code     0  libinit2.o(.ARM.Collect$$libinit$$00000001)
    __rt_lib_init_heap_2                     0x0800023f   Thumb Code     0  libinit2.o(.ARM.Collect$$libinit$$00000005)
    __rt_lib_init_preinit_1                  0x0800023f   Thumb Code     0  libinit2.o(.ARM.Collect$$libinit$$00000004)
    __rt_lib_init_atexit_1                   0x08000247   Thumb Code     0  libinit2.o(.ARM.Collect$$libinit$$0000001B)
    __rt_lib_init_clock_1                    0x08000247   Thumb Code     0  libinit2.o(.ARM.Collect$$libinit$$00000021)
    __rt_lib_init_fp_trap_1                  0x08000247   Thumb Code     0  libinit2.o(.ARM.Collect$$libinit$$0000001F)
    __rt_lib_init_getenv_1                   0x08000247   Thumb Code     0  libinit2.o(.ARM.Collect$$libinit$$00000023)
    __rt_lib_init_heap_1                     0x08000247   Thumb Code     0  libinit2.o(.ARM.Collect$$libinit$$0000000A)
    __rt_lib_init_lc_collate_1               0x08000247   Thumb Code     0  libinit2.o(.ARM.Collect$$libinit$$00000011)
    __rt_lib_init_lc_ctype_1                 0x08000247   Thumb Code     0  libinit2.o(.ARM.Collect$$libinit$$00000013)
    __rt_lib_init_lc_monetary_1              0x08000247   Thumb Code     0  libinit2.o(.ARM.Collect$$libinit$$00000015)
    __rt_lib_init_lc_numeric_1               0x08000247   Thumb Code     0  libinit2.o(.ARM.Collect$$libinit$$00000017)
    __rt_lib_init_lc_time_1                  0x08000247   Thumb Code     0  libinit2.o(.ARM.Collect$$libinit$$00000019)
    __rt_lib_init_rand_1                     0x08000247   Thumb Code     0  libinit2.o(.ARM.Collect$$libinit$$0000000E)
    __rt_lib_init_signal_1                   0x08000247   Thumb Code     0  libinit2.o(.ARM.Collect$$libinit$$0000001D)
    __rt_lib_init_stdio_2                    0x08000247   Thumb Code     0  libinit2.o(.ARM.Collect$$libinit$$00000024)
    __rt_lib_init_user_alloc_1               0x08000247   Thumb Code     0  libinit2.o(.ARM.Collect$$libinit$$0000000C)
    __rt_lib_init_alloca_1                   0x0800024b   Thumb Code     0  libinit2.o(.ARM.Collect$$libinit$$0000002E)
    __rt_lib_init_argv_1                     0x0800024b   Thumb Code     0  libinit2.o(.ARM.Collect$$libinit$$0000002C)
    __rt_lib_init_cpp_1                      0x0800024b   Thumb Code     0  libinit2.o(.ARM.Collect$$libinit$$00000032)
    __rt_lib_init_exceptions_1               0x0800024b   Thumb Code     0  libinit2.o(.ARM.Collect$$libinit$$00000030)
    __rt_lib_init_return                     0x0800024b   Thumb Code     0  libinit2.o(.ARM.Collect$$libinit$$00000033)
    __rt_lib_init_stdio_1                    0x0800024b   Thumb Code     0  libinit2.o(.ARM.Collect$$libinit$$00000025)
    __rt_lib_shutdown                        0x0800024d   Thumb Code     0  libshutdown.o(.ARM.Collect$$libshutdown$$00000000)
    __rt_lib_shutdown_cpp_1                  0x0800024f   Thumb Code     0  libshutdown2.o(.ARM.Collect$$libshutdown$$00000002)
    __rt_lib_shutdown_stdio_2                0x0800024f   Thumb Code     0  libshutdown2.o(.ARM.Collect$$libshutdown$$00000003)
    __rt_lib_shutdown_fp_trap_1              0x08000253   Thumb Code     0  libshutdown2.o(.ARM.Collect$$libshutdown$$00000007)
    __rt_lib_shutdown_heap_2                 0x08000253   Thumb Code     0  libshutdown2.o(.ARM.Collect$$libshutdown$$0000000D)
    __rt_lib_shutdown_signal_1               0x08000253   Thumb Code     0  libshutdown2.o(.ARM.Collect$$libshutdown$$0000000A)
    __rt_lib_shutdown_stdio_1                0x08000253   Thumb Code     0  libshutdown2.o(.ARM.Collect$$libshutdown$$00000004)
    __rt_lib_shutdown_user_alloc_1           0x08000253   Thumb Code     0  libshutdown2.o(.ARM.Collect$$libshutdown$$0000000C)
    __rt_lib_shutdown_heap_1                 0x08000257   Thumb Code     0  libshutdown2.o(.ARM.Collect$$libshutdown$$0000000F)
    __rt_lib_shutdown_return                 0x08000257   Thumb Code     0  libshutdown2.o(.ARM.Collect$$libshutdown$$00000010)
    __rt_entry                               0x08000259   Thumb Code     0  __rtentry.o(.ARM.Collect$$rtentry$$00000000)
    __rt_entry_presh_1                       0x08000259   Thumb Code     0  __rtentry2.o(.ARM.Collect$$rtentry$$00000002)
    __rt_entry_sh                            0x08000259   Thumb Code     0  __rtentry4.o(.ARM.Collect$$rtentry$$00000004)
    __rt_entry_postsh_1                      0x0800025f   Thumb Code     0  __rtentry2.o(.ARM.Collect$$rtentry$$00000008)
    __rt_entry_li                            0x08000267   Thumb Code     0  __rtentry2.o(.ARM.Collect$$rtentry$$0000000A)
    __rt_entry_main                          0x0800026b   Thumb Code     0  __rtentry2.o(.ARM.Collect$$rtentry$$0000000D)
    __rt_entry_postli_1                      0x0800026b   Thumb Code     0  __rtentry2.o(.ARM.Collect$$rtentry$$0000000C)
    __rt_exit                                0x08000273   Thumb Code     0  rtexit.o(.ARM.Collect$$rtexit$$00000000)
    __rt_exit_ls                             0x08000275   Thumb Code     0  rtexit2.o(.ARM.Collect$$rtexit$$00000003)
    __rt_exit_prels_1                        0x08000275   Thumb Code     0  rtexit2.o(.ARM.Collect$$rtexit$$00000002)
    __rt_exit_exit                           0x08000279   Thumb Code     0  rtexit2.o(.ARM.Collect$$rtexit$$00000004)
    Reset_Handler                            0x08000281   Thumb Code     8  startup_stm32f446xx.o(.text)
    NMI_Handler                              0x08000289   Thumb Code     2  startup_stm32f446xx.o(.text)
    HardFault_Handler                        0x0800028b   Thumb Code     2  startup_stm32f446xx.o(.text)
    MemManage_Handler                        0x0800028d   Thumb Code     2  startup_stm32f446xx.o(.text)
    BusFault_Handler                         0x0800028f   Thumb Code     2  startup_stm32f446xx.o(.text)
    UsageFault_Handler                       0x08000291   Thumb Code     2  startup_stm32f446xx.o(.text)
    DebugMon_Handler                         0x08000295   Thumb Code     2  startup_stm32f446xx.o(.text)
    ADC_IRQHandler                           0x0800029b   Thumb Code     0  startup_stm32f446xx.o(.text)
    CAN1_RX0_IRQHandler                      0x0800029b   Thumb Code     0  startup_stm32f446xx.o(.text)
    CAN1_RX1_IRQHandler                      0x0800029b   Thumb Code     0  startup_stm32f446xx.o(.text)
    CAN1_SCE_IRQHandler                      0x0800029b   Thumb Code     0  startup_stm32f446xx.o(.text)
    CAN1_TX_IRQHandler                       0x0800029b   Thumb Code     0  startup_stm32f446xx.o(.text)
    CAN2_RX0_IRQHandler                      0x0800029b   Thumb Code     0  startup_stm32f446xx.o(.text)
    CAN2_RX1_IRQHandler                      0x0800029b   Thumb Code     0  startup_stm32f446xx.o(.text)
    CAN2_SCE_IRQHandler                      0x0800029b   Thumb Code     0  startup_stm32f446xx.o(.text)
    CAN2_TX_IRQHandler                       0x0800029b   Thumb Code     0  startup_stm32f446xx.o(.text)
    CEC_IRQHandler                           0x0800029b   Thumb Code     0  startup_stm32f446xx.o(.text)
    DCMI_IRQHandler                          0x0800029b   Thumb Code     0  startup_stm32f446xx.o(.text)
    DMA1_Stream0_IRQHandler                  0x0800029b   Thumb Code     0  startup_stm32f446xx.o(.text)
    DMA1_Stream1_IRQHandler                  0x0800029b   Thumb Code     0  startup_stm32f446xx.o(.text)
    DMA1_Stream2_IRQHandler                  0x0800029b   Thumb Code     0  startup_stm32f446xx.o(.text)
    DMA1_Stream3_IRQHandler                  0x0800029b   Thumb Code     0  startup_stm32f446xx.o(.text)
    DMA1_Stream4_IRQHandler                  0x0800029b   Thumb Code     0  startup_stm32f446xx.o(.text)
    DMA1_Stream5_IRQHandler                  0x0800029b   Thumb Code     0  startup_stm32f446xx.o(.text)
    DMA1_Stream6_IRQHandler                  0x0800029b   Thumb Code     0  startup_stm32f446xx.o(.text)
    DMA1_Stream7_IRQHandler                  0x0800029b   Thumb Code     0  startup_stm32f446xx.o(.text)
    DMA2_Stream0_IRQHandler                  0x0800029b   Thumb Code     0  startup_stm32f446xx.o(.text)
    DMA2_Stream1_IRQHandler                  0x0800029b   Thumb Code     0  startup_stm32f446xx.o(.text)
    DMA2_Stream2_IRQHandler                  0x0800029b   Thumb Code     0  startup_stm32f446xx.o(.text)
    DMA2_Stream3_IRQHandler                  0x0800029b   Thumb Code     0  startup_stm32f446xx.o(.text)
    DMA2_Stream4_IRQHandler                  0x0800029b   Thumb Code     0  startup_stm32f446xx.o(.text)
    DMA2_Stream5_IRQHandler                  0x0800029b   Thumb Code     0  startup_stm32f446xx.o(.text)
    DMA2_Stream6_IRQHandler                  0x0800029b   Thumb Code     0  startup_stm32f446xx.o(.text)
    DMA2_Stream7_IRQHandler                  0x0800029b   Thumb Code     0  startup_stm32f446xx.o(.text)
    EXTI0_IRQHandler                         0x0800029b   Thumb Code     0  startup_stm32f446xx.o(.text)
    EXTI15_10_IRQHandler                     0x0800029b   Thumb Code     0  startup_stm32f446xx.o(.text)
    EXTI1_IRQHandler                         0x0800029b   Thumb Code     0  startup_stm32f446xx.o(.text)
    EXTI2_IRQHandler                         0x0800029b   Thumb Code     0  startup_stm32f446xx.o(.text)
    EXTI3_IRQHandler                         0x0800029b   Thumb Code     0  startup_stm32f446xx.o(.text)
    EXTI4_IRQHandler                         0x0800029b   Thumb Code     0  startup_stm32f446xx.o(.text)
    EXTI9_5_IRQHandler                       0x0800029b   Thumb Code     0  startup_stm32f446xx.o(.text)
    FLASH_IRQHandler                         0x0800029b   Thumb Code     0  startup_stm32f446xx.o(.text)
    FMC_IRQHandler                           0x0800029b   Thumb Code     0  startup_stm32f446xx.o(.text)
    FMPI2C1_ER_IRQHandler                    0x0800029b   Thumb Code     0  startup_stm32f446xx.o(.text)
    FMPI2C1_EV_IRQHandler                    0x0800029b   Thumb Code     0  startup_stm32f446xx.o(.text)
    FPU_IRQHandler                           0x0800029b   Thumb Code     0  startup_stm32f446xx.o(.text)
    I2C1_ER_IRQHandler                       0x0800029b   Thumb Code     0  startup_stm32f446xx.o(.text)
    I2C1_EV_IRQHandler                       0x0800029b   Thumb Code     0  startup_stm32f446xx.o(.text)
    I2C2_ER_IRQHandler                       0x0800029b   Thumb Code     0  startup_stm32f446xx.o(.text)
    I2C2_EV_IRQHandler                       0x0800029b   Thumb Code     0  startup_stm32f446xx.o(.text)
    I2C3_ER_IRQHandler                       0x0800029b   Thumb Code     0  startup_stm32f446xx.o(.text)
    I2C3_EV_IRQHandler                       0x0800029b   Thumb Code     0  startup_stm32f446xx.o(.text)
    OTG_FS_IRQHandler                        0x0800029b   Thumb Code     0  startup_stm32f446xx.o(.text)
    OTG_FS_WKUP_IRQHandler                   0x0800029b   Thumb Code     0  startup_stm32f446xx.o(.text)
    OTG_HS_EP1_IN_IRQHandler                 0x0800029b   Thumb Code     0  startup_stm32f446xx.o(.text)
    OTG_HS_EP1_OUT_IRQHandler                0x0800029b   Thumb Code     0  startup_stm32f446xx.o(.text)
    OTG_HS_IRQHandler                        0x0800029b   Thumb Code     0  startup_stm32f446xx.o(.text)
    OTG_HS_WKUP_IRQHandler                   0x0800029b   Thumb Code     0  startup_stm32f446xx.o(.text)
    PVD_IRQHandler                           0x0800029b   Thumb Code     0  startup_stm32f446xx.o(.text)
    QUADSPI_IRQHandler                       0x0800029b   Thumb Code     0  startup_stm32f446xx.o(.text)
    RCC_IRQHandler                           0x0800029b   Thumb Code     0  startup_stm32f446xx.o(.text)
    RTC_Alarm_IRQHandler                     0x0800029b   Thumb Code     0  startup_stm32f446xx.o(.text)
    RTC_WKUP_IRQHandler                      0x0800029b   Thumb Code     0  startup_stm32f446xx.o(.text)
    SAI1_IRQHandler                          0x0800029b   Thumb Code     0  startup_stm32f446xx.o(.text)
    SAI2_IRQHandler                          0x0800029b   Thumb Code     0  startup_stm32f446xx.o(.text)
    SDIO_IRQHandler                          0x0800029b   Thumb Code     0  startup_stm32f446xx.o(.text)
    SPDIF_RX_IRQHandler                      0x0800029b   Thumb Code     0  startup_stm32f446xx.o(.text)
    SPI1_IRQHandler                          0x0800029b   Thumb Code     0  startup_stm32f446xx.o(.text)
    SPI2_IRQHandler                          0x0800029b   Thumb Code     0  startup_stm32f446xx.o(.text)
    SPI3_IRQHandler                          0x0800029b   Thumb Code     0  startup_stm32f446xx.o(.text)
    SPI4_IRQHandler                          0x0800029b   Thumb Code     0  startup_stm32f446xx.o(.text)
    TAMP_STAMP_IRQHandler                    0x0800029b   Thumb Code     0  startup_stm32f446xx.o(.text)
    TIM1_BRK_TIM9_IRQHandler                 0x0800029b   Thumb Code     0  startup_stm32f446xx.o(.text)
    TIM1_CC_IRQHandler                       0x0800029b   Thumb Code     0  startup_stm32f446xx.o(.text)
    TIM1_TRG_COM_TIM11_IRQHandler            0x0800029b   Thumb Code     0  startup_stm32f446xx.o(.text)
    TIM1_UP_TIM10_IRQHandler                 0x0800029b   Thumb Code     0  startup_stm32f446xx.o(.text)
    TIM2_IRQHandler                          0x0800029b   Thumb Code     0  startup_stm32f446xx.o(.text)
    TIM3_IRQHandler                          0x0800029b   Thumb Code     0  startup_stm32f446xx.o(.text)
    TIM4_IRQHandler                          0x0800029b   Thumb Code     0  startup_stm32f446xx.o(.text)
    TIM5_IRQHandler                          0x0800029b   Thumb Code     0  startup_stm32f446xx.o(.text)
    TIM6_DAC_IRQHandler                      0x0800029b   Thumb Code     0  startup_stm32f446xx.o(.text)
    TIM7_IRQHandler                          0x0800029b   Thumb Code     0  startup_stm32f446xx.o(.text)
    TIM8_BRK_TIM12_IRQHandler                0x0800029b   Thumb Code     0  startup_stm32f446xx.o(.text)
    TIM8_CC_IRQHandler                       0x0800029b   Thumb Code     0  startup_stm32f446xx.o(.text)
    TIM8_TRG_COM_TIM14_IRQHandler            0x0800029b   Thumb Code     0  startup_stm32f446xx.o(.text)
    TIM8_UP_TIM13_IRQHandler                 0x0800029b   Thumb Code     0  startup_stm32f446xx.o(.text)
    UART4_IRQHandler                         0x0800029b   Thumb Code     0  startup_stm32f446xx.o(.text)
    UART5_IRQHandler                         0x0800029b   Thumb Code     0  startup_stm32f446xx.o(.text)
    USART1_IRQHandler                        0x0800029b   Thumb Code     0  startup_stm32f446xx.o(.text)
    USART2_IRQHandler                        0x0800029b   Thumb Code     0  startup_stm32f446xx.o(.text)
    USART3_IRQHandler                        0x0800029b   Thumb Code     0  startup_stm32f446xx.o(.text)
    USART6_IRQHandler                        0x0800029b   Thumb Code     0  startup_stm32f446xx.o(.text)
    WWDG_IRQHandler                          0x0800029b   Thumb Code     0  startup_stm32f446xx.o(.text)
    __user_initial_stackheap                 0x0800029d   Thumb Code     0  startup_stm32f446xx.o(.text)
    __aeabi_uldivmod                         0x080002c1   Thumb Code     0  lludivv7m.o(.text)
    _ll_udiv                                 0x080002c1   Thumb Code   240  lludivv7m.o(.text)
    puts                                     0x080003b1   Thumb Code    40  puts.o(.text)
    __aeabi_memcpy                           0x080003dd   Thumb Code     0  rt_memcpy_v6.o(.text)
    __rt_memcpy                              0x080003dd   Thumb Code   138  rt_memcpy_v6.o(.text)
    _memcpy_lastbytes                        0x08000443   Thumb Code     0  rt_memcpy_v6.o(.text)
    __aeabi_memcpy4                          0x08000467   Thumb Code     0  rt_memcpy_w.o(.text)
    __aeabi_memcpy8                          0x08000467   Thumb Code     0  rt_memcpy_w.o(.text)
    __rt_memcpy_w                            0x08000467   Thumb Code   100  rt_memcpy_w.o(.text)
    _memcpy_lastbytes_aligned                0x080004af   Thumb Code     0  rt_memcpy_w.o(.text)
    __aeabi_memset4                          0x080004cb   Thumb Code    16  aeabi_memset4.o(.text)
    __aeabi_memset8                          0x080004cb   Thumb Code     0  aeabi_memset4.o(.text)
    __aeabi_memclr                           0x080004db   Thumb Code     0  rt_memclr.o(.text)
    __rt_memclr                              0x080004db   Thumb Code    68  rt_memclr.o(.text)
    _memset                                  0x080004df   Thumb Code     0  rt_memclr.o(.text)
    __use_two_region_memory                  0x0800051f   Thumb Code     2  heapauxi.o(.text)
    __rt_heap_escrow                         0x08000521   Thumb Code     2  heapauxi.o(.text)
    __rt_heap_expand                         0x08000523   Thumb Code     2  heapauxi.o(.text)
    __aeabi_memclr4                          0x08000525   Thumb Code     0  rt_memclr_w.o(.text)
    __aeabi_memclr8                          0x08000525   Thumb Code     0  rt_memclr_w.o(.text)
    __rt_memclr_w                            0x08000525   Thumb Code    78  rt_memclr_w.o(.text)
    _memset_w                                0x08000529   Thumb Code     0  rt_memclr_w.o(.text)
    _initio                                  0x08000575   Thumb Code   240  initio_locked.o(.text)
    _terminateio                             0x08000665   Thumb Code   168  initio_locked.o(.text)
    __user_setup_stackheap                   0x0800073d   Thumb Code    74  sys_stackheap_outer.o(.text)
    free_internal$concurrent                 0x08000787   Thumb Code    98  h1_free_threads.o(.text)
    free                                     0x080007e9   Thumb Code    20  h1_free_threads.o(.text)
    _fclose_internal                         0x080007fd   Thumb Code    76  fclose.o(.text)
    fclose                                   0x080007fd   Thumb Code     0  fclose.o(.text)
    setvbuf                                  0x08000849   Thumb Code   104  setvbuf_locked.o(.text)
    freopen                                  0x08000965   Thumb Code    42  fopen_locked.o(.text)
    _fopen$locked                            0x0800098f   Thumb Code   100  fopen_locked.o(.text)
    exit                                     0x080009fd   Thumb Code    18  exit.o(.text)
    __rt_SIGRTRED                            0x08000a0f   Thumb Code    14  defsig_rtred_outer.o(.text)
    _sys_open                                0x08000a1d   Thumb Code    20  sys_io.o(.text)
    _sys_close                               0x08000a31   Thumb Code    12  sys_io.o(.text)
    _sys_write                               0x08000a3d   Thumb Code    16  sys_io.o(.text)
    _sys_read                                0x08000a4d   Thumb Code    14  sys_io.o(.text)
    _sys_istty                               0x08000a5b   Thumb Code    12  sys_io.o(.text)
    _sys_seek                                0x08000a67   Thumb Code    14  sys_io.o(.text)
    _sys_ensure                              0x08000a75   Thumb Code     2  sys_io.o(.text)
    _sys_flen                                0x08000a77   Thumb Code    12  sys_io.o(.text)
    __user_libspace                          0x08000a85   Thumb Code     8  libspace.o(.text)
    __user_perproc_libspace                  0x08000a85   Thumb Code     0  libspace.o(.text)
    __rt_heap_descriptor                     0x08000a8d   Thumb Code    10  rt_heap_descriptor_twolibspace.o(.text)
    __use_no_heap                            0x08000a97   Thumb Code     2  hguard.o(.text)
    __heap$guard                             0x08000a99   Thumb Code     2  hguard.o(.text)
    _terminate_user_alloc                    0x08000a9b   Thumb Code     2  init_alloc.o(.text)
    _init_user_alloc                         0x08000a9d   Thumb Code     2  init_alloc.o(.text)
    __Heap_Full                              0x08000a9f   Thumb Code    34  init_alloc.o(.text)
    __Heap_Broken                            0x08000ac1   Thumb Code     6  init_alloc.o(.text)
    _init_alloc                              0x08000ac7   Thumb Code    94  init_alloc.o(.text)
    malloc_internal$concurrent               0x08000b35   Thumb Code   130  h1_alloc_threads.o(.text)
    malloc                                   0x08000bb7   Thumb Code    20  h1_alloc_threads.o(.text)
    _fseek                                   0x08000bcd   Thumb Code   242  fseek.o(.text)
    fseek                                    0x08000bcd   Thumb Code     0  fseek.o(.text)
    _seterr                                  0x08000cc5   Thumb Code    20  stdio.o(.text)
    _writebuf                                0x08000cd9   Thumb Code    84  stdio.o(.text)
    _fflush                                  0x08000d2d   Thumb Code    70  stdio.o(.text)
    _deferredlazyseek                        0x08000d73   Thumb Code    60  stdio.o(.text)
    __sig_exit                               0x08000db5   Thumb Code    10  defsig_exit.o(.text)
    __rt_SIGRTRED_inner                      0x08000dc1   Thumb Code    14  defsig_rtred_inner.o(.text)
    _sys_exit                                0x08000df5   Thumb Code     8  sys_exit.o(.text)
    __I$use$semihosting                      0x08000e01   Thumb Code     0  use_no_semi.o(.text)
    __use_no_semihosting_swi                 0x08000e01   Thumb Code     2  use_no_semi.o(.text)
    __Heap_Initialize                        0x08000e03   Thumb Code    14  h1_init_threads.o(.text)
    __semihosting_library_function           0x08000e03   Thumb Code     0  indicate_semi.o(.text)
    _maybe_terminate_alloc                   0x08000e03   Thumb Code     0  maybetermalloc2.o(.text)
    __Heap_DescSize                          0x08000e11   Thumb Code     4  h1_init_threads.o(.text)
    __Heap_ProvideMemory                     0x08000e23   Thumb Code    68  h1_extend_threads.o(.text)
    _ftell_internal                          0x08000e67   Thumb Code    66  ftell.o(.text)
    ftell                                    0x08000e67   Thumb Code     0  ftell.o(.text)
    __default_signal_display                 0x08000ea9   Thumb Code    50  defsig_general.o(.text)
    __rt_SIGRTMEM                            0x08000edb   Thumb Code    14  defsig_rtmem_outer.o(.text)
    strlen                                   0x08000ee9   Thumb Code    62  strlen.o(.text)
    _ttywrch                                 0x08000f27   Thumb Code    14  sys_wrch.o(.text)
    __aeabi_errno_addr                       0x08000f35   Thumb Code     4  rt_errno_addr_twolibspace.o(.text)
    __errno$twolibspace                      0x08000f35   Thumb Code     0  rt_errno_addr_twolibspace.o(.text)
    __rt_errno_addr$twolibspace              0x08000f35   Thumb Code     0  rt_errno_addr_twolibspace.o(.text)
    _terminate_alloc                         0x08000f39   Thumb Code    16  term_alloc.o(.text)
    __rt_SIGRTMEM_inner                      0x08000f49   Thumb Code    22  defsig_rtmem_inner.o(.text)
    __Heap_Finalize                          0x08000f99   Thumb Code    10  h1_final_threads.o(.text)
    HAL_GPIO_Init                            0x08000fa5   Thumb Code   404  stm32f4xx_hal_gpio.o(.text.HAL_GPIO_Init)
    HAL_GPIO_TogglePin                       0x08001139   Thumb Code    14  stm32f4xx_hal_gpio.o(.text.HAL_GPIO_TogglePin)
    HAL_GPIO_WritePin                        0x08001149   Thumb Code    10  stm32f4xx_hal_gpio.o(.text.HAL_GPIO_WritePin)
    HAL_GetTick                              0x08001155   Thumb Code    12  stm32f4xx_hal.o(.text.HAL_GetTick)
    HAL_Init                                 0x08001161   Thumb Code    46  stm32f4xx_hal.o(.text.HAL_Init)
    HAL_InitTick                             0x08001191   Thumb Code    80  stm32f4xx_hal.o(.text.HAL_InitTick)
    HAL_MspInit                              0x080011e1   Thumb Code     2  stm32f4xx_hal.o(.text.HAL_MspInit)
    HAL_NVIC_SetPriority                     0x080011e5   Thumb Code    30  stm32f4xx_hal_cortex.o(.text.HAL_NVIC_SetPriority)
    HAL_NVIC_SetPriorityGrouping             0x08001205   Thumb Code     8  stm32f4xx_hal_cortex.o(.text.HAL_NVIC_SetPriorityGrouping)
    HAL_RCC_ClockConfig                      0x0800120d   Thumb Code   340  stm32f4xx_hal_rcc.o(.text.HAL_RCC_ClockConfig)
    HAL_RCC_GetHCLKFreq                      0x08001361   Thumb Code    12  stm32f4xx_hal_rcc.o(.text.HAL_RCC_GetHCLKFreq)
    HAL_RCC_GetPCLK1Freq                     0x0800136d   Thumb Code    34  stm32f4xx_hal_rcc.o(.text.HAL_RCC_GetPCLK1Freq)
    HAL_RCC_GetPCLK2Freq                     0x08001391   Thumb Code    34  stm32f4xx_hal_rcc.o(.text.HAL_RCC_GetPCLK2Freq)
    HAL_RCC_GetSysClockFreq                  0x080013b5   Thumb Code   160  stm32f4xx_hal_rcc_ex.o(.text.HAL_RCC_GetSysClockFreq)
    HAL_RCC_OscConfig                        0x08001455   Thumb Code   806  stm32f4xx_hal_rcc_ex.o(.text.HAL_RCC_OscConfig)
    HAL_SPI_Init                             0x0800177d   Thumb Code   136  stm32f4xx_hal_spi.o(.text.HAL_SPI_Init)
    HAL_SPI_MspInit                          0x08001805   Thumb Code     2  stm32f4xx_hal_spi.o(.text.HAL_SPI_MspInit)
    HAL_SPI_Receive                          0x08001809   Thumb Code   482  stm32f4xx_hal_spi.o(.text.HAL_SPI_Receive)
    HAL_SPI_Transmit                         0x080019ed   Thumb Code   414  stm32f4xx_hal_spi.o(.text.HAL_SPI_Transmit)
    HAL_SPI_TransmitReceive                  0x08001b8d   Thumb Code   630  stm32f4xx_hal_spi.o(.text.HAL_SPI_TransmitReceive)
    HAL_SYSTICK_Config                       0x08001e05   Thumb Code     8  stm32f4xx_hal_cortex.o(.text.HAL_SYSTICK_Config)
    HAL_UART_Init                            0x08001e0d   Thumb Code    94  stm32f4xx_hal_uart.o(.text.HAL_UART_Init)
    HAL_UART_MspInit                         0x08001e6d   Thumb Code     2  stm32f4xx_hal_uart.o(.text.HAL_UART_MspInit)
    HAL_UART_Transmit                        0x08001e71   Thumb Code   190  stm32f4xx_hal_uart.o(.text.HAL_UART_Transmit)
    PendSV_Handler                           0x08002101   Thumb Code   100  port.o(.text.PendSV_Handler)
    SVC_Handler                              0x08002311   Thumb Code    36  port.o(.text.SVC_Handler)
    SysTick_Handler                          0x08002365   Thumb Code    26  cmsis_os2.o(.text.SysTick_Handler)
    SystemInit                               0x08002401   Thumb Code    86  system_stm32f4xx.o(.text.SystemInit)
    WIZCHIP_READ                             0x08002729   Thumb Code    58  w5100.o(.text.WIZCHIP_READ)
    WIZCHIP_READ_BUF                         0x08002765   Thumb Code    88  w5100.o(.text.WIZCHIP_READ_BUF)
    WIZCHIP_WRITE                            0x080027bd   Thumb Code    58  w5100.o(.text.WIZCHIP_WRITE)
    WIZCHIP_WRITE_BUF                        0x080027f9   Thumb Code   102  w5100.o(.text.WIZCHIP_WRITE_BUF)
    __user_perthread_libspace                0x080028b5   Thumb Code    68  clib_arm.o(.text.__user_perthread_libspace)
    _mutex_acquire                           0x080028f9   Thumb Code    26  clib_arm.o(.text._mutex_acquire)
    _mutex_free                              0x08002915   Thumb Code    50  clib_arm.o(.text._mutex_free)
    _mutex_initialize                        0x08002949   Thumb Code    88  clib_arm.o(.text._mutex_initialize)
    _mutex_release                           0x080029a1   Thumb Code    28  clib_arm.o(.text._mutex_release)
    _platform_post_stackheap_init            0x080029bd   Thumb Code     2  clib_arm.o(.text._platform_post_stackheap_init)
    close                                    0x08002a6d   Thumb Code   136  socket.o(.text.close)
    createTCPServerSocket                    0x08002b7d   Thumb Code   156  server.o(.text.createTCPServerSocket)
    disconnect                               0x08002c49   Thumb Code   148  socket.o(.text.disconnect)
    fputc                                    0x08002cdd   Thumb Code    32  retarget.o(.text.fputc)
    getSn_RX_RSR                             0x08002cfd   Thumb Code    76  w5100.o(.text.getSn_RX_RSR)
    getSn_RxBASE                             0x08002d49   Thumb Code    82  w5100.o(.text.getSn_RxBASE)
    getSn_TX_FSR                             0x08002d9d   Thumb Code    76  w5100.o(.text.getSn_TX_FSR)
    getSn_TxBASE                             0x08002de9   Thumb Code    82  w5100.o(.text.getSn_TxBASE)
    getsockopt                               0x08002e51   Thumb Code   244  socket.o(.text.getsockopt)
    listen                                   0x08002f79   Thumb Code   114  socket.o(.text.listen)
    main                                     0x0800309d   Thumb Code   388  main.o(.text.main)
    pvPortMalloc                             0x08003b7d   Thumb Code   252  heap_4.o(.text.pvPortMalloc)
    pvTaskIncrementMutexHeldCount            0x08003c79   Thumb Code    24  tasks.o(.text.pvTaskIncrementMutexHeldCount)
    pxPortInitialiseStack                    0x08003c91   Thumb Code    40  port.o(.text.pxPortInitialiseStack)
    recv                                     0x08003d41   Thumb Code   294  socket.o(.text.recv)
    reg_wizchip_cs_cbfunc                    0x08003e69   Thumb Code    56  wizchip_conf.o(.text.reg_wizchip_cs_cbfunc)
    reg_wizchip_spi_cbfunc                   0x08003ea1   Thumb Code    66  wizchip_conf.o(.text.reg_wizchip_spi_cbfunc)
    send                                     0x08003ee5   Thumb Code   322  socket.o(.text.send)
    setsockopt                               0x08004029   Thumb Code   122  socket.o(.text.setsockopt)
    socket                                   0x080040a5   Thumb Code   294  socket.o(.text.socket)
    taskLED                                  0x08004215   Thumb Code    26  main.o(.text.taskLED)
    uxListRemove                             0x08004231   Thumb Code    40  list.o(.text.uxListRemove)
    vApplicationGetIdleTaskMemory            0x08004259   Thumb Code    26  cmsis_os2.o(.text.vApplicationGetIdleTaskMemory)
    vApplicationGetTimerTaskMemory           0x08004275   Thumb Code    26  cmsis_os2.o(.text.vApplicationGetTimerTaskMemory)
    vApplicationStackOverflowHook            0x08004291   Thumb Code     2  cmsis_os2.o(.text.vApplicationStackOverflowHook)
    vListInitialise                          0x08004295   Thumb Code    22  list.o(.text.vListInitialise)
    vListInitialiseItem                      0x080042ad   Thumb Code     6  list.o(.text.vListInitialiseItem)
    vListInsert                              0x080042b5   Thumb Code    58  list.o(.text.vListInsert)
    vListInsertEnd                           0x080042f1   Thumb Code    28  list.o(.text.vListInsertEnd)
    vPortEnterCritical                       0x08004321   Thumb Code    32  port.o(.text.vPortEnterCritical)
    vPortExitCritical                        0x08004341   Thumb Code    26  port.o(.text.vPortExitCritical)
    vPortFree                                0x0800435d   Thumb Code   100  heap_4.o(.text.vPortFree)
    vPortSetupTimerInterrupt                 0x080043c1   Thumb Code    52  port.o(.text.vPortSetupTimerInterrupt)
    vQueueDelete                             0x080043f5   Thumb Code    16  queue.o(.text.vQueueDelete)
    vQueueWaitForMessageRestricted           0x08004405   Thumb Code    68  queue.o(.text.vQueueWaitForMessageRestricted)
    vTaskDelay                               0x08004449   Thumb Code    52  tasks.o(.text.vTaskDelay)
    vTaskDelete                              0x0800447d   Thumb Code   164  tasks.o(.text.vTaskDelete)
    vTaskInternalSetTimeOutState             0x08004521   Thumb Code    26  tasks.o(.text.vTaskInternalSetTimeOutState)
    vTaskMissedYield                         0x0800453d   Thumb Code    14  tasks.o(.text.vTaskMissedYield)
    vTaskPlaceOnEventList                    0x0800454d   Thumb Code    30  tasks.o(.text.vTaskPlaceOnEventList)
    vTaskPlaceOnEventListRestricted          0x0800456d   Thumb Code    40  tasks.o(.text.vTaskPlaceOnEventListRestricted)
    vTaskPriorityDisinheritAfterTimeout      0x08004595   Thumb Code   108  tasks.o(.text.vTaskPriorityDisinheritAfterTimeout)
    vTaskStartScheduler                      0x08004601   Thumb Code   144  tasks.o(.text.vTaskStartScheduler)
    vTaskSuspendAll                          0x08004691   Thumb Code    16  tasks.o(.text.vTaskSuspendAll)
    vTaskSwitchContext                       0x080046a1   Thumb Code   170  tasks.o(.text.vTaskSwitchContext)
    wiz_recv_data                            0x0800474d   Thumb Code   226  w5100.o(.text.wiz_recv_data)
    wiz_send_data                            0x08004831   Thumb Code   226  w5100.o(.text.wiz_send_data)
    wizchip_bus_readdata                     0x08004915   Thumb Code     4  wizchip_conf.o(.text.wizchip_bus_readdata)
    wizchip_bus_writedata                    0x08004919   Thumb Code     4  wizchip_conf.o(.text.wizchip_bus_writedata)
    wizchip_cris_enter                       0x0800491d   Thumb Code     2  wizchip_conf.o(.text.wizchip_cris_enter)
    wizchip_cris_exit                        0x08004921   Thumb Code     2  wizchip_conf.o(.text.wizchip_cris_exit)
    wizchip_cs_deselect                      0x08004925   Thumb Code     2  wizchip_conf.o(.text.wizchip_cs_deselect)
    wizchip_cs_select                        0x08004929   Thumb Code     2  wizchip_conf.o(.text.wizchip_cs_select)
    wizchip_getnetinfo                       0x0800492d   Thumb Code   110  wizchip_conf.o(.text.wizchip_getnetinfo)
    wizchip_init                             0x0800499d   Thumb Code   234  wizchip_conf.o(.text.wizchip_init)
    wizchip_setnetinfo                       0x08004a89   Thumb Code   112  wizchip_conf.o(.text.wizchip_setnetinfo)
    wizchip_spi_readbyte                     0x08004af9   Thumb Code     4  wizchip_conf.o(.text.wizchip_spi_readbyte)
    wizchip_spi_writebyte                    0x08004afd   Thumb Code     2  wizchip_conf.o(.text.wizchip_spi_writebyte)
    wizchip_sw_reset                         0x08004b01   Thumb Code   112  wizchip_conf.o(.text.wizchip_sw_reset)
    xPortStartScheduler                      0x08004b71   Thumb Code    74  port.o(.text.xPortStartScheduler)
    xPortSysTickHandler                      0x08004bbd   Thumb Code    46  port.o(.text.xPortSysTickHandler)
    xQueueCreateMutex                        0x08004bed   Thumb Code    22  queue.o(.text.xQueueCreateMutex)
    xQueueCreateMutexStatic                  0x08004c05   Thumb Code    34  queue.o(.text.xQueueCreateMutexStatic)
    xQueueGenericCreate                      0x08004c29   Thumb Code    50  queue.o(.text.xQueueGenericCreate)
    xQueueGenericCreateStatic                0x08004c5d   Thumb Code    28  queue.o(.text.xQueueGenericCreateStatic)
    xQueueGenericReset                       0x08004c79   Thumb Code   106  queue.o(.text.xQueueGenericReset)
    xQueueGenericSend                        0x08004ce5   Thumb Code   310  queue.o(.text.xQueueGenericSend)
    xQueueGenericSendFromISR                 0x08004e1d   Thumb Code   112  queue.o(.text.xQueueGenericSendFromISR)
    xQueueReceive                            0x08004e8d   Thumb Code   296  queue.o(.text.xQueueReceive)
    xQueueSemaphoreTake                      0x08004fb5   Thumb Code   354  queue.o(.text.xQueueSemaphoreTake)
    xTaskCheckForTimeOut                     0x08005119   Thumb Code    92  tasks.o(.text.xTaskCheckForTimeOut)
    xTaskCreate                              0x08005175   Thumb Code   102  tasks.o(.text.xTaskCreate)
    xTaskCreateStatic                        0x080051dd   Thumb Code    62  tasks.o(.text.xTaskCreateStatic)
    xTaskGetCurrentTaskHandle                0x0800521d   Thumb Code    12  tasks.o(.text.xTaskGetCurrentTaskHandle)
    xTaskGetSchedulerState                   0x08005229   Thumb Code    38  tasks.o(.text.xTaskGetSchedulerState)
    xTaskGetTickCount                        0x08005251   Thumb Code    12  tasks.o(.text.xTaskGetTickCount)
    xTaskIncrementTick                       0x0800525d   Thumb Code   314  tasks.o(.text.xTaskIncrementTick)
    xTaskPriorityDisinherit                  0x08005399   Thumb Code    92  tasks.o(.text.xTaskPriorityDisinherit)
    xTaskPriorityInherit                     0x080053f5   Thumb Code   146  tasks.o(.text.xTaskPriorityInherit)
    xTaskRemoveFromEventList                 0x08005489   Thumb Code   122  tasks.o(.text.xTaskRemoveFromEventList)
    xTaskResumeAll                           0x08005505   Thumb Code   252  tasks.o(.text.xTaskResumeAll)
    xTimerCreateTimerTask                    0x08005601   Thumb Code   104  timers.o(.text.xTimerCreateTimerTask)
    xTimerGenericCommand                     0x08005669   Thumb Code    86  timers.o(.text.xTimerGenericCommand)
    _fp_init                                 0x080056bf   Thumb Code    26  fpinit.o(x$fpl$fpinit)
    __fplib_config_fpu_vfp                   0x080056d7   Thumb Code     0  fpinit.o(x$fpl$fpinit)
    __fplib_config_pureend_doubles           0x080056d7   Thumb Code     0  fpinit.o(x$fpl$fpinit)
    __stdin_name                             0x080056d8   Data           4  sys_io_names.o(.constdata)
    __stdout_name                            0x080056dc   Data           4  sys_io_names.o(.constdata)
    __stderr_name                            0x080056e0   Data           4  sys_io_names.o(.constdata)
    AHBPrescTable                            0x08005703   Data          16  system_stm32f4xx.o(.rodata.AHBPrescTable)
    APBPrescTable                            0x08005713   Data           8  system_stm32f4xx.o(.rodata.APBPrescTable)
    Region$$Table$$Base                      0x0800574c   Number         0  anon$$obj.o(Region$$Table)
    Region$$Table$$Limit                     0x0800576c   Number         0  anon$$obj.o(Region$$Table)
    __aeabi_stdin                            0x20000000   Data           4  stdio_streams.o(.data)
    __aeabi_stdout                           0x20000004   Data           4  stdio_streams.o(.data)
    __aeabi_stderr                           0x20000008   Data           4  stdio_streams.o(.data)
    _stream_list_lock                        0x2000000c   Data           4  streamlock.o(.data)
    SystemCoreClock                          0x20000010   Data           4  system_stm32f4xx.o(.data.SystemCoreClock)
    WIZCHIP                                  0x20000014   Data          44  wizchip_conf.o(.data.WIZCHIP)
    uwTickFreq                               0x20000042   Data           1  stm32f4xx_hal.o(.data.uwTickFreq)
    uwTickPrio                               0x20000044   Data           4  stm32f4xx_hal.o(.data.uwTickPrio)
    __stdin                                  0x20000050   Data          84  stdio_streams.o(.bss)
    __stdout                                 0x200000a4   Data          84  stdio_streams.o(.bss)
    __stderr                                 0x200000f8   Data          84  stdio_streams.o(.bss)
    __libspace_start                         0x2000014c   Data          96  libspace.o(.bss)
    __temporary_stack_top$libspace           0x200001ac   Data           0  libspace.o(.bss)
    hspi2                                    0x20000358   Data          88  main.o(.bss.hspi2)
    huart2                                   0x200003b0   Data          64  main.o(.bss.huart2)
    pxCurrentTCB                             0x200006c8   Data           4  tasks.o(.bss.pxCurrentTCB)
    sock_pack_info                           0x20000b44   Data           4  socket.o(.bss.sock_pack_info)
    uwTick                                   0x20002b50   Data           4  stm32f4xx_hal.o(.bss.uwTick)



==============================================================================

Memory Map of the image

  Image Entry point : 0x08000281

  Load Region LR_1 (Base: 0x08000000, Size: 0x000057b8, Max: 0xffffffff, ABSOLUTE)

    Execution Region ER_RO (Exec base: 0x08000000, Load base: 0x08000000, Size: 0x0000576c, Max: 0xffffffff, ABSOLUTE)

    Exec Addr    Load Addr    Size         Type   Attr      Idx    E Section Name        Object

    0x08000000   0x08000000   0x000001c4   Data   RO         1555    RESET               startup_stm32f446xx.o
    0x080001c4   0x080001c4   0x00000008   Code   RO         2051  * !!!main             c_w.l(__main.o)
    0x080001cc   0x080001cc   0x00000034   Code   RO         2384    !!!scatter          c_w.l(__scatter.o)
    0x08000200   0x08000200   0x0000001a   Code   RO         2386    !!handler_copy      c_w.l(__scatter_copy.o)
    0x0800021a   0x0800021a   0x00000002   PAD
    0x0800021c   0x0800021c   0x0000001c   Code   RO         2388    !!handler_zi        c_w.l(__scatter_zi.o)
    0x08000238   0x08000238   0x00000002   Code   RO         2181    .ARM.Collect$$libinit$$00000000  c_w.l(libinit.o)
    0x0800023a   0x0800023a   0x00000004   Code   RO         2182    .ARM.Collect$$libinit$$00000001  c_w.l(libinit2.o)
    0x0800023e   0x0800023e   0x00000000   Code   RO         2185    .ARM.Collect$$libinit$$00000004  c_w.l(libinit2.o)
    0x0800023e   0x0800023e   0x00000008   Code   RO         2186    .ARM.Collect$$libinit$$00000005  c_w.l(libinit2.o)
    0x08000246   0x08000246   0x00000000   Code   RO         2188    .ARM.Collect$$libinit$$0000000A  c_w.l(libinit2.o)
    0x08000246   0x08000246   0x00000000   Code   RO         2190    .ARM.Collect$$libinit$$0000000C  c_w.l(libinit2.o)
    0x08000246   0x08000246   0x00000000   Code   RO         2192    .ARM.Collect$$libinit$$0000000E  c_w.l(libinit2.o)
    0x08000246   0x08000246   0x00000000   Code   RO         2195    .ARM.Collect$$libinit$$00000011  c_w.l(libinit2.o)
    0x08000246   0x08000246   0x00000000   Code   RO         2197    .ARM.Collect$$libinit$$00000013  c_w.l(libinit2.o)
    0x08000246   0x08000246   0x00000000   Code   RO         2199    .ARM.Collect$$libinit$$00000015  c_w.l(libinit2.o)
    0x08000246   0x08000246   0x00000000   Code   RO         2201    .ARM.Collect$$libinit$$00000017  c_w.l(libinit2.o)
    0x08000246   0x08000246   0x00000000   Code   RO         2203    .ARM.Collect$$libinit$$00000019  c_w.l(libinit2.o)
    0x08000246   0x08000246   0x00000000   Code   RO         2205    .ARM.Collect$$libinit$$0000001B  c_w.l(libinit2.o)
    0x08000246   0x08000246   0x00000000   Code   RO         2207    .ARM.Collect$$libinit$$0000001D  c_w.l(libinit2.o)
    0x08000246   0x08000246   0x00000000   Code   RO         2209    .ARM.Collect$$libinit$$0000001F  c_w.l(libinit2.o)
    0x08000246   0x08000246   0x00000000   Code   RO         2211    .ARM.Collect$$libinit$$00000021  c_w.l(libinit2.o)
    0x08000246   0x08000246   0x00000000   Code   RO         2213    .ARM.Collect$$libinit$$00000023  c_w.l(libinit2.o)
    0x08000246   0x08000246   0x00000004   Code   RO         2214    .ARM.Collect$$libinit$$00000024  c_w.l(libinit2.o)
    0x0800024a   0x0800024a   0x00000000   Code   RO         2215    .ARM.Collect$$libinit$$00000025  c_w.l(libinit2.o)
    0x0800024a   0x0800024a   0x00000000   Code   RO         2219    .ARM.Collect$$libinit$$0000002C  c_w.l(libinit2.o)
    0x0800024a   0x0800024a   0x00000000   Code   RO         2221    .ARM.Collect$$libinit$$0000002E  c_w.l(libinit2.o)
    0x0800024a   0x0800024a   0x00000000   Code   RO         2223    .ARM.Collect$$libinit$$00000030  c_w.l(libinit2.o)
    0x0800024a   0x0800024a   0x00000000   Code   RO         2225    .ARM.Collect$$libinit$$00000032  c_w.l(libinit2.o)
    0x0800024a   0x0800024a   0x00000002   Code   RO         2226    .ARM.Collect$$libinit$$00000033  c_w.l(libinit2.o)
    0x0800024c   0x0800024c   0x00000002   Code   RO         2365    .ARM.Collect$$libshutdown$$00000000  c_w.l(libshutdown.o)
    0x0800024e   0x0800024e   0x00000000   Code   RO         2228    .ARM.Collect$$libshutdown$$00000002  c_w.l(libshutdown2.o)
    0x0800024e   0x0800024e   0x00000004   Code   RO         2229    .ARM.Collect$$libshutdown$$00000003  c_w.l(libshutdown2.o)
    0x08000252   0x08000252   0x00000000   Code   RO         2230    .ARM.Collect$$libshutdown$$00000004  c_w.l(libshutdown2.o)
    0x08000252   0x08000252   0x00000000   Code   RO         2233    .ARM.Collect$$libshutdown$$00000007  c_w.l(libshutdown2.o)
    0x08000252   0x08000252   0x00000000   Code   RO         2236    .ARM.Collect$$libshutdown$$0000000A  c_w.l(libshutdown2.o)
    0x08000252   0x08000252   0x00000000   Code   RO         2238    .ARM.Collect$$libshutdown$$0000000C  c_w.l(libshutdown2.o)
    0x08000252   0x08000252   0x00000004   Code   RO         2239    .ARM.Collect$$libshutdown$$0000000D  c_w.l(libshutdown2.o)
    0x08000256   0x08000256   0x00000000   Code   RO         2241    .ARM.Collect$$libshutdown$$0000000F  c_w.l(libshutdown2.o)
    0x08000256   0x08000256   0x00000002   Code   RO         2242    .ARM.Collect$$libshutdown$$00000010  c_w.l(libshutdown2.o)
    0x08000258   0x08000258   0x00000000   Code   RO         2053    .ARM.Collect$$rtentry$$00000000  c_w.l(__rtentry.o)
    0x08000258   0x08000258   0x00000000   Code   RO         2072    .ARM.Collect$$rtentry$$00000002  c_w.l(__rtentry2.o)
    0x08000258   0x08000258   0x00000006   Code   RO         2084    .ARM.Collect$$rtentry$$00000004  c_w.l(__rtentry4.o)
    0x0800025e   0x0800025e   0x00000008   Code   RO         2073    .ARM.Collect$$rtentry$$00000008  c_w.l(__rtentry2.o)
    0x08000266   0x08000266   0x00000004   Code   RO         2075    .ARM.Collect$$rtentry$$0000000A  c_w.l(__rtentry2.o)
    0x0800026a   0x0800026a   0x00000000   Code   RO         2077    .ARM.Collect$$rtentry$$0000000C  c_w.l(__rtentry2.o)
    0x0800026a   0x0800026a   0x00000008   Code   RO         2078    .ARM.Collect$$rtentry$$0000000D  c_w.l(__rtentry2.o)
    0x08000272   0x08000272   0x00000002   Code   RO         2250    .ARM.Collect$$rtexit$$00000000  c_w.l(rtexit.o)
    0x08000274   0x08000274   0x00000000   Code   RO         2303    .ARM.Collect$$rtexit$$00000002  c_w.l(rtexit2.o)
    0x08000274   0x08000274   0x00000004   Code   RO         2304    .ARM.Collect$$rtexit$$00000003  c_w.l(rtexit2.o)
    0x08000278   0x08000278   0x00000006   Code   RO         2305    .ARM.Collect$$rtexit$$00000004  c_w.l(rtexit2.o)
    0x0800027e   0x0800027e   0x00000002   PAD
    0x08000280   0x08000280   0x00000040   Code   RO         1556  * .text               startup_stm32f446xx.o
    0x080002c0   0x080002c0   0x000000f0   Code   RO         2007    .text               c_w.l(lludivv7m.o)
    0x080003b0   0x080003b0   0x0000002c   Code   RO         2039    .text               c_w.l(puts.o)
    0x080003dc   0x080003dc   0x0000008a   Code   RO         2041    .text               c_w.l(rt_memcpy_v6.o)
    0x08000466   0x08000466   0x00000064   Code   RO         2043    .text               c_w.l(rt_memcpy_w.o)
    0x080004ca   0x080004ca   0x00000010   Code   RO         2045    .text               c_w.l(aeabi_memset4.o)
    0x080004da   0x080004da   0x00000044   Code   RO         2047    .text               c_w.l(rt_memclr.o)
    0x0800051e   0x0800051e   0x00000006   Code   RO         2049    .text               c_w.l(heapauxi.o)
    0x08000524   0x08000524   0x0000004e   Code   RO         2069    .text               c_w.l(rt_memclr_w.o)
    0x08000572   0x08000572   0x00000002   PAD
    0x08000574   0x08000574   0x000001c8   Code   RO         2092    .text               c_w.l(initio_locked.o)
    0x0800073c   0x0800073c   0x0000004a   Code   RO         2097    .text               c_w.l(sys_stackheap_outer.o)
    0x08000786   0x08000786   0x00000076   Code   RO         2103    .text               c_w.l(h1_free_threads.o)
    0x080007fc   0x080007fc   0x0000004c   Code   RO         2162    .text               c_w.l(fclose.o)
    0x08000848   0x08000848   0x00000068   Code   RO         2164    .text               c_w.l(setvbuf_locked.o)
    0x080008b0   0x080008b0   0x0000014c   Code   RO         2166    .text               c_w.l(fopen_locked.o)
    0x080009fc   0x080009fc   0x00000012   Code   RO         2168    .text               c_w.l(exit.o)
    0x08000a0e   0x08000a0e   0x0000000e   Code   RO         2174    .text               c_w.l(defsig_rtred_outer.o)
    0x08000a1c   0x08000a1c   0x00000066   Code   RO         2243    .text               c_w.l(sys_io.o)
    0x08000a82   0x08000a82   0x00000002   PAD
    0x08000a84   0x08000a84   0x00000008   Code   RO         2247    .text               c_w.l(libspace.o)
    0x08000a8c   0x08000a8c   0x0000000a   Code   RO         2259    .text               c_w.l(rt_heap_descriptor_twolibspace.o)
    0x08000a96   0x08000a96   0x00000004   Code   RO         2261    .text               c_w.l(hguard.o)
    0x08000a9a   0x08000a9a   0x0000008a   Code   RO         2263    .text               c_w.l(init_alloc.o)
    0x08000b24   0x08000b24   0x000000a6   Code   RO         2271    .text               c_w.l(h1_alloc_threads.o)
    0x08000bca   0x08000bca   0x00000002   PAD
    0x08000bcc   0x08000bcc   0x000000f8   Code   RO         2281    .text               c_w.l(fseek.o)
    0x08000cc4   0x08000cc4   0x000000f0   Code   RO         2283    .text               c_w.l(stdio.o)
    0x08000db4   0x08000db4   0x0000000a   Code   RO         2285    .text               c_w.l(defsig_exit.o)
    0x08000dbe   0x08000dbe   0x00000002   PAD
    0x08000dc0   0x08000dc0   0x00000034   Code   RO         2289    .text               c_w.l(defsig_rtred_inner.o)
    0x08000df4   0x08000df4   0x0000000c   Code   RO         2295    .text               c_w.l(sys_exit.o)
    0x08000e00   0x08000e00   0x00000002   Code   RO         2299    .text               c_w.l(use_no_semi.o)
    0x08000e02   0x08000e02   0x00000000   Code   RO         2301    .text               c_w.l(indicate_semi.o)
    0x08000e02   0x08000e02   0x00000000   Code   RO         2310    .text               c_w.l(maybetermalloc2.o)
    0x08000e02   0x08000e02   0x00000012   Code   RO         2315    .text               c_w.l(h1_init_threads.o)
    0x08000e14   0x08000e14   0x00000052   Code   RO         2317    .text               c_w.l(h1_extend_threads.o)
    0x08000e66   0x08000e66   0x00000042   Code   RO         2319    .text               c_w.l(ftell.o)
    0x08000ea8   0x08000ea8   0x00000032   Code   RO         2323    .text               c_w.l(defsig_general.o)
    0x08000eda   0x08000eda   0x0000000e   Code   RO         2325    .text               c_w.l(defsig_rtmem_outer.o)
    0x08000ee8   0x08000ee8   0x0000003e   Code   RO         2329    .text               c_w.l(strlen.o)
    0x08000f26   0x08000f26   0x0000000e   Code   RO         2340    .text               c_w.l(sys_wrch.o)
    0x08000f34   0x08000f34   0x00000004   Code   RO         2353    .text               c_w.l(rt_errno_addr_twolibspace.o)
    0x08000f38   0x08000f38   0x00000010   Code   RO         2357    .text               c_w.l(term_alloc.o)
    0x08000f48   0x08000f48   0x00000050   Code   RO         2359    .text               c_w.l(defsig_rtmem_inner.o)
    0x08000f98   0x08000f98   0x0000000a   Code   RO         2368    .text               c_w.l(h1_final_threads.o)
    0x08000fa2   0x08000fa2   0x00000002   PAD
    0x08000fa4   0x08000fa4   0x00000194   Code   RO          750    .text.HAL_GPIO_Init  stm32f4xx_hal_gpio.o
    0x08001138   0x08001138   0x0000000e   Code   RO          758    .text.HAL_GPIO_TogglePin  stm32f4xx_hal_gpio.o
    0x08001146   0x08001146   0x00000002   PAD
    0x08001148   0x08001148   0x0000000a   Code   RO          756    .text.HAL_GPIO_WritePin  stm32f4xx_hal_gpio.o
    0x08001152   0x08001152   0x00000002   PAD
    0x08001154   0x08001154   0x0000000c   Code   RO          571    .text.HAL_GetTick   stm32f4xx_hal.o
    0x08001160   0x08001160   0x0000002e   Code   RO          559    .text.HAL_Init      stm32f4xx_hal.o
    0x0800118e   0x0800118e   0x00000002   PAD
    0x08001190   0x08001190   0x00000050   Code   RO          561    .text.HAL_InitTick  stm32f4xx_hal.o
    0x080011e0   0x080011e0   0x00000002   Code   RO          563    .text.HAL_MspInit   stm32f4xx_hal.o
    0x080011e2   0x080011e2   0x00000002   PAD
    0x080011e4   0x080011e4   0x0000001e   Code   RO          628    .text.HAL_NVIC_SetPriority  stm32f4xx_hal_cortex.o
    0x08001202   0x08001202   0x00000002   PAD
    0x08001204   0x08001204   0x00000008   Code   RO          624    .text.HAL_NVIC_SetPriorityGrouping  stm32f4xx_hal_cortex.o
    0x0800120c   0x0800120c   0x00000154   Code   RO         1024    .text.HAL_RCC_ClockConfig  stm32f4xx_hal_rcc.o
    0x08001360   0x08001360   0x0000000c   Code   RO         1034    .text.HAL_RCC_GetHCLKFreq  stm32f4xx_hal_rcc.o
    0x0800136c   0x0800136c   0x00000022   Code   RO         1036    .text.HAL_RCC_GetPCLK1Freq  stm32f4xx_hal_rcc.o
    0x0800138e   0x0800138e   0x00000002   PAD
    0x08001390   0x08001390   0x00000022   Code   RO         1038    .text.HAL_RCC_GetPCLK2Freq  stm32f4xx_hal_rcc.o
    0x080013b2   0x080013b2   0x00000002   PAD
    0x080013b4   0x080013b4   0x000000a0   Code   RO         1072    .text.HAL_RCC_GetSysClockFreq  stm32f4xx_hal_rcc_ex.o
    0x08001454   0x08001454   0x00000326   Code   RO         1076    .text.HAL_RCC_OscConfig  stm32f4xx_hal_rcc_ex.o
    0x0800177a   0x0800177a   0x00000002   PAD
    0x0800177c   0x0800177c   0x00000088   Code   RO         1214    .text.HAL_SPI_Init  stm32f4xx_hal_spi.o
    0x08001804   0x08001804   0x00000002   Code   RO         1216    .text.HAL_SPI_MspInit  stm32f4xx_hal_spi.o
    0x08001806   0x08001806   0x00000002   PAD
    0x08001808   0x08001808   0x000001e2   Code   RO         1226    .text.HAL_SPI_Receive  stm32f4xx_hal_spi.o
    0x080019ea   0x080019ea   0x00000002   PAD
    0x080019ec   0x080019ec   0x0000019e   Code   RO         1222    .text.HAL_SPI_Transmit  stm32f4xx_hal_spi.o
    0x08001b8a   0x08001b8a   0x00000002   PAD
    0x08001b8c   0x08001b8c   0x00000276   Code   RO         1228    .text.HAL_SPI_TransmitReceive  stm32f4xx_hal_spi.o
    0x08001e02   0x08001e02   0x00000002   PAD
    0x08001e04   0x08001e04   0x00000008   Code   RO          648    .text.HAL_SYSTICK_Config  stm32f4xx_hal_cortex.o
    0x08001e0c   0x08001e0c   0x0000005e   Code   RO         1340    .text.HAL_UART_Init  stm32f4xx_hal_uart.o
    0x08001e6a   0x08001e6a   0x00000002   PAD
    0x08001e6c   0x08001e6c   0x00000002   Code   RO         1342    .text.HAL_UART_MspInit  stm32f4xx_hal_uart.o
    0x08001e6e   0x08001e6e   0x00000002   PAD
    0x08001e70   0x08001e70   0x000000be   Code   RO         1356    .text.HAL_UART_Transmit  stm32f4xx_hal_uart.o
    0x08001f2e   0x08001f2e   0x00000002   PAD
    0x08001f30   0x08001f30   0x0000009a   Code   RO            6    .text.MX_GPIO_Init  main.o
    0x08001fca   0x08001fca   0x00000002   PAD
    0x08001fcc   0x08001fcc   0x00000092   Code   RO            8    .text.MX_SPI2_Init  main.o
    0x0800205e   0x0800205e   0x00000002   PAD
    0x08002060   0x08002060   0x0000006a   Code   RO           10    .text.MX_USART2_UART_Init  main.o
    0x080020ca   0x080020ca   0x00000002   PAD
    0x080020cc   0x080020cc   0x0000002c   Code   RO          634    .text.NVIC_EncodePriority  stm32f4xx_hal_cortex.o
    0x080020f8   0x080020f8   0x00000008   PAD
    0x08002100   0x08002100   0x00000064   Code   RO         1655    .text.PendSV_Handler  port.o
    0x08002164   0x08002164   0x00000090   Code   RO         1232    .text.SPI_EndRxTransaction  stm32f4xx_hal_spi.o
    0x080021f4   0x080021f4   0x0000006a   Code   RO         1224    .text.SPI_EndRxTxTransaction  stm32f4xx_hal_spi.o
    0x0800225e   0x0800225e   0x00000002   PAD
    0x08002260   0x08002260   0x000000ac   Code   RO         1230    .text.SPI_WaitFlagStateUntilTimeout  stm32f4xx_hal_spi.o
    0x0800230c   0x0800230c   0x00000004   PAD
    0x08002310   0x08002310   0x00000024   Code   RO         1639    .text.SVC_Handler   port.o
    0x08002334   0x08002334   0x0000002e   Code   RO          650    .text.SysTick_Config  stm32f4xx_hal_cortex.o
    0x08002362   0x08002362   0x00000002   PAD
    0x08002364   0x08002364   0x0000001a   Code   RO          354    .text.SysTick_Handler  cmsis_os2.o
    0x0800237e   0x0800237e   0x00000002   PAD
    0x08002380   0x08002380   0x00000080   Code   RO            4    .text.SystemClock_Config  main.o
    0x08002400   0x08002400   0x00000056   Code   RO         1563    .text.SystemInit    system_stm32f4xx.o
    0x08002456   0x08002456   0x00000002   PAD
    0x08002458   0x08002458   0x0000026a   Code   RO         1344    .text.UART_SetConfig  stm32f4xx_hal_uart.o
    0x080026c2   0x080026c2   0x00000002   PAD
    0x080026c4   0x080026c4   0x00000064   Code   RO         1358    .text.UART_WaitOnFlagUntilTimeout  stm32f4xx_hal_uart.o
    0x08002728   0x08002728   0x0000003a   Code   RO          269    .text.WIZCHIP_READ  w5100.o
    0x08002762   0x08002762   0x00000002   PAD
    0x08002764   0x08002764   0x00000058   Code   RO          273    .text.WIZCHIP_READ_BUF  w5100.o
    0x080027bc   0x080027bc   0x0000003a   Code   RO          267    .text.WIZCHIP_WRITE  w5100.o
    0x080027f6   0x080027f6   0x00000002   PAD
    0x080027f8   0x080027f8   0x00000066   Code   RO          271    .text.WIZCHIP_WRITE_BUF  w5100.o
    0x0800285e   0x0800285e   0x00000002   PAD
    0x08002860   0x08002860   0x00000010   Code   RO          630    .text.__NVIC_GetPriorityGrouping  stm32f4xx_hal_cortex.o
    0x08002870   0x08002870   0x00000022   Code   RO          632    .text.__NVIC_SetPriority  stm32f4xx_hal_cortex.o
    0x08002892   0x08002892   0x00000002   PAD
    0x08002894   0x08002894   0x00000020   Code   RO          626    .text.__NVIC_SetPriorityGrouping  stm32f4xx_hal_cortex.o
    0x080028b4   0x080028b4   0x00000044   Code   RO          299    .text.__user_perthread_libspace  clib_arm.o
    0x080028f8   0x080028f8   0x0000001a   Code   RO          305    .text._mutex_acquire  clib_arm.o
    0x08002912   0x08002912   0x00000002   PAD
    0x08002914   0x08002914   0x00000032   Code   RO          309    .text._mutex_free   clib_arm.o
    0x08002946   0x08002946   0x00000002   PAD
    0x08002948   0x08002948   0x00000058   Code   RO          303    .text._mutex_initialize  clib_arm.o
    0x080029a0   0x080029a0   0x0000001c   Code   RO          307    .text._mutex_release  clib_arm.o
    0x080029bc   0x080029bc   0x00000002   Code   RO          297    .text._platform_post_stackheap_init  clib_arm.o
    0x080029be   0x080029be   0x00000002   PAD
    0x080029c0   0x080029c0   0x00000050   Code   RO           46    .text.acceptTCPServerSocket  server.o
    0x08002a10   0x08002a10   0x0000004e   Code   RO           52    .text.cleanUpResources  server.o
    0x08002a5e   0x08002a5e   0x00000002   PAD
    0x08002a60   0x08002a60   0x0000000c   Code   RO           54    .text.clearBuffer   server.o
    0x08002a6c   0x08002a6c   0x00000088   Code   RO          157    .text.close         socket.o
    0x08002af4   0x08002af4   0x00000088   Code   RO           48    .text.createEchoServerInstance  server.o
    0x08002b7c   0x08002b7c   0x0000009c   Code   RO           38    .text.createTCPServerSocket  server.o
    0x08002c18   0x08002c18   0x00000016   Code   RO           22    .text.cs_desel      main.o
    0x08002c2e   0x08002c2e   0x00000002   PAD
    0x08002c30   0x08002c30   0x00000016   Code   RO           20    .text.cs_sel        main.o
    0x08002c46   0x08002c46   0x00000002   PAD
    0x08002c48   0x08002c48   0x00000094   Code   RO          163    .text.disconnect    socket.o
    0x08002cdc   0x08002cdc   0x00000020   Code   RO           73    .text.fputc         retarget.o
    0x08002cfc   0x08002cfc   0x0000004c   Code   RO          277    .text.getSn_RX_RSR  w5100.o
    0x08002d48   0x08002d48   0x00000052   Code   RO          279    .text.getSn_RxBASE  w5100.o
    0x08002d9a   0x08002d9a   0x00000002   PAD
    0x08002d9c   0x08002d9c   0x0000004c   Code   RO          275    .text.getSn_TX_FSR  w5100.o
    0x08002de8   0x08002de8   0x00000052   Code   RO          281    .text.getSn_TxBASE  w5100.o
    0x08002e3a   0x08002e3a   0x00000002   PAD
    0x08002e3c   0x08002e3c   0x00000012   Code   RO           44    .text.getSocketStatus  server.o
    0x08002e4e   0x08002e4e   0x00000002   PAD
    0x08002e50   0x08002e50   0x000000f4   Code   RO          177    .text.getsockopt    socket.o
    0x08002f44   0x08002f44   0x00000012   Code   RO           60    .text.hasReceiveOnSocketReturnedError  server.o
    0x08002f56   0x08002f56   0x00000002   PAD
    0x08002f58   0x08002f58   0x0000000e   Code   RO           56    .text.hasReceivedDataFromSocket  server.o
    0x08002f66   0x08002f66   0x00000002   PAD
    0x08002f68   0x08002f68   0x0000000e   Code   RO           58    .text.hasSentBackDataToSocket  server.o
    0x08002f76   0x08002f76   0x00000002   PAD
    0x08002f78   0x08002f78   0x00000072   Code   RO          159    .text.listen        socket.o
    0x08002fea   0x08002fea   0x00000002   PAD
    0x08002fec   0x08002fec   0x000000b0   Code   RO           40    .text.listeningForConnectionTask  server.o
    0x0800309c   0x0800309c   0x00000184   Code   RO            2    .text.main          main.o
    0x08003220   0x08003220   0x00000022   Code   RO           42    .text.openTCPServerSocket  server.o
    0x08003242   0x08003242   0x00000002   PAD
    0x08003244   0x08003244   0x00000024   Code   RO          301    .text.os_kernel_is_active  clib_arm.o
    0x08003268   0x08003268   0x00000080   Code   RO         1800    .text.prvAddCurrentTaskToDelayedList  tasks.o
    0x080032e8   0x080032e8   0x000000ac   Code   RO         1786    .text.prvAddNewTaskToReadyList  tasks.o
    0x08003394   0x08003394   0x0000006a   Code   RO         1937    .text.prvCheckForValidListAndQueue  timers.o
    0x080033fe   0x080033fe   0x00000002   PAD
    0x08003400   0x08003400   0x0000004e   Code   RO         1904    .text.prvCheckTasksWaitingTermination  tasks.o
    0x0800344e   0x0800344e   0x00000002   PAD
    0x08003450   0x08003450   0x00000026   Code   RO         1742    .text.prvCopyDataFromQueue  queue.o
    0x08003476   0x08003476   0x00000002   PAD
    0x08003478   0x08003478   0x0000007a   Code   RO         1730    .text.prvCopyDataToQueue  queue.o
    0x080034f2   0x080034f2   0x00000002   PAD
    0x080034f4   0x080034f4   0x00000020   Code   RO         1792    .text.prvDeleteTCB  tasks.o
    0x08003514   0x08003514   0x00000012   Code   RO         1746    .text.prvGetDisinheritPriorityAfterTimeout  queue.o
    0x08003526   0x08003526   0x00000002   PAD
    0x08003528   0x08003528   0x00000020   Code   RO         1975    .text.prvGetNextExpireTime  timers.o
    0x08003548   0x08003548   0x00000076   Code   RO         1670    .text.prvHeapInit   heap_4.o
    0x080035be   0x080035be   0x00000002   PAD
    0x080035c0   0x080035c0   0x0000002a   Code   RO         1826    .text.prvIdleTask   tasks.o
    0x080035ea   0x080035ea   0x00000002   PAD
    0x080035ec   0x080035ec   0x00000020   Code   RO         1710    .text.prvInitialiseMutex  queue.o
    0x0800360c   0x0800360c   0x00000020   Code   RO         1704    .text.prvInitialiseNewQueue  queue.o
    0x0800362c   0x0800362c   0x00000098   Code   RO         1784    .text.prvInitialiseNewTask  tasks.o
    0x080036c4   0x080036c4   0x00000070   Code   RO         1902    .text.prvInitialiseTaskLists  tasks.o
    0x08003734   0x08003734   0x00000062   Code   RO         1672    .text.prvInsertBlockIntoFreeList  heap_4.o
    0x08003796   0x08003796   0x00000002   PAD
    0x08003798   0x08003798   0x00000040   Code   RO         1987    .text.prvInsertTimerInActiveList  timers.o
    0x080037d8   0x080037d8   0x00000018   Code   RO         1744    .text.prvIsQueueEmpty  queue.o
    0x080037f0   0x080037f0   0x0000001c   Code   RO         1732    .text.prvIsQueueFull  queue.o
    0x0800380c   0x0800380c   0x00000028   Code   RO         1647    .text.prvPortStartFirstTask  port.o
    0x08003834   0x08003834   0x00000058   Code   RO         1983    .text.prvProcessExpiredTimer  timers.o
    0x0800388c   0x0800388c   0x000000f4   Code   RO         1979    .text.prvProcessReceivedCommands  timers.o
    0x08003980   0x08003980   0x00000080   Code   RO         1977    .text.prvProcessTimerOrBlockTask  timers.o
    0x08003a00   0x08003a00   0x00000028   Code   RO         1794    .text.prvResetNextTaskUnblockTime  tasks.o
    0x08003a28   0x08003a28   0x0000002a   Code   RO         1981    .text.prvSampleTimeNow  timers.o
    0x08003a52   0x08003a52   0x00000002   PAD
    0x08003a54   0x08003a54   0x00000078   Code   RO         1985    .text.prvSwitchTimerLists  timers.o
    0x08003acc   0x08003acc   0x00000022   Code   RO         1637    .text.prvTaskExitError  port.o
    0x08003aee   0x08003aee   0x00000002   PAD
    0x08003af0   0x08003af0   0x00000016   Code   RO         1939    .text.prvTimerTask  timers.o
    0x08003b06   0x08003b06   0x00000002   PAD
    0x08003b08   0x08003b08   0x00000072   Code   RO         1734    .text.prvUnlockQueue  queue.o
    0x08003b7a   0x08003b7a   0x00000002   PAD
    0x08003b7c   0x08003b7c   0x000000fc   Code   RO         1668    .text.pvPortMalloc  heap_4.o
    0x08003c78   0x08003c78   0x00000018   Code   RO         1886    .text.pvTaskIncrementMutexHeldCount  tasks.o
    0x08003c90   0x08003c90   0x00000028   Code   RO         1635    .text.pxPortInitialiseStack  port.o
    0x08003cb8   0x08003cb8   0x00000088   Code   RO           50    .text.receiveAndEchoBack  server.o
    0x08003d40   0x08003d40   0x00000126   Code   RO          167    .text.recv          socket.o
    0x08003e66   0x08003e66   0x00000002   PAD
    0x08003e68   0x08003e68   0x00000038   Code   RO          215    .text.reg_wizchip_cs_cbfunc  wizchip_conf.o
    0x08003ea0   0x08003ea0   0x00000042   Code   RO          219    .text.reg_wizchip_spi_cbfunc  wizchip_conf.o
    0x08003ee2   0x08003ee2   0x00000002   PAD
    0x08003ee4   0x08003ee4   0x00000142   Code   RO          165    .text.send          socket.o
    0x08004026   0x08004026   0x00000002   PAD
    0x08004028   0x08004028   0x0000007a   Code   RO          175    .text.setsockopt    socket.o
    0x080040a2   0x080040a2   0x00000002   PAD
    0x080040a4   0x080040a4   0x00000126   Code   RO          155    .text.socket        socket.o
    0x080041ca   0x080041ca   0x00000002   PAD
    0x080041cc   0x080041cc   0x00000022   Code   RO           12    .text.spi_rb        main.o
    0x080041ee   0x080041ee   0x00000002   PAD
    0x080041f0   0x080041f0   0x00000022   Code   RO           14    .text.spi_wb        main.o
    0x08004212   0x08004212   0x00000002   PAD
    0x08004214   0x08004214   0x0000001a   Code   RO           16    .text.taskLED       main.o
    0x0800422e   0x0800422e   0x00000002   PAD
    0x08004230   0x08004230   0x00000028   Code   RO         1625    .text.uxListRemove  list.o
    0x08004258   0x08004258   0x0000001a   Code   RO          510    .text.vApplicationGetIdleTaskMemory  cmsis_os2.o
    0x08004272   0x08004272   0x00000002   PAD
    0x08004274   0x08004274   0x0000001a   Code   RO          512    .text.vApplicationGetTimerTaskMemory  cmsis_os2.o
    0x0800428e   0x0800428e   0x00000002   PAD
    0x08004290   0x08004290   0x00000002   Code   RO          508    .text.vApplicationStackOverflowHook  cmsis_os2.o
    0x08004292   0x08004292   0x00000002   PAD
    0x08004294   0x08004294   0x00000016   Code   RO         1617    .text.vListInitialise  list.o
    0x080042aa   0x080042aa   0x00000002   PAD
    0x080042ac   0x080042ac   0x00000006   Code   RO         1619    .text.vListInitialiseItem  list.o
    0x080042b2   0x080042b2   0x00000002   PAD
    0x080042b4   0x080042b4   0x0000003a   Code   RO         1623    .text.vListInsert   list.o
    0x080042ee   0x080042ee   0x00000002   PAD
    0x080042f0   0x080042f0   0x0000001c   Code   RO         1621    .text.vListInsertEnd  list.o
    0x0800430c   0x0800430c   0x00000014   Code   RO         1645    .text.vPortEnableVFP  port.o
    0x08004320   0x08004320   0x00000020   Code   RO         1651    .text.vPortEnterCritical  port.o
    0x08004340   0x08004340   0x0000001a   Code   RO         1653    .text.vPortExitCritical  port.o
    0x0800435a   0x0800435a   0x00000002   PAD
    0x0800435c   0x0800435c   0x00000064   Code   RO         1674    .text.vPortFree     heap_4.o
    0x080043c0   0x080043c0   0x00000034   Code   RO         1643    .text.vPortSetupTimerInterrupt  port.o
    0x080043f4   0x080043f4   0x00000010   Code   RO         1760    .text.vQueueDelete  queue.o
    0x08004404   0x08004404   0x00000044   Code   RO         1772    .text.vQueueWaitForMessageRestricted  queue.o
    0x08004448   0x08004448   0x00000034   Code   RO         1804    .text.vTaskDelay    tasks.o
    0x0800447c   0x0800447c   0x000000a4   Code   RO         1790    .text.vTaskDelete   tasks.o
    0x08004520   0x08004520   0x0000001a   Code   RO         1858    .text.vTaskInternalSetTimeOutState  tasks.o
    0x0800453a   0x0800453a   0x00000002   PAD
    0x0800453c   0x0800453c   0x0000000e   Code   RO         1862    .text.vTaskMissedYield  tasks.o
    0x0800454a   0x0800454a   0x00000002   PAD
    0x0800454c   0x0800454c   0x0000001e   Code   RO         1846    .text.vTaskPlaceOnEventList  tasks.o
    0x0800456a   0x0800456a   0x00000002   PAD
    0x0800456c   0x0800456c   0x00000028   Code   RO         1850    .text.vTaskPlaceOnEventListRestricted  tasks.o
    0x08004594   0x08004594   0x0000006c   Code   RO         1882    .text.vTaskPriorityDisinheritAfterTimeout  tasks.o
    0x08004600   0x08004600   0x00000090   Code   RO         1824    .text.vTaskStartScheduler  tasks.o
    0x08004690   0x08004690   0x00000010   Code   RO         1798    .text.vTaskSuspendAll  tasks.o
    0x080046a0   0x080046a0   0x000000aa   Code   RO         1816    .text.vTaskSwitchContext  tasks.o
    0x0800474a   0x0800474a   0x00000002   PAD
    0x0800474c   0x0800474c   0x000000e2   Code   RO          285    .text.wiz_recv_data  w5100.o
    0x0800482e   0x0800482e   0x00000002   PAD
    0x08004830   0x08004830   0x000000e2   Code   RO          283    .text.wiz_send_data  w5100.o
    0x08004912   0x08004912   0x00000002   PAD
    0x08004914   0x08004914   0x00000004   Code   RO          201    .text.wizchip_bus_readdata  wizchip_conf.o
    0x08004918   0x08004918   0x00000004   Code   RO          203    .text.wizchip_bus_writedata  wizchip_conf.o
    0x0800491c   0x0800491c   0x00000002   Code   RO          193    .text.wizchip_cris_enter  wizchip_conf.o
    0x0800491e   0x0800491e   0x00000002   PAD
    0x08004920   0x08004920   0x00000002   Code   RO          195    .text.wizchip_cris_exit  wizchip_conf.o
    0x08004922   0x08004922   0x00000002   PAD
    0x08004924   0x08004924   0x00000002   Code   RO          199    .text.wizchip_cs_deselect  wizchip_conf.o
    0x08004926   0x08004926   0x00000002   PAD
    0x08004928   0x08004928   0x00000002   Code   RO          197    .text.wizchip_cs_select  wizchip_conf.o
    0x0800492a   0x0800492a   0x00000002   PAD
    0x0800492c   0x0800492c   0x0000006e   Code   RO          241    .text.wizchip_getnetinfo  wizchip_conf.o
    0x0800499a   0x0800499a   0x00000002   PAD
    0x0800499c   0x0800499c   0x000000ea   Code   RO          227    .text.wizchip_init  wizchip_conf.o
    0x08004a86   0x08004a86   0x00000002   PAD
    0x08004a88   0x08004a88   0x00000070   Code   RO          239    .text.wizchip_setnetinfo  wizchip_conf.o
    0x08004af8   0x08004af8   0x00000004   Code   RO          205    .text.wizchip_spi_readbyte  wizchip_conf.o
    0x08004afc   0x08004afc   0x00000002   Code   RO          207    .text.wizchip_spi_writebyte  wizchip_conf.o
    0x08004afe   0x08004afe   0x00000002   PAD
    0x08004b00   0x08004b00   0x00000070   Code   RO          225    .text.wizchip_sw_reset  wizchip_conf.o
    0x08004b70   0x08004b70   0x0000004a   Code   RO         1641    .text.xPortStartScheduler  port.o
    0x08004bba   0x08004bba   0x00000002   PAD
    0x08004bbc   0x08004bbc   0x0000002e   Code   RO         1657    .text.xPortSysTickHandler  port.o
    0x08004bea   0x08004bea   0x00000002   PAD
    0x08004bec   0x08004bec   0x00000016   Code   RO         1708    .text.xQueueCreateMutex  queue.o
    0x08004c02   0x08004c02   0x00000002   PAD
    0x08004c04   0x08004c04   0x00000022   Code   RO         1712    .text.xQueueCreateMutexStatic  queue.o
    0x08004c26   0x08004c26   0x00000002   PAD
    0x08004c28   0x08004c28   0x00000032   Code   RO         1706    .text.xQueueGenericCreate  queue.o
    0x08004c5a   0x08004c5a   0x00000002   PAD
    0x08004c5c   0x08004c5c   0x0000001c   Code   RO         1702    .text.xQueueGenericCreateStatic  queue.o
    0x08004c78   0x08004c78   0x0000006a   Code   RO         1700    .text.xQueueGenericReset  queue.o
    0x08004ce2   0x08004ce2   0x00000002   PAD
    0x08004ce4   0x08004ce4   0x00000136   Code   RO         1720    .text.xQueueGenericSend  queue.o
    0x08004e1a   0x08004e1a   0x00000002   PAD
    0x08004e1c   0x08004e1c   0x00000070   Code   RO         1736    .text.xQueueGenericSendFromISR  queue.o
    0x08004e8c   0x08004e8c   0x00000128   Code   RO         1740    .text.xQueueReceive  queue.o
    0x08004fb4   0x08004fb4   0x00000162   Code   RO         1724    .text.xQueueSemaphoreTake  queue.o
    0x08005116   0x08005116   0x00000002   PAD
    0x08005118   0x08005118   0x0000005c   Code   RO         1860    .text.xTaskCheckForTimeOut  tasks.o
    0x08005174   0x08005174   0x00000066   Code   RO         1788    .text.xTaskCreate   tasks.o
    0x080051da   0x080051da   0x00000002   PAD
    0x080051dc   0x080051dc   0x0000003e   Code   RO         1782    .text.xTaskCreateStatic  tasks.o
    0x0800521a   0x0800521a   0x00000002   PAD
    0x0800521c   0x0800521c   0x0000000c   Code   RO         1874    .text.xTaskGetCurrentTaskHandle  tasks.o
    0x08005228   0x08005228   0x00000026   Code   RO         1876    .text.xTaskGetSchedulerState  tasks.o
    0x0800524e   0x0800524e   0x00000002   PAD
    0x08005250   0x08005250   0x0000000c   Code   RO         1832    .text.xTaskGetTickCount  tasks.o
    0x0800525c   0x0800525c   0x0000013a   Code   RO         1830    .text.xTaskIncrementTick  tasks.o
    0x08005396   0x08005396   0x00000002   PAD
    0x08005398   0x08005398   0x0000005c   Code   RO         1880    .text.xTaskPriorityDisinherit  tasks.o
    0x080053f4   0x080053f4   0x00000092   Code   RO         1878    .text.xTaskPriorityInherit  tasks.o
    0x08005486   0x08005486   0x00000002   PAD
    0x08005488   0x08005488   0x0000007a   Code   RO         1852    .text.xTaskRemoveFromEventList  tasks.o
    0x08005502   0x08005502   0x00000002   PAD
    0x08005504   0x08005504   0x000000fc   Code   RO         1802    .text.xTaskResumeAll  tasks.o
    0x08005600   0x08005600   0x00000068   Code   RO         1935    .text.xTimerCreateTimerTask  timers.o
    0x08005668   0x08005668   0x00000056   Code   RO         1947    .text.xTimerGenericCommand  timers.o
    0x080056be   0x080056be   0x0000001a   Code   RO         2293    x$fpl$fpinit        fz_wm.l(fpinit.o)
    0x080056d8   0x080056d8   0x00000004   Data   RO         2094    .constdata          c_w.l(sys_io_names.o)
    0x080056dc   0x080056dc   0x00000004   Data   RO         2095    .constdata          c_w.l(sys_io_names.o)
    0x080056e0   0x080056e0   0x00000004   Data   RO         2096    .constdata          c_w.l(sys_io_names.o)
    0x080056e4   0x080056e4   0x00000006   Data   RO           62    .rodata..L__const.listeningForConnectionTask.bindAddress  server.o
    0x080056ea   0x080056ea   0x00000002   PAD
    0x080056ec   0x080056ec   0x00000017   Data   RO           26    .rodata..L__const.main.netInfo  main.o
    0x08005703   0x08005703   0x00000010   Data   RO         1568    .rodata.AHBPrescTable  system_stm32f4xx.o
    0x08005713   0x08005713   0x00000008   Data   RO         1569    .rodata.APBPrescTable  system_stm32f4xx.o
    0x0800571b   0x0800571b   0x00000030   Data   RO           25    .rodata.str1.1      main.o
    0x0800574b   0x0800574b   0x00000001   PAD
    0x0800574c   0x0800574c   0x00000020   Data   RO         2383    Region$$Table       anon$$obj.o


    Execution Region ER_RW (Exec base: 0x20000000, Load base: 0x0800576c, Size: 0x0000004c, Max: 0xffffffff, ABSOLUTE)

    Exec Addr    Load Addr    Size         Type   Attr      Idx    E Section Name        Object

    0x20000000   0x0800576c   0x00000004   Data   RW         2066    .data               c_w.l(stdio_streams.o)
    0x20000004   0x08005770   0x00000004   Data   RW         2067    .data               c_w.l(stdio_streams.o)
    0x20000008   0x08005774   0x00000004   Data   RW         2068    .data               c_w.l(stdio_streams.o)
    0x2000000c   0x08005778   0x00000004   Data   RW         2159    .data               c_w.l(streamlock.o)
    0x20000010   0x0800577c   0x00000004   Data   RW         1567    .data.SystemCoreClock  system_stm32f4xx.o
    0x20000014   0x08005780   0x0000002c   Data   RW          253    .data.WIZCHIP       wizchip_conf.o
    0x20000040   0x080057ac   0x00000002   Data   RW          180    .data.sock_any_port  socket.o
    0x20000042   0x080057ae   0x00000001   Data   RW          614    .data.uwTickFreq    stm32f4xx_hal.o
    0x20000043   0x080057af   0x00000001   PAD
    0x20000044   0x080057b0   0x00000004   Data   RW          613    .data.uwTickPrio    stm32f4xx_hal.o
    0x20000048   0x080057b4   0x00000004   Data   RW         1659    .data.uxCriticalNesting  port.o


    Execution Region ER_ZI (Exec base: 0x20000050, Load base: 0x080057b8, Size: 0x000035e0, Max: 0xffffffff, ABSOLUTE)

    Exec Addr    Load Addr    Size         Type   Attr      Idx    E Section Name        Object

    0x20000050        -       0x00000054   Zero   RW         2063    .bss                c_w.l(stdio_streams.o)
    0x200000a4        -       0x00000054   Zero   RW         2064    .bss                c_w.l(stdio_streams.o)
    0x200000f8        -       0x00000054   Zero   RW         2065    .bss                c_w.l(stdio_streams.o)
    0x2000014c        -       0x00000060   Zero   RW         2248    .bss                c_w.l(libspace.o)
    0x200001ac        -       0x00000001   Zero   RW          254    .bss._DHCP_         wizchip_conf.o
    0x200001ad        -       0x00000001   Zero   RW          255    .bss._DNS_.0        wizchip_conf.o
    0x200001ae        -       0x00000001   Zero   RW          256    .bss._DNS_.1        wizchip_conf.o
    0x200001af        -       0x00000001   Zero   RW          257    .bss._DNS_.2        wizchip_conf.o
    0x200001b0        -       0x00000001   Zero   RW          258    .bss._DNS_.3        wizchip_conf.o
    0x200001b1   0x080057b8   0x00000003   PAD
    0x200001b4        -       0x00000190   Zero   RW          314    .bss.clib_mutex_cb  clib_arm.o
    0x20000344        -       0x00000014   Zero   RW          313    .bss.clib_mutex_id  clib_arm.o
    0x20000358        -       0x00000058   Zero   RW           27    .bss.hspi2          main.o
    0x200003b0        -       0x00000040   Zero   RW           24    .bss.huart2         main.o
    0x200003f0        -       0x00000040   Zero   RW           78    .bss.huart2_ctx     retarget.o
    0x20000430        -       0x00000001   Zero   RW          315    .bss.os_kernel_is_active.os_kernel_active  clib_arm.o
    0x20000431   0x080057b8   0x00000003   PAD
    0x20000434        -       0x000001e0   Zero   RW          311    .bss.os_libspace    clib_arm.o
    0x20000614        -       0x00000010   Zero   RW          312    .bss.os_libspace_id  clib_arm.o
    0x20000624        -       0x00000050   Zero   RW         1997    .bss.prvCheckForValidListAndQueue.ucStaticTimerQueueStorage  timers.o
    0x20000674        -       0x00000050   Zero   RW         1996    .bss.prvCheckForValidListAndQueue.xStaticTimerQueue  timers.o
    0x200006c4        -       0x00000004   Zero   RW         1993    .bss.prvSampleTimeNow.xLastTime  timers.o
    0x200006c8        -       0x00000004   Zero   RW         1906    .bss.pxCurrentTCB   tasks.o
    0x200006cc        -       0x00000004   Zero   RW         1991    .bss.pxCurrentTimerList  timers.o
    0x200006d0        -       0x00000004   Zero   RW         1913    .bss.pxDelayedTaskList  tasks.o
    0x200006d4        -       0x00000004   Zero   RW         1684    .bss.pxEnd          heap_4.o
    0x200006d8        -       0x00000004   Zero   RW         1914    .bss.pxOverflowDelayedTaskList  tasks.o
    0x200006dc        -       0x00000004   Zero   RW         1992    .bss.pxOverflowTimerList  timers.o
    0x200006e0        -       0x00000460   Zero   RW         1916    .bss.pxReadyTasksLists  tasks.o
    0x20000b40        -       0x00000002   Zero   RW          181    .bss.sock_io_mode   socket.o
    0x20000b42        -       0x00000002   Zero   RW          182    .bss.sock_is_sending  socket.o
    0x20000b44        -       0x00000004   Zero   RW          179    .bss.sock_pack_info  socket.o
    0x20000b48        -       0x00000008   Zero   RW          183    .bss.sock_remained_size  socket.o
    0x20000b50        -       0x00002000   Zero   RW         1691    .bss.ucHeap         heap_4.o
    0x20002b50        -       0x00000004   Zero   RW          615    .bss.uwTick         stm32f4xx_hal.o
    0x20002b54        -       0x00000004   Zero   RW         1910    .bss.uxCurrentNumberOfTasks  tasks.o
    0x20002b58        -       0x00000004   Zero   RW         1909    .bss.uxDeletedTasksWaitingCleanUp  tasks.o
    0x20002b5c        -       0x00000004   Zero   RW         1918    .bss.uxSchedulerSuspended  tasks.o
    0x20002b60        -       0x00000004   Zero   RW         1907    .bss.uxTaskNumber   tasks.o
    0x20002b64        -       0x00000004   Zero   RW         1917    .bss.uxTopReadyPriority  tasks.o
    0x20002b68        -       0x00000200   Zero   RW          519    .bss.vApplicationGetIdleTaskMemory.Idle_Stack  cmsis_os2.o
    0x20002d68        -       0x0000005c   Zero   RW          518    .bss.vApplicationGetIdleTaskMemory.Idle_TCB  cmsis_os2.o
    0x20002dc4        -       0x00000140   Zero   RW          521    .bss.vApplicationGetTimerTaskMemory.Timer_Stack  cmsis_os2.o
    0x20002f04        -       0x0000005c   Zero   RW          520    .bss.vApplicationGetTimerTaskMemory.Timer_TCB  cmsis_os2.o
    0x20002f60        -       0x00000014   Zero   RW         1994    .bss.xActiveTimerList1  timers.o
    0x20002f74        -       0x00000014   Zero   RW         1995    .bss.xActiveTimerList2  timers.o
    0x20002f88        -       0x00000001   Zero   RW         1685    .bss.xBlockAllocatedBit  heap_4.o
    0x20002f89   0x080057b8   0x00000003   PAD
    0x20002f8c        -       0x00000014   Zero   RW         1925    .bss.xDelayedTaskList1  tasks.o
    0x20002fa0        -       0x00000014   Zero   RW         1926    .bss.xDelayedTaskList2  tasks.o
    0x20002fb4        -       0x00000004   Zero   RW         1686    .bss.xFreeBytesRemaining  heap_4.o
    0x20002fb8        -       0x00000004   Zero   RW         1920    .bss.xIdleTaskHandle  tasks.o
    0x20002fbc        -       0x00000004   Zero   RW         1688    .bss.xMinimumEverFreeBytesRemaining  heap_4.o
    0x20002fc0        -       0x00000004   Zero   RW         1921    .bss.xNextTaskUnblockTime  tasks.o
    0x20002fc4        -       0x00000004   Zero   RW         1924    .bss.xNumOfOverflows  tasks.o
    0x20002fc8        -       0x00000004   Zero   RW         1689    .bss.xNumberOfSuccessfulAllocations  heap_4.o
    0x20002fcc        -       0x00000004   Zero   RW         1690    .bss.xNumberOfSuccessfulFrees  heap_4.o
    0x20002fd0        -       0x00000004   Zero   RW         1923    .bss.xPendedTicks   tasks.o
    0x20002fd4        -       0x00000014   Zero   RW         1919    .bss.xPendingReadyList  tasks.o
    0x20002fe8        -       0x00000004   Zero   RW         1911    .bss.xSchedulerRunning  tasks.o
    0x20002fec        -       0x00000008   Zero   RW         1687    .bss.xStart         heap_4.o
    0x20002ff4        -       0x00000014   Zero   RW         1915    .bss.xSuspendedTaskList  tasks.o
    0x20003008        -       0x00000014   Zero   RW         1908    .bss.xTasksWaitingTermination  tasks.o
    0x2000301c        -       0x00000004   Zero   RW         1912    .bss.xTickCount     tasks.o
    0x20003020        -       0x00000004   Zero   RW         1989    .bss.xTimerQueue    timers.o
    0x20003024        -       0x00000004   Zero   RW         1990    .bss.xTimerTaskHandle  timers.o
    0x20003028        -       0x00000004   Zero   RW         1922    .bss.xYieldPending  tasks.o
    0x2000302c   0x080057b8   0x00000004   PAD
    0x20003030        -       0x00000200   Zero   RW         1554    HEAP                startup_stm32f446xx.o
    0x20003230        -       0x00000400   Zero   RW         1553    STACK               startup_stm32f446xx.o


==============================================================================

Image component sizes


      Code (inc. data)   RO Data    RW Data    ZI Data      Debug   Object Name

       298          0          0          0        917       3460   clib_arm.o
        80          0          0          0       1016      53651   cmsis_os2.o
       568          0          0          0       8221       4520   heap_4.o
       154          0          0          0          0       2271   list.o
      1060        128         71          0        152       8773   main.o
       500         16          0          4          0       2879   port.o
      1804          0          0          0          0      18046   queue.o
        32          0          0          0         64       4098   retarget.o
       872        164          6          0          0       5285   server.o
      1674         18          0          2         16       8323   socket.o
        64         26        452          0       1536        868   startup_stm32f446xx.o
       140          0          0          5          4       7663   stm32f4xx_hal.o
       218          0          0          0          0      10693   stm32f4xx_hal_cortex.o
       428          0          0          0          0       5339   stm32f4xx_hal_gpio.o
       420          0          0          0          0       7438   stm32f4xx_hal_rcc.o
       966          4          0          0          0      10859   stm32f4xx_hal_rcc_ex.o
      2086          0          0          0          0      22418   stm32f4xx_hal_spi.o
      1004          0          0          0          0      17259   stm32f4xx_hal_uart.o
        86          0         24          4          0       2847   system_stm32f4xx.o
      2788          8          0          0       1280      27236   tasks.o
      1036         18          0          0        220      13070   timers.o
      1074          0          0          0          0       4892   w5100.o
       712          0          0         44          5       8941   wizchip_conf.o

    ----------------------------------------------------------------------
     18266        382        588         60      13444     250829   Object Totals
         0          0         32          0          0          0   (incl. Generated)
       202          0          3          1         13          0   (incl. Padding)

    ----------------------------------------------------------------------

      Code (inc. data)   RO Data    RW Data    ZI Data      Debug   Library Member Name

         8          0          0          0          0         68   __main.o
         0          0          0          0          0          0   __rtentry.o
        20          0          0          0          0          0   __rtentry2.o
         6          0          0          0          0          0   __rtentry4.o
        52          8          0          0          0          0   __scatter.o
        26          0          0          0          0          0   __scatter_copy.o
        28          0          0          0          0          0   __scatter_zi.o
        16          0          0          0          0         68   aeabi_memset4.o
        10          0          0          0          0         68   defsig_exit.o
        50          0          0          0          0         88   defsig_general.o
        80         58          0          0          0         76   defsig_rtmem_inner.o
        14          0          0          0          0         80   defsig_rtmem_outer.o
        52         38          0          0          0         76   defsig_rtred_inner.o
        14          0          0          0          0         80   defsig_rtred_outer.o
        18          0          0          0          0         80   exit.o
        76          0          0          0          0         88   fclose.o
       332         10          0          0          0        152   fopen_locked.o
       248          6          0          0          0         84   fseek.o
        66          0          0          0          0         76   ftell.o
       166          0          0          0          0        144   h1_alloc_threads.o
        82          0          0          0          0        104   h1_extend_threads.o
        10          0          0          0          0         76   h1_final_threads.o
       118          0          0          0          0        108   h1_free_threads.o
        18          0          0          0          0         84   h1_init_threads.o
         6          0          0          0          0        152   heapauxi.o
         4          0          0          0          0        136   hguard.o
         0          0          0          0          0          0   indicate_semi.o
       138          0          0          0          0        168   init_alloc.o
       456         48          0          0          0        116   initio_locked.o
         2          0          0          0          0          0   libinit.o
        18          0          0          0          0          0   libinit2.o
         2          0          0          0          0          0   libshutdown.o
        10          0          0          0          0          0   libshutdown2.o
         8          4          0          0         96         68   libspace.o
       240          0          0          0          0        100   lludivv7m.o
         0          0          0          0          0          0   maybetermalloc2.o
        44          4          0          0          0         84   puts.o
         4          0          0          0          0         68   rt_errno_addr_twolibspace.o
        10          0          0          0          0         76   rt_heap_descriptor_twolibspace.o
        68          0          0          0          0         68   rt_memclr.o
        78          0          0          0          0         80   rt_memclr_w.o
       138          0          0          0          0         68   rt_memcpy_v6.o
       100          0          0          0          0         80   rt_memcpy_w.o
         2          0          0          0          0          0   rtexit.o
        10          0          0          0          0          0   rtexit2.o
       104          0          0          0          0         88   setvbuf_locked.o
       240          6          0          0          0        156   stdio.o
         0          0          0         12        252          0   stdio_streams.o
         0          0          0          4          0          0   streamlock.o
        62          0          0          0          0         76   strlen.o
        12          4          0          0          0         68   sys_exit.o
       102          0          0          0          0        240   sys_io.o
         0          0         12          0          0          0   sys_io_names.o
        74          0          0          0          0         80   sys_stackheap_outer.o
        14          0          0          0          0         76   sys_wrch.o
        16          0          0          0          0         80   term_alloc.o
         2          0          0          0          0         68   use_no_semi.o
        26          0          0          0          0        116   fpinit.o

    ----------------------------------------------------------------------
      3514        186         12         16        348       3912   Library Totals
        14          0          0          0          0          0   (incl. Padding)

    ----------------------------------------------------------------------

      Code (inc. data)   RO Data    RW Data    ZI Data      Debug   Library Name

      3474        186         12         16        348       3796   c_w.l
        26          0          0          0          0        116   fz_wm.l

    ----------------------------------------------------------------------
      3514        186         12         16        348       3912   Library Totals

    ----------------------------------------------------------------------

==============================================================================


      Code (inc. data)   RO Data    RW Data    ZI Data      Debug   

     21780        568        600         76      13792     252481   Grand Totals
     21780        568        600         76      13792     252481   ELF Image Totals
     21780        568        600         76          0          0   ROM Totals

==============================================================================

    Total RO  Size (Code + RO Data)                22380 (  21.86kB)
    Total RW  Size (RW Data + ZI Data)             13868 (  13.54kB)
    Total ROM Size (Code + RO Data + RW Data)      22456 (  21.93kB)

==============================================================================

