Component: ARM Compiler 6.14 Tool: armlink [5db06800]

==============================================================================

Section Cross References

    main.o(.text) refers (Special) to _printf_percent.o(.ARM.Collect$$_printf_percent$$00000000) for _printf_percent
    main.o(.text.main) refers (Special) to _printf_percent.o(.ARM.Collect$$_printf_percent$$00000000) for _printf_percent
    main.o(.text.main) refers to stm32f4xx_hal.o(.text.HAL_Init) for HAL_Init
    main.o(.text.main) refers to main.o(.text.SystemClock_Config) for SystemClock_Config
    main.o(.text.main) refers to main.o(.text.MX_GPIO_Init) for MX_GPIO_Init
    main.o(.text.main) refers to main.o(.text.MX_SPI2_Init) for MX_SPI2_Init
    main.o(.text.main) refers to main.o(.text.cs_sel) for cs_sel
    main.o(.text.main) refers to main.o(.text.cs_desel) for cs_desel
    main.o(.text.main) refers to wizchip_conf.o(.text.reg_wizchip_cs_cbfunc) for reg_wizchip_cs_cbfunc
    main.o(.text.main) refers to main.o(.text.spi_rb) for spi_rb
    main.o(.text.main) refers to main.o(.text.spi_wb) for spi_wb
    main.o(.text.main) refers to wizchip_conf.o(.text.reg_wizchip_spi_cbfunc) for reg_wizchip_spi_cbfunc
    main.o(.text.main) refers to wizchip_conf.o(.text.wizchip_init) for wizchip_init
    main.o(.text.main) refers to main.o(.rodata..L__const.main.netInfo) for .L__const.main.netInfo
    main.o(.text.main) refers to wizchip_conf.o(.text.wizchip_setnetinfo) for wizchip_setnetinfo
    main.o(.text.main) refers to wizchip_conf.o(.text.wizchip_getnetinfo) for wizchip_getnetinfo
    main.o(.text.main) refers to retarget.o(.text.retarget_init) for retarget_init
    main.o(.text.main) refers to rtc.o(.text.rtc_init) for rtc_init
    main.o(.text.main) refers to eeprom.o(.text.eeprom_init) for eeprom_init
    main.o(.text.main) refers to logs.o(.text.logs_init) for logs_init
    main.o(.text.main) refers to logs.o(.text.logs_add_new_module) for logs_add_new_module
    main.o(.text.main) refers to noretval__2printf.o(.text) for __2printf
    main.o(.text.main) refers to puts.o(.text) for puts
    main.o(.text.main) refers to rtc.o(.text.rtc_print_date) for rtc_print_date
    main.o(.text.main) refers to main.o(.text.taskLED) for taskLED
    main.o(.text.main) refers to tasks.o(.text.xTaskCreate) for xTaskCreate
    main.o(.text.main) refers to main.o(.bss.huart2) for huart2
    main.o(.text.main) refers to stm32f4xx_hal_uart.o(.text.HAL_UART_Transmit) for HAL_UART_Transmit
    main.o(.text.main) refers to server.o(.text.createTCPServerSocket) for createTCPServerSocket
    main.o(.text.main) refers to eeprom.o(.text.eeprom_task_create) for eeprom_task_create
    main.o(.text.main) refers to logs.o(.text.logs_task_create) for logs_task_create
    main.o(.text.main) refers to tasks.o(.text.vTaskStartScheduler) for vTaskStartScheduler
    main.o(.ARM.exidx.text.main) refers (Special) to _printf_percent.o(.ARM.Collect$$_printf_percent$$00000000) for _printf_percent
    main.o(.ARM.exidx.text.main) refers to main.o(.text.main) for [Anonymous Symbol]
    main.o(.text.SystemClock_Config) refers (Special) to _printf_percent.o(.ARM.Collect$$_printf_percent$$00000000) for _printf_percent
    main.o(.text.SystemClock_Config) refers to stm32f4xx_hal_rcc_ex.o(.text.HAL_RCC_OscConfig) for HAL_RCC_OscConfig
    main.o(.text.SystemClock_Config) refers to stm32f4xx_hal_rcc.o(.text.HAL_RCC_ClockConfig) for HAL_RCC_ClockConfig
    main.o(.ARM.exidx.text.SystemClock_Config) refers (Special) to _printf_percent.o(.ARM.Collect$$_printf_percent$$00000000) for _printf_percent
    main.o(.ARM.exidx.text.SystemClock_Config) refers to main.o(.text.SystemClock_Config) for [Anonymous Symbol]
    main.o(.text.MX_GPIO_Init) refers (Special) to _printf_percent.o(.ARM.Collect$$_printf_percent$$00000000) for _printf_percent
    main.o(.text.MX_GPIO_Init) refers to stm32f4xx_hal_gpio.o(.text.HAL_GPIO_Init) for HAL_GPIO_Init
    main.o(.ARM.exidx.text.MX_GPIO_Init) refers (Special) to _printf_percent.o(.ARM.Collect$$_printf_percent$$00000000) for _printf_percent
    main.o(.ARM.exidx.text.MX_GPIO_Init) refers to main.o(.text.MX_GPIO_Init) for [Anonymous Symbol]
    main.o(.text.MX_SPI2_Init) refers (Special) to _printf_percent.o(.ARM.Collect$$_printf_percent$$00000000) for _printf_percent
    main.o(.text.MX_SPI2_Init) refers to main.o(.bss.hspi2) for hspi2
    main.o(.text.MX_SPI2_Init) refers to stm32f4xx_hal_gpio.o(.text.HAL_GPIO_Init) for HAL_GPIO_Init
    main.o(.text.MX_SPI2_Init) refers to stm32f4xx_hal_spi.o(.text.HAL_SPI_Init) for HAL_SPI_Init
    main.o(.ARM.exidx.text.MX_SPI2_Init) refers (Special) to _printf_percent.o(.ARM.Collect$$_printf_percent$$00000000) for _printf_percent
    main.o(.ARM.exidx.text.MX_SPI2_Init) refers to main.o(.text.MX_SPI2_Init) for [Anonymous Symbol]
    main.o(.text.spi_rb) refers (Special) to _printf_percent.o(.ARM.Collect$$_printf_percent$$00000000) for _printf_percent
    main.o(.text.spi_rb) refers to main.o(.bss.hspi2) for hspi2
[...]
    OTG_FS_WKUP_IRQHandler                   0x080002ab   Thumb Code     0  startup_stm32f446xx.o(.text)
    OTG_HS_EP1_IN_IRQHandler                 0x080002ab   Thumb Code     0  startup_stm32f446xx.o(.text)
    OTG_HS_EP1_OUT_IRQHandler                0x080002ab   Thumb Code     0  startup_stm32f446xx.o(.text)
    OTG_HS_IRQHandler                        0x080002ab   Thumb Code     0  startup_stm32f446xx.o(.text)
    OTG_HS_WKUP_IRQHandler                   0x080002ab   Thumb Code     0  startup_stm32f446xx.o(.text)
    PVD_IRQHandler                           0x080002ab   Thumb Code     0  startup_stm32f446xx.o(.text)
    QUADSPI_IRQHandler                       0x080002ab   Thumb Code     0  startup_stm32f446xx.o(.text)
    RCC_IRQHandler                           0x080002ab   Thumb Code     0  startup_stm32f446xx.o(.text)
    RTC_Alarm_IRQHandler                     0x080002ab   Thumb Code     0  startup_stm32f446xx.o(.text)
    RTC_WKUP_IRQHandler                      0x080002ab   Thumb Code     0  startup_stm32f446xx.o(.text)
    SAI1_IRQHandler                          0x080002ab   Thumb Code     0  startup_stm32f446xx.o(.text)
    SAI2_IRQHandler                          0x080002ab   Thumb Code     0  startup_stm32f446xx.o(.text)
    SDIO_IRQHandler                          0x080002ab   Thumb Code     0  startup_stm32f446xx.o(.text)
    SPDIF_RX_IRQHandler                      0x080002ab   Thumb Code     0  startup_stm32f446xx.o(.text)
    SPI1_IRQHandler                          0x080002ab   Thumb Code     0  startup_stm32f446xx.o(.text)
    SPI2_IRQHandler                          0x080002ab   Thumb Code     0  startup_stm32f446xx.o(.text)
    SPI3_IRQHandler                          0x080002ab   Thumb Code     0  startup_stm32f446xx.o(.text)
    SPI4_IRQHandler                          0x080002ab   Thumb Code     0  startup_stm32f446xx.o(.text)
    TAMP_STAMP_IRQHandler                    0x080002ab   Thumb Code     0  startup_stm32f446xx.o(.text)
    TIM1_BRK_TIM9_IRQHandler                 0x080002ab   Thumb Code     0  startup_stm32f446xx.o(.text)
    TIM1_CC_IRQHandler                       0x080002ab   Thumb Code     0  startup_stm32f446xx.o(.text)
    TIM1_TRG_COM_TIM11_IRQHandler            0x080002ab   Thumb Code     0  startup_stm32f446xx.o(.text)
    TIM1_UP_TIM10_IRQHandler                 0x080002ab   Thumb Code     0  startup_stm32f446xx.o(.text)
    TIM2_IRQHandler                          0x080002ab   Thumb Code     0  startup_stm32f446xx.o(.text)
    TIM3_IRQHandler                          0x080002ab   Thumb Code     0  startup_stm32f446xx.o(.text)
    TIM4_IRQHandler                          0x080002ab   Thumb Code     0  startup_stm32f446xx.o(.text)
    TIM5_IRQHandler                          0x080002ab   Thumb Code     0  startup_stm32f446xx.o(.text)
    TIM6_DAC_IRQHandler                      0x080002ab   Thumb Code     0  startup_stm32f446xx.o(.text)
    TIM7_IRQHandler                          0x080002ab   Thumb Code     0  startup_stm32f446xx.o(.text)
    TIM8_BRK_TIM12_IRQHandler                0x080002ab   Thumb Code     0  startup_stm32f446xx.o(.text)
    TIM8_CC_IRQHandler                       0x080002ab   Thumb Code     0  startup_stm32f446xx.o(.text)
    TIM8_TRG_COM_TIM14_IRQHandler            0x080002ab   Thumb Code     0  startup_stm32f446xx.o(.text)
    TIM8_UP_TIM13_IRQHandler                 0x080002ab   Thumb Code     0  startup_stm32f446xx.o(.text)
    UART4_IRQHandler                         0x080002ab   Thumb Code     0  startup_stm32f446xx.o(.text)
    UART5_IRQHandler                         0x080002ab   Thumb Code     0  startup_stm32f446xx.o(.text)
    USART1_IRQHandler                        0x080002ab   Thumb Code     0  startup_stm32f446xx.o(.text)
    USART2_IRQHandler                        0x080002ab   Thumb Code     0  startup_stm32f446xx.o(.text)
    USART3_IRQHandler                        0x080002ab   Thumb Code     0  startup_stm32f446xx.o(.text)
    USART6_IRQHandler                        0x080002ab   Thumb Code     0  startup_stm32f446xx.o(.text)
    WWDG_IRQHandler                          0x080002ab   Thumb Code     0  startup_stm32f446xx.o(.text)
    __user_initial_stackheap                 0x080002ad   Thumb Code     0  startup_stm32f446xx.o(.text)
    malloc_internal$concurrent               0x080002e1   Thumb Code   130  h1_alloc_threads.o(.text)
    malloc                                   0x08000363   Thumb Code    20  h1_alloc_threads.o(.text)
    free_internal$concurrent                 0x08000377   Thumb Code    98  h1_free_threads.o(.text)
    free                                     0x080003d9   Thumb Code    20  h1_free_threads.o(.text)
    __aeabi_uldivmod                         0x080003ed   Thumb Code     0  lludivv7m.o(.text)
    _ll_udiv                                 0x080003ed   Thumb Code   240  lludivv7m.o(.text)
    __2printf                                0x080004dd   Thumb Code    20  noretval__2printf.o(.text)
    __printf                                 0x080004f5   Thumb Code   104  __printf.o(.text)
    _printf_str                              0x0800055d   Thumb Code    82  _printf_str.o(.text)
    _printf_int_dec                          0x080005b1   Thumb Code   104  _printf_dec.o(.text)
    putchar                                  0x08000629   Thumb Code     6  putchar.o(.text)
    puts                                     0x08000635   Thumb Code    40  puts.o(.text)
    strlen                                   0x08000661   Thumb Code    62  strlen.o(.text)
    strcat                                   0x0800069f   Thumb Code    24  strcat.o(.text)
    __aeabi_memcpy                           0x080006b7   Thumb Code     0  rt_memcpy_v6.o(.text)
    __rt_memcpy                              0x080006b7   Thumb Code   138  rt_memcpy_v6.o(.text)
    _memcpy_lastbytes                        0x0800071d   Thumb Code     0  rt_memcpy_v6.o(.text)
    __aeabi_memset4                          0x08000741   Thumb Code    16  aeabi_memset4.o(.text)
    __aeabi_memset8                          0x08000741   Thumb Code     0  aeabi_memset4.o(.text)
    __use_two_region_memory                  0x08000751   Thumb Code     2  heapauxi.o(.text)
    __rt_heap_escrow                         0x08000753   Thumb Code     2  heapauxi.o(.text)
    __rt_heap_expand                         0x08000755   Thumb Code     2  heapauxi.o(.text)
    __rt_heap_descriptor                     0x08000757   Thumb Code    10  rt_heap_descriptor_twolibspace.o(.text)
    __use_no_heap                            0x08000761   Thumb Code     2  hguard.o(.text)
    __heap$guard                             0x08000763   Thumb Code     2  hguard.o(.text)
    _terminate_user_alloc                    0x08000765   Thumb Code     2  init_alloc.o(.text)
    _init_user_alloc                         0x08000767   Thumb Code     2  init_alloc.o(.text)
    __Heap_Full                              0x08000769   Thumb Code    34  init_alloc.o(.text)
    __Heap_Broken                            0x0800078b   Thumb Code     6  init_alloc.o(.text)
    _init_alloc                              0x08000791   Thumb Code    94  init_alloc.o(.text)
    __Heap_Initialize                        0x080007ef   Thumb Code    14  h1_init_threads.o(.text)
    __Heap_DescSize                          0x080007fd   Thumb Code     4  h1_init_threads.o(.text)
    _printf_int_common                       0x08000801   Thumb Code   178  _printf_intcommon.o(.text)
    _printf_cs_common                        0x080008b3   Thumb Code    20  _printf_char.o(.text)
    _printf_char                             0x080008c7   Thumb Code    16  _printf_char.o(.text)
    _printf_string                           0x080008d7   Thumb Code     8  _printf_char.o(.text)
    _printf_char_file                        0x080008e1   Thumb Code    32  _printf_char_file.o(.text)
    __aeabi_memcpy4                          0x08000905   Thumb Code     0  rt_memcpy_w.o(.text)
    __aeabi_memcpy8                          0x08000905   Thumb Code     0  rt_memcpy_w.o(.text)
    __rt_memcpy_w                            0x08000905   Thumb Code   100  rt_memcpy_w.o(.text)
    _memcpy_lastbytes_aligned                0x0800094d   Thumb Code     0  rt_memcpy_w.o(.text)
    __aeabi_memclr4                          0x08000969   Thumb Code     0  rt_memclr_w.o(.text)
    __aeabi_memclr8                          0x08000969   Thumb Code     0  rt_memclr_w.o(.text)
    __rt_memclr_w                            0x08000969   Thumb Code    78  rt_memclr_w.o(.text)
    _memset_w                                0x0800096d   Thumb Code     0  rt_memclr_w.o(.text)
    __user_libspace                          0x080009b9   Thumb Code     8  libspace.o(.text)
    __user_perproc_libspace                  0x080009b9   Thumb Code     0  libspace.o(.text)
    _maybe_terminate_alloc                   0x080009c1   Thumb Code     0  maybetermalloc2.o(.text)
    __Heap_ProvideMemory                     0x080009cf   Thumb Code    68  h1_extend_threads.o(.text)
    _printf_char_common                      0x08000a1f   Thumb Code    32  _printf_char_common.o(.text)
    _initio                                  0x08000a45   Thumb Code   240  initio_locked.o(.text)
    _terminateio                             0x08000b35   Thumb Code   168  initio_locked.o(.text)
    __rt_SIGRTMEM                            0x08000c0d   Thumb Code    14  defsig_rtmem_outer.o(.text)
    __I$use$semihosting                      0x08000c1b   Thumb Code     0  use_no_semi.o(.text)
    __use_no_semihosting_swi                 0x08000c1b   Thumb Code     2  use_no_semi.o(.text)
    __semihosting_library_function           0x08000c1d   Thumb Code     0  indicate_semi.o(.text)
    __user_setup_stackheap                   0x08000c1d   Thumb Code    74  sys_stackheap_outer.o(.text)
    _terminate_alloc                         0x08000c67   Thumb Code    16  term_alloc.o(.text)
    _fclose_internal                         0x08000c77   Thumb Code    76  fclose.o(.text)
    fclose                                   0x08000c77   Thumb Code     0  fclose.o(.text)
    setvbuf                                  0x08000cc3   Thumb Code   104  setvbuf_locked.o(.text)
    freopen                                  0x08000de1   Thumb Code    42  fopen_locked.o(.text)
    _fopen$locked                            0x08000e0b   Thumb Code   100  fopen_locked.o(.text)
    exit                                     0x08000e79   Thumb Code    18  exit.o(.text)
    __sig_exit                               0x08000e8b   Thumb Code    10  defsig_exit.o(.text)
    __rt_SIGRTRED                            0x08000e95   Thumb Code    14  defsig_rtred_outer.o(.text)
    __rt_SIGRTMEM_inner                      0x08000ea5   Thumb Code    22  defsig_rtmem_inner.o(.text)
    _sys_open                                0x08000ef5   Thumb Code    20  sys_io.o(.text)
    _sys_close                               0x08000f09   Thumb Code    12  sys_io.o(.text)
    _sys_write                               0x08000f15   Thumb Code    16  sys_io.o(.text)
    _sys_read                                0x08000f25   Thumb Code    14  sys_io.o(.text)
    _sys_istty                               0x08000f33   Thumb Code    12  sys_io.o(.text)
    _sys_seek                                0x08000f3f   Thumb Code    14  sys_io.o(.text)
    _sys_ensure                              0x08000f4d   Thumb Code     2  sys_io.o(.text)
    _sys_flen                                0x08000f4f   Thumb Code    12  sys_io.o(.text)
    _sys_exit                                0x08000f5d   Thumb Code     8  sys_exit.o(.text)
    __Heap_Finalize                          0x08000f69   Thumb Code    10  h1_final_threads.o(.text)
    _fseek                                   0x08000f75   Thumb Code   242  fseek.o(.text)
    fseek                                    0x08000f75   Thumb Code     0  fseek.o(.text)
    _seterr                                  0x0800106d   Thumb Code    20  stdio.o(.text)
    _writebuf                                0x08001081   Thumb Code    84  stdio.o(.text)
    _fflush                                  0x080010d5   Thumb Code    70  stdio.o(.text)
    _deferredlazyseek                        0x0800111b   Thumb Code    60  stdio.o(.text)
    __default_signal_display                 0x0800115d   Thumb Code    50  defsig_general.o(.text)
    __rt_SIGRTRED_inner                      0x08001191   Thumb Code    14  defsig_rtred_inner.o(.text)
    _ttywrch                                 0x080011c5   Thumb Code    14  sys_wrch.o(.text)
    _ftell_internal                          0x080011d3   Thumb Code    66  ftell.o(.text)
    ftell                                    0x080011d3   Thumb Code     0  ftell.o(.text)
    __aeabi_errno_addr                       0x08001215   Thumb Code     4  rt_errno_addr_twolibspace.o(.text)
    __errno$twolibspace                      0x08001215   Thumb Code     0  rt_errno_addr_twolibspace.o(.text)
    __rt_errno_addr$twolibspace              0x08001215   Thumb Code     0  rt_errno_addr_twolibspace.o(.text)
    HAL_GPIO_Init                            0x08001219   Thumb Code   404  stm32f4xx_hal_gpio.o(.text.HAL_GPIO_Init)
    HAL_GPIO_ReadPin                         0x080013ad   Thumb Code    10  stm32f4xx_hal_gpio.o(.text.HAL_GPIO_ReadPin)
    HAL_GPIO_TogglePin                       0x080013b9   Thumb Code    14  stm32f4xx_hal_gpio.o(.text.HAL_GPIO_TogglePin)
    HAL_GPIO_WritePin                        0x080013c9   Thumb Code    10  stm32f4xx_hal_gpio.o(.text.HAL_GPIO_WritePin)
    HAL_GetTick                              0x080013d5   Thumb Code    12  stm32f4xx_hal.o(.text.HAL_GetTick)
    HAL_Init                                 0x080013e1   Thumb Code    46  stm32f4xx_hal.o(.text.HAL_Init)
    HAL_InitTick                             0x08001411   Thumb Code    80  stm32f4xx_hal.o(.text.HAL_InitTick)
    HAL_MspInit                              0x08001461   Thumb Code     2  stm32f4xx_hal.o(.text.HAL_MspInit)
    HAL_NVIC_SetPriority                     0x08001465   Thumb Code    30  stm32f4xx_hal_cortex.o(.text.HAL_NVIC_SetPriority)
    HAL_NVIC_SetPriorityGrouping             0x08001485   Thumb Code     8  stm32f4xx_hal_cortex.o(.text.HAL_NVIC_SetPriorityGrouping)
    HAL_RCC_ClockConfig                      0x0800148d   Thumb Code   340  stm32f4xx_hal_rcc.o(.text.HAL_RCC_ClockConfig)
    HAL_RCC_GetHCLKFreq                      0x080015e1   Thumb Code    12  stm32f4xx_hal_rcc.o(.text.HAL_RCC_GetHCLKFreq)
    HAL_RCC_GetPCLK1Freq                     0x080015ed   Thumb Code    34  stm32f4xx_hal_rcc.o(.text.HAL_RCC_GetPCLK1Freq)
    HAL_RCC_GetPCLK2Freq                     0x08001611   Thumb Code    34  stm32f4xx_hal_rcc.o(.text.HAL_RCC_GetPCLK2Freq)
    HAL_RCC_GetSysClockFreq                  0x08001635   Thumb Code   160  stm32f4xx_hal_rcc_ex.o(.text.HAL_RCC_GetSysClockFreq)
    HAL_RCC_OscConfig                        0x080016d5   Thumb Code   806  stm32f4xx_hal_rcc_ex.o(.text.HAL_RCC_OscConfig)
    HAL_SPI_Init                             0x080019fd   Thumb Code   136  stm32f4xx_hal_spi.o(.text.HAL_SPI_Init)
    HAL_SPI_MspInit                          0x08001a85   Thumb Code     2  stm32f4xx_hal_spi.o(.text.HAL_SPI_MspInit)
    HAL_SPI_Receive                          0x08001a89   Thumb Code   482  stm32f4xx_hal_spi.o(.text.HAL_SPI_Receive)
    HAL_SPI_Transmit                         0x08001c6d   Thumb Code   414  stm32f4xx_hal_spi.o(.text.HAL_SPI_Transmit)
    HAL_SPI_TransmitReceive                  0x08001e0d   Thumb Code   630  stm32f4xx_hal_spi.o(.text.HAL_SPI_TransmitReceive)
    HAL_SYSTICK_Config                       0x08002085   Thumb Code     8  stm32f4xx_hal_cortex.o(.text.HAL_SYSTICK_Config)
    HAL_UART_Init                            0x0800208d   Thumb Code    94  stm32f4xx_hal_uart.o(.text.HAL_UART_Init)
    HAL_UART_MspInit                         0x080020ed   Thumb Code     2  stm32f4xx_hal_uart.o(.text.HAL_UART_MspInit)
    HAL_UART_Transmit                        0x080020f1   Thumb Code   190  stm32f4xx_hal_uart.o(.text.HAL_UART_Transmit)
    PendSV_Handler                           0x08002311   Thumb Code   100  port.o(.text.PendSV_Handler)
    SVC_Handler                              0x08002521   Thumb Code    36  port.o(.text.SVC_Handler)
    SysTick_Handler                          0x08002575   Thumb Code    26  cmsis_os2.o(.text.SysTick_Handler)
    SystemInit                               0x08002611   Thumb Code    86  system_stm32f4xx.o(.text.SystemInit)
    WIZCHIP_READ                             0x08002939   Thumb Code    58  w5100.o(.text.WIZCHIP_READ)
    WIZCHIP_READ_BUF                         0x08002975   Thumb Code    88  w5100.o(.text.WIZCHIP_READ_BUF)
    WIZCHIP_WRITE                            0x080029cd   Thumb Code    58  w5100.o(.text.WIZCHIP_WRITE)
    WIZCHIP_WRITE_BUF                        0x08002a09   Thumb Code   102  w5100.o(.text.WIZCHIP_WRITE_BUF)
    __user_perthread_libspace                0x08002ac5   Thumb Code    68  clib_arm.o(.text.__user_perthread_libspace)
    _mutex_acquire                           0x08002b09   Thumb Code    26  clib_arm.o(.text._mutex_acquire)
    _mutex_free                              0x08002b25   Thumb Code    50  clib_arm.o(.text._mutex_free)
    _mutex_initialize                        0x08002b59   Thumb Code    88  clib_arm.o(.text._mutex_initialize)
    _mutex_release                           0x08002bb1   Thumb Code    28  clib_arm.o(.text._mutex_release)
    _platform_post_stackheap_init            0x08002bcd   Thumb Code     2  clib_arm.o(.text._platform_post_stackheap_init)
    close                                    0x08002c35   Thumb Code   136  socket.o(.text.close)
    createTCPServerSocket                    0x08002cbd   Thumb Code   172  server.o(.text.createTCPServerSocket)
    eeprom_init                              0x08002e11   Thumb Code    28  eeprom.o(.text.eeprom_init)
    eeprom_read_block                        0x08002e2d   Thumb Code   108  eeprom.o(.text.eeprom_read_block)
    eeprom_read_page                         0x08002e99   Thumb Code    22  eeprom.o(.text.eeprom_read_page)
    eeprom_task_create                       0x08002efd   Thumb Code   120  eeprom.o(.text.eeprom_task_create)
    eeprom_write_page                        0x08002f75   Thumb Code    60  eeprom.o(.text.eeprom_write_page)
    ferror                                   0x08002fb1   Thumb Code     4  retarget.o(.text.ferror)
    fputc                                    0x08002fb5   Thumb Code    32  retarget.o(.text.fputc)
    getSn_RX_RSR                             0x08003019   Thumb Code    76  w5100.o(.text.getSn_RX_RSR)
    getSn_TX_FSR                             0x08003065   Thumb Code    76  w5100.o(.text.getSn_TX_FSR)
    getSn_TxBASE                             0x080030b1   Thumb Code    82  w5100.o(.text.getSn_TxBASE)
    getsockopt                               0x08003119   Thumb Code   244  socket.o(.text.getsockopt)
    i2c_init                                 0x0800322d   Thumb Code   172  i2c.o(.text.i2c_init)
    i2c_read_register                        0x080032d9   Thumb Code   202  i2c.o(.text.i2c_read_register)
    i2c_write_data                           0x080033a5   Thumb Code   142  i2c.o(.text.i2c_write_data)
    linked_list_add                          0x08003435   Thumb Code   204  linked_list.o(.text.linked_list_add)
    linked_list_create                       0x08003501   Thumb Code    32  linked_list.o(.text.linked_list_create)
    linked_list_find_module                  0x08003521   Thumb Code    62  linked_list.o(.text.linked_list_find_module)
    linked_list_set_module_data              0x08003561   Thumb Code    50  linked_list.o(.text.linked_list_set_module_data)
    listen                                   0x08003595   Thumb Code   114  socket.o(.text.listen)
    logs_add_log                             0x0800384d   Thumb Code   140  logs.o(.text.logs_add_log)
    logs_add_new_module                      0x080038d9   Thumb Code    38  logs.o(.text.logs_add_new_module)
    logs_init                                0x08003901   Thumb Code   124  logs.o(.text.logs_init)
    logs_print_saved                         0x0800397d   Thumb Code   228  logs.o(.text.logs_print_saved)
    logs_save                                0x08003a61   Thumb Code   168  logs.o(.text.logs_save)
    logs_task_create                         0x08003b09   Thumb Code   116  logs.o(.text.logs_task_create)
    main                                     0x08003b7d   Thumb Code   380  main.o(.text.main)
    pcTaskGetName                            0x08003da9   Thumb Code    20  tasks.o(.text.pcTaskGetName)
    pvPortMalloc                             0x080046d1   Thumb Code   252  heap_4.o(.text.pvPortMalloc)
    pvTaskIncrementMutexHeldCount            0x080047cd   Thumb Code    24  tasks.o(.text.pvTaskIncrementMutexHeldCount)
    pxPortInitialiseStack                    0x080047e5   Thumb Code    40  port.o(.text.pxPortInitialiseStack)
    reg_wizchip_cs_cbfunc                    0x08004ac1   Thumb Code    56  wizchip_conf.o(.text.reg_wizchip_cs_cbfunc)
    reg_wizchip_spi_cbfunc                   0x08004af9   Thumb Code    66  wizchip_conf.o(.text.reg_wizchip_spi_cbfunc)
    retarget_init                            0x08004b3d   Thumb Code    10  retarget.o(.text.retarget_init)
    rtc_get_hour_bcd                         0x08004b49   Thumb Code    16  rtc.o(.text.rtc_get_hour_bcd)
    rtc_get_min_bcd                          0x08004b59   Thumb Code    16  rtc.o(.text.rtc_get_min_bcd)
    rtc_init                                 0x08004b69   Thumb Code    10  rtc.o(.text.rtc_init)
    rtc_print_date                           0x08004b75   Thumb Code    76  rtc.o(.text.rtc_print_date)
    rtc_read_date                            0x08004bc1   Thumb Code    94  rtc.o(.text.rtc_read_date)
    send                                     0x08004c89   Thumb Code   322  socket.o(.text.send)
    setsockopt                               0x08004e65   Thumb Code   122  socket.o(.text.setsockopt)
    socket                                   0x08004ee1   Thumb Code   294  socket.o(.text.socket)
    taskLED                                  0x08005051   Thumb Code    34  main.o(.text.taskLED)
    uxListRemove                             0x080050e1   Thumb Code    40  list.o(.text.uxListRemove)
    vApplicationGetIdleTaskMemory            0x08005109   Thumb Code    26  cmsis_os2.o(.text.vApplicationGetIdleTaskMemory)
    vApplicationGetTimerTaskMemory           0x08005125   Thumb Code    26  cmsis_os2.o(.text.vApplicationGetTimerTaskMemory)
    vApplicationStackOverflowHook            0x08005141   Thumb Code     2  cmsis_os2.o(.text.vApplicationStackOverflowHook)
    vListInitialise                          0x08005145   Thumb Code    22  list.o(.text.vListInitialise)
    vListInitialiseItem                      0x0800515d   Thumb Code     6  list.o(.text.vListInitialiseItem)
    vListInsert                              0x08005165   Thumb Code    58  list.o(.text.vListInsert)
    vListInsertEnd                           0x080051a1   Thumb Code    28  list.o(.text.vListInsertEnd)
    vPortEnterCritical                       0x080051d1   Thumb Code    32  port.o(.text.vPortEnterCritical)
    vPortExitCritical                        0x080051f1   Thumb Code    26  port.o(.text.vPortExitCritical)
    vPortFree                                0x0800520d   Thumb Code   100  heap_4.o(.text.vPortFree)
    vPortSetupTimerInterrupt                 0x08005271   Thumb Code    52  port.o(.text.vPortSetupTimerInterrupt)
    vQueueDelete                             0x080052a5   Thumb Code    16  queue.o(.text.vQueueDelete)
    vQueueWaitForMessageRestricted           0x080052b5   Thumb Code    68  queue.o(.text.vQueueWaitForMessageRestricted)
    vTaskDelay                               0x080052f9   Thumb Code    52  tasks.o(.text.vTaskDelay)
    vTaskDelete                              0x0800532d   Thumb Code   164  tasks.o(.text.vTaskDelete)
    vTaskInternalSetTimeOutState             0x080053d1   Thumb Code    26  tasks.o(.text.vTaskInternalSetTimeOutState)
    vTaskMissedYield                         0x080053ed   Thumb Code    14  tasks.o(.text.vTaskMissedYield)
    vTaskPlaceOnEventList                    0x080053fd   Thumb Code    30  tasks.o(.text.vTaskPlaceOnEventList)
    vTaskPlaceOnEventListRestricted          0x0800541d   Thumb Code    40  tasks.o(.text.vTaskPlaceOnEventListRestricted)
    vTaskPriorityDisinheritAfterTimeout      0x08005445   Thumb Code   108  tasks.o(.text.vTaskPriorityDisinheritAfterTimeout)
    vTaskStartScheduler                      0x080054b1   Thumb Code   144  tasks.o(.text.vTaskStartScheduler)
    vTaskSuspendAll                          0x08005541   Thumb Code    16  tasks.o(.text.vTaskSuspendAll)
    vTaskSwitchContext                       0x08005551   Thumb Code   170  tasks.o(.text.vTaskSwitchContext)
    wiz_send_data                            0x080055fd   Thumb Code   226  w5100.o(.text.wiz_send_data)
    wizchip_bus_readdata                     0x080056e1   Thumb Code     4  wizchip_conf.o(.text.wizchip_bus_readdata)
    wizchip_bus_writedata                    0x080056e5   Thumb Code     4  wizchip_conf.o(.text.wizchip_bus_writedata)
    wizchip_cris_enter                       0x080056e9   Thumb Code     2  wizchip_conf.o(.text.wizchip_cris_enter)
    wizchip_cris_exit                        0x080056ed   Thumb Code     2  wizchip_conf.o(.text.wizchip_cris_exit)
    wizchip_cs_deselect                      0x080056f1   Thumb Code     2  wizchip_conf.o(.text.wizchip_cs_deselect)
    wizchip_cs_select                        0x080056f5   Thumb Code     2  wizchip_conf.o(.text.wizchip_cs_select)
    wizchip_getnetinfo                       0x080056f9   Thumb Code   110  wizchip_conf.o(.text.wizchip_getnetinfo)
    wizchip_init                             0x08005769   Thumb Code   234  wizchip_conf.o(.text.wizchip_init)
    wizchip_setnetinfo                       0x08005855   Thumb Code   112  wizchip_conf.o(.text.wizchip_setnetinfo)
    wizchip_spi_readbyte                     0x080058c5   Thumb Code     4  wizchip_conf.o(.text.wizchip_spi_readbyte)
    wizchip_spi_writebyte                    0x080058c9   Thumb Code     2  wizchip_conf.o(.text.wizchip_spi_writebyte)
    wizchip_sw_reset                         0x080058cd   Thumb Code   112  wizchip_conf.o(.text.wizchip_sw_reset)
    xPortStartScheduler                      0x0800593d   Thumb Code    74  port.o(.text.xPortStartScheduler)
    xPortSysTickHandler                      0x08005989   Thumb Code    46  port.o(.text.xPortSysTickHandler)
    xQueueCreateMutex                        0x080059b9   Thumb Code    22  queue.o(.text.xQueueCreateMutex)
    xQueueCreateMutexStatic                  0x080059d1   Thumb Code    34  queue.o(.text.xQueueCreateMutexStatic)
    xQueueGenericCreate                      0x080059f5   Thumb Code    50  queue.o(.text.xQueueGenericCreate)
    xQueueGenericCreateStatic                0x08005a29   Thumb Code    28  queue.o(.text.xQueueGenericCreateStatic)
    xQueueGenericReset                       0x08005a45   Thumb Code   106  queue.o(.text.xQueueGenericReset)
    xQueueGenericSend                        0x08005ab1   Thumb Code   310  queue.o(.text.xQueueGenericSend)
    xQueueGenericSendFromISR                 0x08005be9   Thumb Code   112  queue.o(.text.xQueueGenericSendFromISR)
    xQueueReceive                            0x08005c59   Thumb Code   296  queue.o(.text.xQueueReceive)
    xQueueSemaphoreTake                      0x08005d81   Thumb Code   354  queue.o(.text.xQueueSemaphoreTake)
    xTaskCheckForTimeOut                     0x08005ee5   Thumb Code    92  tasks.o(.text.xTaskCheckForTimeOut)
    xTaskCreate                              0x08005f41   Thumb Code   102  tasks.o(.text.xTaskCreate)
    xTaskCreateStatic                        0x08005fa9   Thumb Code    62  tasks.o(.text.xTaskCreateStatic)
    xTaskGetCurrentTaskHandle                0x08005fe9   Thumb Code    12  tasks.o(.text.xTaskGetCurrentTaskHandle)
    xTaskGetSchedulerState                   0x08005ff5   Thumb Code    38  tasks.o(.text.xTaskGetSchedulerState)
    xTaskGetTickCount                        0x0800601d   Thumb Code    12  tasks.o(.text.xTaskGetTickCount)
    xTaskIncrementTick                       0x08006029   Thumb Code   314  tasks.o(.text.xTaskIncrementTick)
    xTaskPriorityDisinherit                  0x08006165   Thumb Code    92  tasks.o(.text.xTaskPriorityDisinherit)
    xTaskPriorityInherit                     0x080061c1   Thumb Code   146  tasks.o(.text.xTaskPriorityInherit)
    xTaskRemoveFromEventList                 0x08006255   Thumb Code   122  tasks.o(.text.xTaskRemoveFromEventList)
    xTaskResumeAll                           0x080062d1   Thumb Code   252  tasks.o(.text.xTaskResumeAll)
    xTimerCreateTimerTask                    0x080063cd   Thumb Code   104  timers.o(.text.xTimerCreateTimerTask)
    xTimerGenericCommand                     0x08006435   Thumb Code    86  timers.o(.text.xTimerGenericCommand)
    _fp_init                                 0x0800648b   Thumb Code    26  fpinit.o(x$fpl$fpinit)
    __fplib_config_fpu_vfp                   0x080064a3   Thumb Code     0  fpinit.o(x$fpl$fpinit)
    __fplib_config_pureend_doubles           0x080064a3   Thumb Code     0  fpinit.o(x$fpl$fpinit)
    __stdin_name                             0x080064a4   Data           4  sys_io_names.o(.constdata)
    __stdout_name                            0x080064a8   Data           4  sys_io_names.o(.constdata)
    __stderr_name                            0x080064ac   Data           4  sys_io_names.o(.constdata)
    AHBPrescTable                            0x080064e3   Data          16  system_stm32f4xx.o(.rodata.AHBPrescTable)
    APBPrescTable                            0x080064f3   Data           8  system_stm32f4xx.o(.rodata.APBPrescTable)
    Region$$Table$$Base                      0x08006540   Number         0  anon$$obj.o(Region$$Table)
    Region$$Table$$Limit                     0x08006560   Number         0  anon$$obj.o(Region$$Table)
    __aeabi_stdin                            0x20000000   Data           4  stdio_streams.o(.data)
    __aeabi_stdout                           0x20000004   Data           4  stdio_streams.o(.data)
    __aeabi_stderr                           0x20000008   Data           4  stdio_streams.o(.data)
    _stream_list_lock                        0x2000000c   Data           4  streamlock.o(.data)
    SystemCoreClock                          0x20000010   Data           4  system_stm32f4xx.o(.data.SystemCoreClock)
    WIZCHIP                                  0x20000014   Data          44  wizchip_conf.o(.data.WIZCHIP)
    log_mapping_tab                          0x20000040   Data          32  logs.o(.data.log_mapping_tab)
    uwTickFreq                               0x20000062   Data           1  stm32f4xx_hal.o(.data.uwTickFreq)
    uwTickPrio                               0x20000064   Data           4  stm32f4xx_hal.o(.data.uwTickPrio)
    __stdin                                  0x20000070   Data          84  stdio_streams.o(.bss)
    __stdout                                 0x200000c4   Data          84  stdio_streams.o(.bss)
    __stderr                                 0x20000118   Data          84  stdio_streams.o(.bss)
    __libspace_start                         0x2000016c   Data          96  libspace.o(.bss)
    __temporary_stack_top$libspace           0x200001cc   Data           0  libspace.o(.bss)
    hspi2                                    0x2000037c   Data          88  main.o(.bss.hspi2)
    huart2                                   0x200003d4   Data          64  main.o(.bss.huart2)
    logs_queue                               0x20000458   Data           4  logs.o(.bss.logs_queue)
    pxCurrentTCB                             0x200006f4   Data           4  tasks.o(.bss.pxCurrentTCB)
    save_logs_semaphore                      0x20000b6c   Data           4  logs.o(.bss.save_logs_semaphore)
    sock_pack_info                           0x20000b74   Data           4  socket.o(.bss.sock_pack_info)
    uwTick                                   0x20002b88   Data           4  stm32f4xx_hal.o(.bss.uwTick)



==============================================================================

Memory Map of the image

  Image Entry point : 0x08000291

  Load Region LR_1 (Base: 0x08000000, Size: 0x000065cc, Max: 0xffffffff, ABSOLUTE)

    Execution Region ER_RO (Exec base: 0x08000000, Load base: 0x08000000, Size: 0x00006560, Max: 0xffffffff, ABSOLUTE)

    Exec Addr    Load Addr    Size         Type   Attr      Idx    E Section Name        Object

    0x08000000   0x08000000   0x000001c4   Data   RO         1634    RESET               startup_stm32f446xx.o
    0x080001c4   0x080001c4   0x00000008   Code   RO         2197  * !!!main             c_w.l(__main.o)
    0x080001cc   0x080001cc   0x00000034   Code   RO         2470    !!!scatter          c_w.l(__scatter.o)
    0x08000200   0x08000200   0x0000001a   Code   RO         2472    !!handler_copy      c_w.l(__scatter_copy.o)
    0x0800021a   0x0800021a   0x00000002   PAD
    0x0800021c   0x0800021c   0x0000001c   Code   RO         2474    !!handler_zi        c_w.l(__scatter_zi.o)
    0x08000238   0x08000238   0x00000000   Code   RO         2182    .ARM.Collect$$_printf_percent$$00000000  c_w.l(_printf_percent.o)
    0x08000238   0x08000238   0x00000006   Code   RO         2181    .ARM.Collect$$_printf_percent$$00000009  c_w.l(_printf_d.o)
    0x0800023e   0x0800023e   0x00000006   Code   RO         2180    .ARM.Collect$$_printf_percent$$00000014  c_w.l(_printf_s.o)
    0x08000244   0x08000244   0x00000004   Code   RO         2235    .ARM.Collect$$_printf_percent$$00000017  c_w.l(_printf_percent_end.o)
    0x08000248   0x08000248   0x00000002   Code   RO         2388    .ARM.Collect$$libinit$$00000000  c_w.l(libinit.o)
    0x0800024a   0x0800024a   0x00000004   Code   RO         2248    .ARM.Collect$$libinit$$00000001  c_w.l(libinit2.o)
    0x0800024e   0x0800024e   0x00000000   Code   RO         2251    .ARM.Collect$$libinit$$00000004  c_w.l(libinit2.o)
    0x0800024e   0x0800024e   0x00000008   Code   RO         2252    .ARM.Collect$$libinit$$00000005  c_w.l(libinit2.o)
    0x08000256   0x08000256   0x00000000   Code   RO         2254    .ARM.Collect$$libinit$$0000000A  c_w.l(libinit2.o)
    0x08000256   0x08000256   0x00000000   Code   RO         2256    .ARM.Collect$$libinit$$0000000C  c_w.l(libinit2.o)
    0x08000256   0x08000256   0x00000000   Code   RO         2258    .ARM.Collect$$libinit$$0000000E  c_w.l(libinit2.o)
    0x08000256   0x08000256   0x00000000   Code   RO         2261    .ARM.Collect$$libinit$$00000011  c_w.l(libinit2.o)
    0x08000256   0x08000256   0x00000000   Code   RO         2263    .ARM.Collect$$libinit$$00000013  c_w.l(libinit2.o)
    0x08000256   0x08000256   0x00000000   Code   RO         2265    .ARM.Collect$$libinit$$00000015  c_w.l(libinit2.o)
    0x08000256   0x08000256   0x00000000   Code   RO         2267    .ARM.Collect$$libinit$$00000017  c_w.l(libinit2.o)
    0x08000256   0x08000256   0x00000000   Code   RO         2269    .ARM.Collect$$libinit$$00000019  c_w.l(libinit2.o)
    0x08000256   0x08000256   0x00000000   Code   RO         2271    .ARM.Collect$$libinit$$0000001B  c_w.l(libinit2.o)
    0x08000256   0x08000256   0x00000000   Code   RO         2273    .ARM.Collect$$libinit$$0000001D  c_w.l(libinit2.o)
    0x08000256   0x08000256   0x00000000   Code   RO         2275    .ARM.Collect$$libinit$$0000001F  c_w.l(libinit2.o)
    0x08000256   0x08000256   0x00000000   Code   RO         2277    .ARM.Collect$$libinit$$00000021  c_w.l(libinit2.o)
    0x08000256   0x08000256   0x00000000   Code   RO         2279    .ARM.Collect$$libinit$$00000023  c_w.l(libinit2.o)
    0x08000256   0x08000256   0x00000004   Code   RO         2280    .ARM.Collect$$libinit$$00000024  c_w.l(libinit2.o)
    0x0800025a   0x0800025a   0x00000000   Code   RO         2281    .ARM.Collect$$libinit$$00000025  c_w.l(libinit2.o)
    0x0800025a   0x0800025a   0x00000000   Code   RO         2285    .ARM.Collect$$libinit$$0000002C  c_w.l(libinit2.o)
    0x0800025a   0x0800025a   0x00000000   Code   RO         2287    .ARM.Collect$$libinit$$0000002E  c_w.l(libinit2.o)
    0x0800025a   0x0800025a   0x00000000   Code   RO         2289    .ARM.Collect$$libinit$$00000030  c_w.l(libinit2.o)
    0x0800025a   0x0800025a   0x00000000   Code   RO         2291    .ARM.Collect$$libinit$$00000032  c_w.l(libinit2.o)
    0x0800025a   0x0800025a   0x00000002   Code   RO         2292    .ARM.Collect$$libinit$$00000033  c_w.l(libinit2.o)
    0x0800025c   0x0800025c   0x00000002   Code   RO         2467    .ARM.Collect$$libshutdown$$00000000  c_w.l(libshutdown.o)
    0x0800025e   0x0800025e   0x00000000   Code   RO         2390    .ARM.Collect$$libshutdown$$00000002  c_w.l(libshutdown2.o)
    0x0800025e   0x0800025e   0x00000004   Code   RO         2391    .ARM.Collect$$libshutdown$$00000003  c_w.l(libshutdown2.o)
    0x08000262   0x08000262   0x00000000   Code   RO         2392    .ARM.Collect$$libshutdown$$00000004  c_w.l(libshutdown2.o)
    0x08000262   0x08000262   0x00000000   Code   RO         2395    .ARM.Collect$$libshutdown$$00000007  c_w.l(libshutdown2.o)
    0x08000262   0x08000262   0x00000000   Code   RO         2398    .ARM.Collect$$libshutdown$$0000000A  c_w.l(libshutdown2.o)
    0x08000262   0x08000262   0x00000000   Code   RO         2400    .ARM.Collect$$libshutdown$$0000000C  c_w.l(libshutdown2.o)
    0x08000262   0x08000262   0x00000004   Code   RO         2401    .ARM.Collect$$libshutdown$$0000000D  c_w.l(libshutdown2.o)
    0x08000266   0x08000266   0x00000000   Code   RO         2403    .ARM.Collect$$libshutdown$$0000000F  c_w.l(libshutdown2.o)
    0x08000266   0x08000266   0x00000002   Code   RO         2404    .ARM.Collect$$libshutdown$$00000010  c_w.l(libshutdown2.o)
    0x08000268   0x08000268   0x00000000   Code   RO         2199    .ARM.Collect$$rtentry$$00000000  c_w.l(__rtentry.o)
    0x08000268   0x08000268   0x00000000   Code   RO         2301    .ARM.Collect$$rtentry$$00000002  c_w.l(__rtentry2.o)
    0x08000268   0x08000268   0x00000006   Code   RO         2313    .ARM.Collect$$rtentry$$00000004  c_w.l(__rtentry4.o)
    0x0800026e   0x0800026e   0x00000008   Code   RO         2302    .ARM.Collect$$rtentry$$00000008  c_w.l(__rtentry2.o)
    0x08000276   0x08000276   0x00000004   Code   RO         2304    .ARM.Collect$$rtentry$$0000000A  c_w.l(__rtentry2.o)
    0x0800027a   0x0800027a   0x00000000   Code   RO         2306    .ARM.Collect$$rtentry$$0000000C  c_w.l(__rtentry2.o)
    0x0800027a   0x0800027a   0x00000008   Code   RO         2307    .ARM.Collect$$rtentry$$0000000D  c_w.l(__rtentry2.o)
    0x08000282   0x08000282   0x00000002   Code   RO         2413    .ARM.Collect$$rtexit$$00000000  c_w.l(rtexit.o)
    0x08000284   0x08000284   0x00000000   Code   RO         2436    .ARM.Collect$$rtexit$$00000002  c_w.l(rtexit2.o)
    0x08000284   0x08000284   0x00000004   Code   RO         2437    .ARM.Collect$$rtexit$$00000003  c_w.l(rtexit2.o)
    0x08000288   0x08000288   0x00000006   Code   RO         2438    .ARM.Collect$$rtexit$$00000004  c_w.l(rtexit2.o)
    0x0800028e   0x0800028e   0x00000002   PAD
    0x08000290   0x08000290   0x00000040   Code   RO         1635  * .text               startup_stm32f446xx.o
    0x080002d0   0x080002d0   0x000000a6   Code   RO         2094    .text               c_w.l(h1_alloc_threads.o)
    0x08000376   0x08000376   0x00000076   Code   RO         2096    .text               c_w.l(h1_free_threads.o)
    0x080003ec   0x080003ec   0x000000f0   Code   RO         2148    .text               c_w.l(lludivv7m.o)
    0x080004dc   0x080004dc   0x00000018   Code   RO         2152    .text               c_w.l(noretval__2printf.o)
    0x080004f4   0x080004f4   0x00000068   Code   RO         2154    .text               c_w.l(__printf.o)
    0x0800055c   0x0800055c   0x00000052   Code   RO         2156    .text               c_w.l(_printf_str.o)
    0x080005ae   0x080005ae   0x00000002   PAD
    0x080005b0   0x080005b0   0x00000078   Code   RO         2158    .text               c_w.l(_printf_dec.o)
    0x08000628   0x08000628   0x0000000c   Code   RO         2183    .text               c_w.l(putchar.o)
    0x08000634   0x08000634   0x0000002c   Code   RO         2185    .text               c_w.l(puts.o)
    0x08000660   0x08000660   0x0000003e   Code   RO         2187    .text               c_w.l(strlen.o)
    0x0800069e   0x0800069e   0x00000018   Code   RO         2189    .text               c_w.l(strcat.o)
    0x080006b6   0x080006b6   0x0000008a   Code   RO         2191    .text               c_w.l(rt_memcpy_v6.o)
    0x08000740   0x08000740   0x00000010   Code   RO         2193    .text               c_w.l(aeabi_memset4.o)
    0x08000750   0x08000750   0x00000006   Code   RO         2195    .text               c_w.l(heapauxi.o)
    0x08000756   0x08000756   0x0000000a   Code   RO         2209    .text               c_w.l(rt_heap_descriptor_twolibspace.o)
    0x08000760   0x08000760   0x00000004   Code   RO         2211    .text               c_w.l(hguard.o)
    0x08000764   0x08000764   0x0000008a   Code   RO         2213    .text               c_w.l(init_alloc.o)
    0x080007ee   0x080007ee   0x00000012   Code   RO         2219    .text               c_w.l(h1_init_threads.o)
    0x08000800   0x08000800   0x000000b2   Code   RO         2229    .text               c_w.l(_printf_intcommon.o)
    0x080008b2   0x080008b2   0x0000002c   Code   RO         2231    .text               c_w.l(_printf_char.o)
    0x080008de   0x080008de   0x00000002   PAD
    0x080008e0   0x080008e0   0x00000024   Code   RO         2233    .text               c_w.l(_printf_char_file.o)
    0x08000904   0x08000904   0x00000064   Code   RO         2242    .text               c_w.l(rt_memcpy_w.o)
    0x08000968   0x08000968   0x0000004e   Code   RO         2244    .text               c_w.l(rt_memclr_w.o)
    0x080009b6   0x080009b6   0x00000002   PAD
    0x080009b8   0x080009b8   0x00000008   Code   RO         2297    .text               c_w.l(libspace.o)
    0x080009c0   0x080009c0   0x00000000   Code   RO         2320    .text               c_w.l(maybetermalloc2.o)
    0x080009c0   0x080009c0   0x00000052   Code   RO         2323    .text               c_w.l(h1_extend_threads.o)
    0x08000a12   0x08000a12   0x00000002   PAD
    0x08000a14   0x08000a14   0x00000030   Code   RO         2325    .text               c_w.l(_printf_char_common.o)
    0x08000a44   0x08000a44   0x000001c8   Code   RO         2329    .text               c_w.l(initio_locked.o)
    0x08000c0c   0x08000c0c   0x0000000e   Code   RO         2331    .text               c_w.l(defsig_rtmem_outer.o)
    0x08000c1a   0x08000c1a   0x00000002   Code   RO         2345    .text               c_w.l(use_no_semi.o)
    0x08000c1c   0x08000c1c   0x00000000   Code   RO         2347    .text               c_w.l(indicate_semi.o)
    0x08000c1c   0x08000c1c   0x0000004a   Code   RO         2348    .text               c_w.l(sys_stackheap_outer.o)
    0x08000c66   0x08000c66   0x00000010   Code   RO         2352    .text               c_w.l(term_alloc.o)
    0x08000c76   0x08000c76   0x0000004c   Code   RO         2361    .text               c_w.l(fclose.o)
    0x08000cc2   0x08000cc2   0x00000068   Code   RO         2363    .text               c_w.l(setvbuf_locked.o)
    0x08000d2a   0x08000d2a   0x00000002   PAD
    0x08000d2c   0x08000d2c   0x0000014c   Code   RO         2365    .text               c_w.l(fopen_locked.o)
    0x08000e78   0x08000e78   0x00000012   Code   RO         2367    .text               c_w.l(exit.o)
    0x08000e8a   0x08000e8a   0x0000000a   Code   RO         2369    .text               c_w.l(defsig_exit.o)
    0x08000e94   0x08000e94   0x0000000e   Code   RO         2375    .text               c_w.l(defsig_rtred_outer.o)
    0x08000ea2   0x08000ea2   0x00000002   PAD
    0x08000ea4   0x08000ea4   0x00000050   Code   RO         2379    .text               c_w.l(defsig_rtmem_inner.o)
    0x08000ef4   0x08000ef4   0x00000066   Code   RO         2405    .text               c_w.l(sys_io.o)
    0x08000f5a   0x08000f5a   0x00000002   PAD
    0x08000f5c   0x08000f5c   0x0000000c   Code   RO         2407    .text               c_w.l(sys_exit.o)
    0x08000f68   0x08000f68   0x0000000a   Code   RO         2417    .text               c_w.l(h1_final_threads.o)
    0x08000f72   0x08000f72   0x00000002   PAD
    0x08000f74   0x08000f74   0x000000f8   Code   RO         2419    .text               c_w.l(fseek.o)
    0x0800106c   0x0800106c   0x000000f0   Code   RO         2421    .text               c_w.l(stdio.o)
    0x0800115c   0x0800115c   0x00000032   Code   RO         2425    .text               c_w.l(defsig_general.o)
    0x0800118e   0x0800118e   0x00000002   PAD
    0x08001190   0x08001190   0x00000034   Code   RO         2429    .text               c_w.l(defsig_rtred_inner.o)
    0x080011c4   0x080011c4   0x0000000e   Code   RO         2431    .text               c_w.l(sys_wrch.o)
    0x080011d2   0x080011d2   0x00000042   Code   RO         2442    .text               c_w.l(ftell.o)
    0x08001214   0x08001214   0x00000004   Code   RO         2451    .text               c_w.l(rt_errno_addr_twolibspace.o)
    0x08001218   0x08001218   0x00000194   Code   RO          829    .text.HAL_GPIO_Init  stm32f4xx_hal_gpio.o
    0x080013ac   0x080013ac   0x0000000a   Code   RO          833    .text.HAL_GPIO_ReadPin  stm32f4xx_hal_gpio.o
    0x080013b6   0x080013b6   0x00000002   PAD
    0x080013b8   0x080013b8   0x0000000e   Code   RO          837    .text.HAL_GPIO_TogglePin  stm32f4xx_hal_gpio.o
    0x080013c6   0x080013c6   0x00000002   PAD
    0x080013c8   0x080013c8   0x0000000a   Code   RO          835    .text.HAL_GPIO_WritePin  stm32f4xx_hal_gpio.o
    0x080013d2   0x080013d2   0x00000002   PAD
    0x080013d4   0x080013d4   0x0000000c   Code   RO          650    .text.HAL_GetTick   stm32f4xx_hal.o
    0x080013e0   0x080013e0   0x0000002e   Code   RO          638    .text.HAL_Init      stm32f4xx_hal.o
    0x0800140e   0x0800140e   0x00000002   PAD
    0x08001410   0x08001410   0x00000050   Code   RO          640    .text.HAL_InitTick  stm32f4xx_hal.o
    0x08001460   0x08001460   0x00000002   Code   RO          642    .text.HAL_MspInit   stm32f4xx_hal.o
    0x08001462   0x08001462   0x00000002   PAD
    0x08001464   0x08001464   0x0000001e   Code   RO          707    .text.HAL_NVIC_SetPriority  stm32f4xx_hal_cortex.o
    0x08001482   0x08001482   0x00000002   PAD
    0x08001484   0x08001484   0x00000008   Code   RO          703    .text.HAL_NVIC_SetPriorityGrouping  stm32f4xx_hal_cortex.o
    0x0800148c   0x0800148c   0x00000154   Code   RO         1103    .text.HAL_RCC_ClockConfig  stm32f4xx_hal_rcc.o
    0x080015e0   0x080015e0   0x0000000c   Code   RO         1113    .text.HAL_RCC_GetHCLKFreq  stm32f4xx_hal_rcc.o
    0x080015ec   0x080015ec   0x00000022   Code   RO         1115    .text.HAL_RCC_GetPCLK1Freq  stm32f4xx_hal_rcc.o
    0x0800160e   0x0800160e   0x00000002   PAD
    0x08001610   0x08001610   0x00000022   Code   RO         1117    .text.HAL_RCC_GetPCLK2Freq  stm32f4xx_hal_rcc.o
    0x08001632   0x08001632   0x00000002   PAD
    0x08001634   0x08001634   0x000000a0   Code   RO         1151    .text.HAL_RCC_GetSysClockFreq  stm32f4xx_hal_rcc_ex.o
    0x080016d4   0x080016d4   0x00000326   Code   RO         1155    .text.HAL_RCC_OscConfig  stm32f4xx_hal_rcc_ex.o
    0x080019fa   0x080019fa   0x00000002   PAD
    0x080019fc   0x080019fc   0x00000088   Code   RO         1293    .text.HAL_SPI_Init  stm32f4xx_hal_spi.o
    0x08001a84   0x08001a84   0x00000002   Code   RO         1295    .text.HAL_SPI_MspInit  stm32f4xx_hal_spi.o
    0x08001a86   0x08001a86   0x00000002   PAD
    0x08001a88   0x08001a88   0x000001e2   Code   RO         1305    .text.HAL_SPI_Receive  stm32f4xx_hal_spi.o
    0x08001c6a   0x08001c6a   0x00000002   PAD
    0x08001c6c   0x08001c6c   0x0000019e   Code   RO         1301    .text.HAL_SPI_Transmit  stm32f4xx_hal_spi.o
    0x08001e0a   0x08001e0a   0x00000002   PAD
    0x08001e0c   0x08001e0c   0x00000276   Code   RO         1307    .text.HAL_SPI_TransmitReceive  stm32f4xx_hal_spi.o
    0x08002082   0x08002082   0x00000002   PAD
    0x08002084   0x08002084   0x00000008   Code   RO          727    .text.HAL_SYSTICK_Config  stm32f4xx_hal_cortex.o
    0x0800208c   0x0800208c   0x0000005e   Code   RO         1419    .text.HAL_UART_Init  stm32f4xx_hal_uart.o
    0x080020ea   0x080020ea   0x00000002   PAD
    0x080020ec   0x080020ec   0x00000002   Code   RO         1421    .text.HAL_UART_MspInit  stm32f4xx_hal_uart.o
    0x080020ee   0x080020ee   0x00000002   PAD
    0x080020f0   0x080020f0   0x000000be   Code   RO         1435    .text.HAL_UART_Transmit  stm32f4xx_hal_uart.o
    0x080021ae   0x080021ae   0x00000002   PAD
    0x080021b0   0x080021b0   0x0000009a   Code   RO            6    .text.MX_GPIO_Init  main.o
    0x0800224a   0x0800224a   0x00000002   PAD
    0x0800224c   0x0800224c   0x00000092   Code   RO            8    .text.MX_SPI2_Init  main.o
    0x080022de   0x080022de   0x00000002   PAD
    0x080022e0   0x080022e0   0x0000002c   Code   RO          713    .text.NVIC_EncodePriority  stm32f4xx_hal_cortex.o
    0x0800230c   0x0800230c   0x00000004   PAD
    0x08002310   0x08002310   0x00000064   Code   RO         1734    .text.PendSV_Handler  port.o
    0x08002374   0x08002374   0x00000090   Code   RO         1311    .text.SPI_EndRxTransaction  stm32f4xx_hal_spi.o
    0x08002404   0x08002404   0x0000006a   Code   RO         1303    .text.SPI_EndRxTxTransaction  stm32f4xx_hal_spi.o
    0x0800246e   0x0800246e   0x00000002   PAD
    0x08002470   0x08002470   0x000000ac   Code   RO         1309    .text.SPI_WaitFlagStateUntilTimeout  stm32f4xx_hal_spi.o
    0x0800251c   0x0800251c   0x00000004   PAD
    0x08002520   0x08002520   0x00000024   Code   RO         1718    .text.SVC_Handler   port.o
    0x08002544   0x08002544   0x0000002e   Code   RO          729    .text.SysTick_Config  stm32f4xx_hal_cortex.o
    0x08002572   0x08002572   0x00000002   PAD
    0x08002574   0x08002574   0x0000001a   Code   RO          433    .text.SysTick_Handler  cmsis_os2.o
    0x0800258e   0x0800258e   0x00000002   PAD
    0x08002590   0x08002590   0x00000080   Code   RO            4    .text.SystemClock_Config  main.o
    0x08002610   0x08002610   0x00000056   Code   RO         1642    .text.SystemInit    system_stm32f4xx.o
    0x08002666   0x08002666   0x00000002   PAD
    0x08002668   0x08002668   0x0000026a   Code   RO         1423    .text.UART_SetConfig  stm32f4xx_hal_uart.o
    0x080028d2   0x080028d2   0x00000002   PAD
    0x080028d4   0x080028d4   0x00000064   Code   RO         1437    .text.UART_WaitOnFlagUntilTimeout  stm32f4xx_hal_uart.o
    0x08002938   0x08002938   0x0000003a   Code   RO          348    .text.WIZCHIP_READ  w5100.o
    0x08002972   0x08002972   0x00000002   PAD
    0x08002974   0x08002974   0x00000058   Code   RO          352    .text.WIZCHIP_READ_BUF  w5100.o
    0x080029cc   0x080029cc   0x0000003a   Code   RO          346    .text.WIZCHIP_WRITE  w5100.o
    0x08002a06   0x08002a06   0x00000002   PAD
    0x08002a08   0x08002a08   0x00000066   Code   RO          350    .text.WIZCHIP_WRITE_BUF  w5100.o
    0x08002a6e   0x08002a6e   0x00000002   PAD
    0x08002a70   0x08002a70   0x00000010   Code   RO          709    .text.__NVIC_GetPriorityGrouping  stm32f4xx_hal_cortex.o
    0x08002a80   0x08002a80   0x00000022   Code   RO          711    .text.__NVIC_SetPriority  stm32f4xx_hal_cortex.o
    0x08002aa2   0x08002aa2   0x00000002   PAD
    0x08002aa4   0x08002aa4   0x00000020   Code   RO          705    .text.__NVIC_SetPriorityGrouping  stm32f4xx_hal_cortex.o
    0x08002ac4   0x08002ac4   0x00000044   Code   RO          378    .text.__user_perthread_libspace  clib_arm.o
    0x08002b08   0x08002b08   0x0000001a   Code   RO          384    .text._mutex_acquire  clib_arm.o
    0x08002b22   0x08002b22   0x00000002   PAD
    0x08002b24   0x08002b24   0x00000032   Code   RO          388    .text._mutex_free   clib_arm.o
    0x08002b56   0x08002b56   0x00000002   PAD
    0x08002b58   0x08002b58   0x00000058   Code   RO          382    .text._mutex_initialize  clib_arm.o
    0x08002bb0   0x08002bb0   0x0000001c   Code   RO          386    .text._mutex_release  clib_arm.o
    0x08002bcc   0x08002bcc   0x00000002   Code   RO          376    .text._platform_post_stackheap_init  clib_arm.o
    0x08002bce   0x08002bce   0x00000002   PAD
    0x08002bd0   0x08002bd0   0x00000050   Code   RO           46    .text.acceptTCPServerSocket  server.o
    0x08002c20   0x08002c20   0x00000012   Code   RO          199    .text.bcd2dec       logs.o
    0x08002c32   0x08002c32   0x00000002   PAD
    0x08002c34   0x08002c34   0x00000088   Code   RO          236    .text.close         socket.o
    0x08002cbc   0x08002cbc   0x000000ac   Code   RO           36    .text.createTCPServerSocket  server.o
    0x08002d68   0x08002d68   0x00000064   Code   RO           38    .text.create_socket_queue  server.o
    0x08002dcc   0x08002dcc   0x00000016   Code   RO           20    .text.cs_desel      main.o
    0x08002de2   0x08002de2   0x00000002   PAD
    0x08002de4   0x08002de4   0x00000016   Code   RO           18    .text.cs_sel        main.o
    0x08002dfa   0x08002dfa   0x00000002   PAD
    0x08002dfc   0x08002dfc   0x00000014   Code   RO          175    .text.eeprom_check_if_busy  eeprom.o
    0x08002e10   0x08002e10   0x0000001c   Code   RO          163    .text.eeprom_init   eeprom.o
    0x08002e2c   0x08002e2c   0x0000006c   Code   RO          169    .text.eeprom_read_block  eeprom.o
    0x08002e98   0x08002e98   0x00000016   Code   RO          165    .text.eeprom_read_page  eeprom.o
    0x08002eae   0x08002eae   0x00000002   PAD
    0x08002eb0   0x08002eb0   0x0000004a   Code   RO          173    .text.eeprom_task   eeprom.o
    0x08002efa   0x08002efa   0x00000002   PAD
    0x08002efc   0x08002efc   0x00000078   Code   RO          171    .text.eeprom_task_create  eeprom.o
    0x08002f74   0x08002f74   0x0000003c   Code   RO          167    .text.eeprom_write_page  eeprom.o
    0x08002fb0   0x08002fb0   0x00000004   Code   RO           81    .text.ferror        retarget.o
    0x08002fb4   0x08002fb4   0x00000020   Code   RO           79    .text.fputc         retarget.o
    0x08002fd4   0x08002fd4   0x00000042   Code   RO           50    .text.getChildTaskName  server.o
    0x08003016   0x08003016   0x00000002   PAD
    0x08003018   0x08003018   0x0000004c   Code   RO          356    .text.getSn_RX_RSR  w5100.o
    0x08003064   0x08003064   0x0000004c   Code   RO          354    .text.getSn_TX_FSR  w5100.o
    0x080030b0   0x080030b0   0x00000052   Code   RO          360    .text.getSn_TxBASE  w5100.o
    0x08003102   0x08003102   0x00000002   PAD
    0x08003104   0x08003104   0x00000012   Code   RO           44    .text.getSocketStatus  server.o
    0x08003116   0x08003116   0x00000002   PAD
    0x08003118   0x08003118   0x000000f4   Code   RO          256    .text.getsockopt    socket.o
    0x0800320c   0x0800320c   0x0000000e   Code   RO           58    .text.hasReceivedDataFromSocket  server.o
    0x0800321a   0x0800321a   0x00000002   PAD
    0x0800321c   0x0800321c   0x0000000e   Code   RO           60    .text.hasSentBackDataToSocket  server.o
    0x0800322a   0x0800322a   0x00000002   PAD
    0x0800322c   0x0800322c   0x000000ac   Code   RO          126    .text.i2c_init      i2c.o
    0x080032d8   0x080032d8   0x000000ca   Code   RO          132    .text.i2c_read_register  i2c.o
    0x080033a2   0x080033a2   0x00000002   PAD
    0x080033a4   0x080033a4   0x0000008e   Code   RO          128    .text.i2c_write_data  i2c.o
    0x08003432   0x08003432   0x00000002   PAD
    0x08003434   0x08003434   0x000000cc   Code   RO          220    .text.linked_list_add  linked_list.o
    0x08003500   0x08003500   0x00000020   Code   RO          218    .text.linked_list_create  linked_list.o
    0x08003520   0x08003520   0x0000003e   Code   RO          222    .text.linked_list_find_module  linked_list.o
    0x0800355e   0x0800355e   0x00000002   PAD
    0x08003560   0x08003560   0x00000032   Code   RO          224    .text.linked_list_set_module_data  linked_list.o
    0x08003592   0x08003592   0x00000002   PAD
    0x08003594   0x08003594   0x00000072   Code   RO          238    .text.listen        socket.o
    0x08003606   0x08003606   0x00000002   PAD
    0x08003608   0x08003608   0x000001ec   Code   RO           40    .text.listeningForConnectionTask  server.o
    0x080037f4   0x080037f4   0x00000056   Code   RO          203    .text.log_task      logs.o
    0x0800384a   0x0800384a   0x00000002   PAD
    0x0800384c   0x0800384c   0x0000008c   Code   RO          193    .text.logs_add_log  logs.o
    0x080038d8   0x080038d8   0x00000026   Code   RO          191    .text.logs_add_new_module  logs.o
    0x080038fe   0x080038fe   0x00000002   PAD
    0x08003900   0x08003900   0x0000007c   Code   RO          189    .text.logs_init     logs.o
    0x0800397c   0x0800397c   0x000000e4   Code   RO          197    .text.logs_print_saved  logs.o
    0x08003a60   0x08003a60   0x000000a8   Code   RO          195    .text.logs_save     logs.o
    0x08003b08   0x08003b08   0x00000074   Code   RO          201    .text.logs_task_create  logs.o
    0x08003b7c   0x08003b7c   0x0000017c   Code   RO            2    .text.main          main.o
    0x08003cf8   0x08003cf8   0x00000066   Code   RO           48    .text.number_to_string  server.o
    0x08003d5e   0x08003d5e   0x00000002   PAD
    0x08003d60   0x08003d60   0x00000022   Code   RO           42    .text.openTCPServerSocket  server.o
    0x08003d82   0x08003d82   0x00000002   PAD
    0x08003d84   0x08003d84   0x00000024   Code   RO          380    .text.os_kernel_is_active  clib_arm.o
    0x08003da8   0x08003da8   0x00000014   Code   RO         1917    .text.pcTaskGetName  tasks.o
    0x08003dbc   0x08003dbc   0x00000080   Code   RO         1879    .text.prvAddCurrentTaskToDelayedList  tasks.o
    0x08003e3c   0x08003e3c   0x000000ac   Code   RO         1865    .text.prvAddNewTaskToReadyList  tasks.o
    0x08003ee8   0x08003ee8   0x0000006a   Code   RO         2016    .text.prvCheckForValidListAndQueue  timers.o
    0x08003f52   0x08003f52   0x00000002   PAD
    0x08003f54   0x08003f54   0x0000004e   Code   RO         1983    .text.prvCheckTasksWaitingTermination  tasks.o
    0x08003fa2   0x08003fa2   0x00000002   PAD
    0x08003fa4   0x08003fa4   0x00000026   Code   RO         1821    .text.prvCopyDataFromQueue  queue.o
    0x08003fca   0x08003fca   0x00000002   PAD
    0x08003fcc   0x08003fcc   0x0000007a   Code   RO         1809    .text.prvCopyDataToQueue  queue.o
    0x08004046   0x08004046   0x00000002   PAD
    0x08004048   0x08004048   0x00000020   Code   RO         1871    .text.prvDeleteTCB  tasks.o
    0x08004068   0x08004068   0x00000012   Code   RO         1825    .text.prvGetDisinheritPriorityAfterTimeout  queue.o
    0x0800407a   0x0800407a   0x00000002   PAD
    0x0800407c   0x0800407c   0x00000020   Code   RO         2054    .text.prvGetNextExpireTime  timers.o
    0x0800409c   0x0800409c   0x00000076   Code   RO         1749    .text.prvHeapInit   heap_4.o
    0x08004112   0x08004112   0x00000002   PAD
    0x08004114   0x08004114   0x0000002a   Code   RO         1905    .text.prvIdleTask   tasks.o
    0x0800413e   0x0800413e   0x00000002   PAD
    0x08004140   0x08004140   0x00000020   Code   RO         1789    .text.prvInitialiseMutex  queue.o
    0x08004160   0x08004160   0x00000020   Code   RO         1783    .text.prvInitialiseNewQueue  queue.o
    0x08004180   0x08004180   0x00000098   Code   RO         1863    .text.prvInitialiseNewTask  tasks.o
    0x08004218   0x08004218   0x00000070   Code   RO         1981    .text.prvInitialiseTaskLists  tasks.o
    0x08004288   0x08004288   0x00000062   Code   RO         1751    .text.prvInsertBlockIntoFreeList  heap_4.o
    0x080042ea   0x080042ea   0x00000002   PAD
    0x080042ec   0x080042ec   0x00000040   Code   RO         2066    .text.prvInsertTimerInActiveList  timers.o
    0x0800432c   0x0800432c   0x00000018   Code   RO         1823    .text.prvIsQueueEmpty  queue.o
    0x08004344   0x08004344   0x0000001c   Code   RO         1811    .text.prvIsQueueFull  queue.o
    0x08004360   0x08004360   0x00000028   Code   RO         1726    .text.prvPortStartFirstTask  port.o
    0x08004388   0x08004388   0x00000058   Code   RO         2062    .text.prvProcessExpiredTimer  timers.o
    0x080043e0   0x080043e0   0x000000f4   Code   RO         2058    .text.prvProcessReceivedCommands  timers.o
    0x080044d4   0x080044d4   0x00000080   Code   RO         2056    .text.prvProcessTimerOrBlockTask  timers.o
    0x08004554   0x08004554   0x00000028   Code   RO         1873    .text.prvResetNextTaskUnblockTime  tasks.o
    0x0800457c   0x0800457c   0x0000002a   Code   RO         2060    .text.prvSampleTimeNow  timers.o
    0x080045a6   0x080045a6   0x00000002   PAD
    0x080045a8   0x080045a8   0x00000078   Code   RO         2064    .text.prvSwitchTimerLists  timers.o
    0x08004620   0x08004620   0x00000022   Code   RO         1716    .text.prvTaskExitError  port.o
    0x08004642   0x08004642   0x00000002   PAD
    0x08004644   0x08004644   0x00000016   Code   RO         2018    .text.prvTimerTask  timers.o
    0x0800465a   0x0800465a   0x00000002   PAD
    0x0800465c   0x0800465c   0x00000072   Code   RO         1813    .text.prvUnlockQueue  queue.o
    0x080046ce   0x080046ce   0x00000002   PAD
    0x080046d0   0x080046d0   0x000000fc   Code   RO         1747    .text.pvPortMalloc  heap_4.o
    0x080047cc   0x080047cc   0x00000018   Code   RO         1965    .text.pvTaskIncrementMutexHeldCount  tasks.o
    0x080047e4   0x080047e4   0x00000028   Code   RO         1714    .text.pxPortInitialiseStack  port.o
    0x0800480c   0x0800480c   0x0000002c   Code   RO          102    .text.read_day      rtc.o
    0x08004838   0x08004838   0x0000002c   Code   RO          100    .text.read_hour     rtc.o
    0x08004864   0x08004864   0x0000002c   Code   RO           98    .text.read_min      rtc.o
    0x08004890   0x08004890   0x0000002c   Code   RO          104    .text.read_month    rtc.o
    0x080048bc   0x080048bc   0x0000002c   Code   RO           96    .text.read_sec      rtc.o
    0x080048e8   0x080048e8   0x0000002c   Code   RO          106    .text.read_year     rtc.o
    0x08004914   0x08004914   0x00000070   Code   RO           54    .text.receiveAndEchoBack  server.o
    0x08004984   0x08004984   0x0000013c   Code   RO           52    .text.redirectConnectionToChildSocket  server.o
    0x08004ac0   0x08004ac0   0x00000038   Code   RO          294    .text.reg_wizchip_cs_cbfunc  wizchip_conf.o
    0x08004af8   0x08004af8   0x00000042   Code   RO          298    .text.reg_wizchip_spi_cbfunc  wizchip_conf.o
    0x08004b3a   0x08004b3a   0x00000002   PAD
    0x08004b3c   0x08004b3c   0x0000000a   Code   RO           75    .text.retarget_init  retarget.o
    0x08004b46   0x08004b46   0x00000002   PAD
    0x08004b48   0x08004b48   0x00000010   Code   RO          114    .text.rtc_get_hour_bcd  rtc.o
    0x08004b58   0x08004b58   0x00000010   Code   RO          116    .text.rtc_get_min_bcd  rtc.o
    0x08004b68   0x08004b68   0x0000000a   Code   RO           92    .text.rtc_init      rtc.o
    0x08004b72   0x08004b72   0x00000002   PAD
    0x08004b74   0x08004b74   0x0000004c   Code   RO          112    .text.rtc_print_date  rtc.o
    0x08004bc0   0x08004bc0   0x0000005e   Code   RO           94    .text.rtc_read_date  rtc.o
    0x08004c1e   0x08004c1e   0x00000002   PAD
    0x08004c20   0x08004c20   0x00000068   Code   RO          177    .text.save_log      eeprom.o
    0x08004c88   0x08004c88   0x00000142   Code   RO          244    .text.send          socket.o
    0x08004dca   0x08004dca   0x00000002   PAD
    0x08004dcc   0x08004dcc   0x00000098   Code   RO           56    .text.sendCurrentDate  server.o
    0x08004e64   0x08004e64   0x0000007a   Code   RO          254    .text.setsockopt    socket.o
    0x08004ede   0x08004ede   0x00000002   PAD
    0x08004ee0   0x08004ee0   0x00000126   Code   RO          234    .text.socket        socket.o
    0x08005006   0x08005006   0x00000002   PAD
    0x08005008   0x08005008   0x00000022   Code   RO           10    .text.spi_rb        main.o
    0x0800502a   0x0800502a   0x00000002   PAD
    0x0800502c   0x0800502c   0x00000022   Code   RO           12    .text.spi_wb        main.o
    0x0800504e   0x0800504e   0x00000002   PAD
    0x08005050   0x08005050   0x00000022   Code   RO           14    .text.taskLED       main.o
    0x08005072   0x08005072   0x00000002   PAD
    0x08005074   0x08005074   0x0000006a   Code   RO           77    .text.uart2_init    retarget.o
    0x080050de   0x080050de   0x00000002   PAD
    0x080050e0   0x080050e0   0x00000028   Code   RO         1704    .text.uxListRemove  list.o
    0x08005108   0x08005108   0x0000001a   Code   RO          589    .text.vApplicationGetIdleTaskMemory  cmsis_os2.o
    0x08005122   0x08005122   0x00000002   PAD
    0x08005124   0x08005124   0x0000001a   Code   RO          591    .text.vApplicationGetTimerTaskMemory  cmsis_os2.o
    0x0800513e   0x0800513e   0x00000002   PAD
    0x08005140   0x08005140   0x00000002   Code   RO          587    .text.vApplicationStackOverflowHook  cmsis_os2.o
    0x08005142   0x08005142   0x00000002   PAD
    0x08005144   0x08005144   0x00000016   Code   RO         1696    .text.vListInitialise  list.o
    0x0800515a   0x0800515a   0x00000002   PAD
    0x0800515c   0x0800515c   0x00000006   Code   RO         1698    .text.vListInitialiseItem  list.o
    0x08005162   0x08005162   0x00000002   PAD
    0x08005164   0x08005164   0x0000003a   Code   RO         1702    .text.vListInsert   list.o
    0x0800519e   0x0800519e   0x00000002   PAD
    0x080051a0   0x080051a0   0x0000001c   Code   RO         1700    .text.vListInsertEnd  list.o
    0x080051bc   0x080051bc   0x00000014   Code   RO         1724    .text.vPortEnableVFP  port.o
    0x080051d0   0x080051d0   0x00000020   Code   RO         1730    .text.vPortEnterCritical  port.o
    0x080051f0   0x080051f0   0x0000001a   Code   RO         1732    .text.vPortExitCritical  port.o
    0x0800520a   0x0800520a   0x00000002   PAD
    0x0800520c   0x0800520c   0x00000064   Code   RO         1753    .text.vPortFree     heap_4.o
    0x08005270   0x08005270   0x00000034   Code   RO         1722    .text.vPortSetupTimerInterrupt  port.o
    0x080052a4   0x080052a4   0x00000010   Code   RO         1839    .text.vQueueDelete  queue.o
    0x080052b4   0x080052b4   0x00000044   Code   RO         1851    .text.vQueueWaitForMessageRestricted  queue.o
    0x080052f8   0x080052f8   0x00000034   Code   RO         1883    .text.vTaskDelay    tasks.o
    0x0800532c   0x0800532c   0x000000a4   Code   RO         1869    .text.vTaskDelete   tasks.o
    0x080053d0   0x080053d0   0x0000001a   Code   RO         1937    .text.vTaskInternalSetTimeOutState  tasks.o
    0x080053ea   0x080053ea   0x00000002   PAD
    0x080053ec   0x080053ec   0x0000000e   Code   RO         1941    .text.vTaskMissedYield  tasks.o
    0x080053fa   0x080053fa   0x00000002   PAD
    0x080053fc   0x080053fc   0x0000001e   Code   RO         1925    .text.vTaskPlaceOnEventList  tasks.o
    0x0800541a   0x0800541a   0x00000002   PAD
    0x0800541c   0x0800541c   0x00000028   Code   RO         1929    .text.vTaskPlaceOnEventListRestricted  tasks.o
    0x08005444   0x08005444   0x0000006c   Code   RO         1961    .text.vTaskPriorityDisinheritAfterTimeout  tasks.o
    0x080054b0   0x080054b0   0x00000090   Code   RO         1903    .text.vTaskStartScheduler  tasks.o
    0x08005540   0x08005540   0x00000010   Code   RO         1877    .text.vTaskSuspendAll  tasks.o
    0x08005550   0x08005550   0x000000aa   Code   RO         1895    .text.vTaskSwitchContext  tasks.o
    0x080055fa   0x080055fa   0x00000002   PAD
    0x080055fc   0x080055fc   0x000000e2   Code   RO          362    .text.wiz_send_data  w5100.o
    0x080056de   0x080056de   0x00000002   PAD
    0x080056e0   0x080056e0   0x00000004   Code   RO          280    .text.wizchip_bus_readdata  wizchip_conf.o
    0x080056e4   0x080056e4   0x00000004   Code   RO          282    .text.wizchip_bus_writedata  wizchip_conf.o
    0x080056e8   0x080056e8   0x00000002   Code   RO          272    .text.wizchip_cris_enter  wizchip_conf.o
    0x080056ea   0x080056ea   0x00000002   PAD
    0x080056ec   0x080056ec   0x00000002   Code   RO          274    .text.wizchip_cris_exit  wizchip_conf.o
    0x080056ee   0x080056ee   0x00000002   PAD
    0x080056f0   0x080056f0   0x00000002   Code   RO          278    .text.wizchip_cs_deselect  wizchip_conf.o
    0x080056f2   0x080056f2   0x00000002   PAD
    0x080056f4   0x080056f4   0x00000002   Code   RO          276    .text.wizchip_cs_select  wizchip_conf.o
    0x080056f6   0x080056f6   0x00000002   PAD
    0x080056f8   0x080056f8   0x0000006e   Code   RO          320    .text.wizchip_getnetinfo  wizchip_conf.o
    0x08005766   0x08005766   0x00000002   PAD
    0x08005768   0x08005768   0x000000ea   Code   RO          306    .text.wizchip_init  wizchip_conf.o
    0x08005852   0x08005852   0x00000002   PAD
    0x08005854   0x08005854   0x00000070   Code   RO          318    .text.wizchip_setnetinfo  wizchip_conf.o
    0x080058c4   0x080058c4   0x00000004   Code   RO          284    .text.wizchip_spi_readbyte  wizchip_conf.o
    0x080058c8   0x080058c8   0x00000002   Code   RO          286    .text.wizchip_spi_writebyte  wizchip_conf.o
    0x080058ca   0x080058ca   0x00000002   PAD
    0x080058cc   0x080058cc   0x00000070   Code   RO          304    .text.wizchip_sw_reset  wizchip_conf.o
    0x0800593c   0x0800593c   0x0000004a   Code   RO         1720    .text.xPortStartScheduler  port.o
    0x08005986   0x08005986   0x00000002   PAD
    0x08005988   0x08005988   0x0000002e   Code   RO         1736    .text.xPortSysTickHandler  port.o
    0x080059b6   0x080059b6   0x00000002   PAD
    0x080059b8   0x080059b8   0x00000016   Code   RO         1787    .text.xQueueCreateMutex  queue.o
    0x080059ce   0x080059ce   0x00000002   PAD
    0x080059d0   0x080059d0   0x00000022   Code   RO         1791    .text.xQueueCreateMutexStatic  queue.o
    0x080059f2   0x080059f2   0x00000002   PAD
    0x080059f4   0x080059f4   0x00000032   Code   RO         1785    .text.xQueueGenericCreate  queue.o
    0x08005a26   0x08005a26   0x00000002   PAD
    0x08005a28   0x08005a28   0x0000001c   Code   RO         1781    .text.xQueueGenericCreateStatic  queue.o
    0x08005a44   0x08005a44   0x0000006a   Code   RO         1779    .text.xQueueGenericReset  queue.o
    0x08005aae   0x08005aae   0x00000002   PAD
    0x08005ab0   0x08005ab0   0x00000136   Code   RO         1799    .text.xQueueGenericSend  queue.o
    0x08005be6   0x08005be6   0x00000002   PAD
    0x08005be8   0x08005be8   0x00000070   Code   RO         1815    .text.xQueueGenericSendFromISR  queue.o
    0x08005c58   0x08005c58   0x00000128   Code   RO         1819    .text.xQueueReceive  queue.o
    0x08005d80   0x08005d80   0x00000162   Code   RO         1803    .text.xQueueSemaphoreTake  queue.o
    0x08005ee2   0x08005ee2   0x00000002   PAD
    0x08005ee4   0x08005ee4   0x0000005c   Code   RO         1939    .text.xTaskCheckForTimeOut  tasks.o
    0x08005f40   0x08005f40   0x00000066   Code   RO         1867    .text.xTaskCreate   tasks.o
    0x08005fa6   0x08005fa6   0x00000002   PAD
    0x08005fa8   0x08005fa8   0x0000003e   Code   RO         1861    .text.xTaskCreateStatic  tasks.o
    0x08005fe6   0x08005fe6   0x00000002   PAD
    0x08005fe8   0x08005fe8   0x0000000c   Code   RO         1953    .text.xTaskGetCurrentTaskHandle  tasks.o
    0x08005ff4   0x08005ff4   0x00000026   Code   RO         1955    .text.xTaskGetSchedulerState  tasks.o
    0x0800601a   0x0800601a   0x00000002   PAD
    0x0800601c   0x0800601c   0x0000000c   Code   RO         1911    .text.xTaskGetTickCount  tasks.o
    0x08006028   0x08006028   0x0000013a   Code   RO         1909    .text.xTaskIncrementTick  tasks.o
    0x08006162   0x08006162   0x00000002   PAD
    0x08006164   0x08006164   0x0000005c   Code   RO         1959    .text.xTaskPriorityDisinherit  tasks.o
    0x080061c0   0x080061c0   0x00000092   Code   RO         1957    .text.xTaskPriorityInherit  tasks.o
    0x08006252   0x08006252   0x00000002   PAD
    0x08006254   0x08006254   0x0000007a   Code   RO         1931    .text.xTaskRemoveFromEventList  tasks.o
    0x080062ce   0x080062ce   0x00000002   PAD
    0x080062d0   0x080062d0   0x000000fc   Code   RO         1881    .text.xTaskResumeAll  tasks.o
    0x080063cc   0x080063cc   0x00000068   Code   RO         2014    .text.xTimerCreateTimerTask  timers.o
    0x08006434   0x08006434   0x00000056   Code   RO         2026    .text.xTimerGenericCommand  timers.o
    0x0800648a   0x0800648a   0x0000001a   Code   RO         2340    x$fpl$fpinit        fz_wm.l(fpinit.o)
    0x080064a4   0x080064a4   0x00000004   Data   RO         2342    .constdata          c_w.l(sys_io_names.o)
    0x080064a8   0x080064a8   0x00000004   Data   RO         2343    .constdata          c_w.l(sys_io_names.o)
    0x080064ac   0x080064ac   0x00000004   Data   RO         2344    .constdata          c_w.l(sys_io_names.o)
    0x080064b0   0x080064b0   0x00000013   Data   RO           66    .rodata..L__const.getChildTaskName.str  server.o
    0x080064c3   0x080064c3   0x00000001   PAD
    0x080064c4   0x080064c4   0x00000006   Data   RO           65    .rodata..L__const.listeningForConnectionTask.bindAddress  server.o
    0x080064ca   0x080064ca   0x00000002   PAD
    0x080064cc   0x080064cc   0x00000017   Data   RO           23    .rodata..L__const.main.netInfo  main.o
    0x080064e3   0x080064e3   0x00000010   Data   RO         1647    .rodata.AHBPrescTable  system_stm32f4xx.o
    0x080064f3   0x080064f3   0x00000008   Data   RO         1648    .rodata.APBPrescTable  system_stm32f4xx.o
    0x080064fb   0x080064fb   0x0000001d   Data   RO           62    .rodata.str1.1      server.o
    0x08006518   0x08006518   0x00000028   Data   RO          205    .rodata.str1.1      logs.o
    0x08006540   0x08006540   0x00000020   Data   RO         2469    Region$$Table       anon$$obj.o


    Execution Region ER_RW (Exec base: 0x20000000, Load base: 0x08006560, Size: 0x0000006c, Max: 0xffffffff, ABSOLUTE)

    Exec Addr    Load Addr    Size         Type   Attr      Idx    E Section Name        Object

    0x20000000   0x08006560   0x00000004   Data   RW         2239    .data               c_w.l(stdio_streams.o)
    0x20000004   0x08006564   0x00000004   Data   RW         2240    .data               c_w.l(stdio_streams.o)
    0x20000008   0x08006568   0x00000004   Data   RW         2241    .data               c_w.l(stdio_streams.o)
    0x2000000c   0x0800656c   0x00000004   Data   RW         2358    .data               c_w.l(streamlock.o)
    0x20000010   0x08006570   0x00000004   Data   RW         1646    .data.SystemCoreClock  system_stm32f4xx.o
    0x20000014   0x08006574   0x0000002c   Data   RW          332    .data.WIZCHIP       wizchip_conf.o
    0x20000040   0x080065a0   0x00000020   Data   RW          206    .data.log_mapping_tab  logs.o
    0x20000060   0x080065c0   0x00000002   Data   RW          259    .data.sock_any_port  socket.o
    0x20000062   0x080065c2   0x00000001   Data   RW          693    .data.uwTickFreq    stm32f4xx_hal.o
    0x20000063   0x080065c3   0x00000001   PAD
    0x20000064   0x080065c4   0x00000004   Data   RW          692    .data.uwTickPrio    stm32f4xx_hal.o
    0x20000068   0x080065c8   0x00000004   Data   RW         1738    .data.uxCriticalNesting  port.o


    Execution Region ER_ZI (Exec base: 0x20000070, Load base: 0x080065cc, Size: 0x000035f8, Max: 0xffffffff, ABSOLUTE)

    Exec Addr    Load Addr    Size         Type   Attr      Idx    E Section Name        Object

    0x20000070        -       0x00000054   Zero   RW         2236    .bss                c_w.l(stdio_streams.o)
    0x200000c4        -       0x00000054   Zero   RW         2237    .bss                c_w.l(stdio_streams.o)
    0x20000118        -       0x00000054   Zero   RW         2238    .bss                c_w.l(stdio_streams.o)
    0x2000016c        -       0x00000060   Zero   RW         2298    .bss                c_w.l(libspace.o)
    0x200001cc        -       0x00000001   Zero   RW          333    .bss._DHCP_         wizchip_conf.o
    0x200001cd        -       0x00000001   Zero   RW          334    .bss._DNS_.0        wizchip_conf.o
    0x200001ce        -       0x00000001   Zero   RW          335    .bss._DNS_.1        wizchip_conf.o
    0x200001cf        -       0x00000001   Zero   RW          336    .bss._DNS_.2        wizchip_conf.o
    0x200001d0        -       0x00000001   Zero   RW          337    .bss._DNS_.3        wizchip_conf.o
    0x200001d1   0x080065cc   0x00000003   PAD
    0x200001d4        -       0x00000190   Zero   RW          393    .bss.clib_mutex_cb  clib_arm.o
    0x20000364        -       0x00000014   Zero   RW          392    .bss.clib_mutex_id  clib_arm.o
    0x20000378        -       0x00000001   Zero   RW          134    .bss.eeprom_ctx.0   i2c.o
    0x20000379        -       0x00000001   Zero   RW          179    .bss.eeprom_ctx.0   eeprom.o
    0x2000037a        -       0x00000001   Zero   RW          180    .bss.eeprom_ctx.1   eeprom.o
    0x2000037b   0x080065cc   0x00000001   PAD
    0x2000037c        -       0x00000058   Zero   RW           25    .bss.hspi2          main.o
    0x200003d4        -       0x00000040   Zero   RW           24    .bss.huart2         main.o
    0x20000414        -       0x00000040   Zero   RW           83    .bss.huart2_ctx     retarget.o
    0x20000454        -       0x00000004   Zero   RW          209    .bss.logs_ctx       logs.o
    0x20000458        -       0x00000004   Zero   RW          208    .bss.logs_queue     logs.o
    0x2000045c        -       0x00000001   Zero   RW          394    .bss.os_kernel_is_active.os_kernel_active  clib_arm.o
    0x2000045d   0x080065cc   0x00000003   PAD
    0x20000460        -       0x000001e0   Zero   RW          390    .bss.os_libspace    clib_arm.o
    0x20000640        -       0x00000010   Zero   RW          391    .bss.os_libspace_id  clib_arm.o
    0x20000650        -       0x00000050   Zero   RW         2076    .bss.prvCheckForValidListAndQueue.ucStaticTimerQueueStorage  timers.o
    0x200006a0        -       0x00000050   Zero   RW         2075    .bss.prvCheckForValidListAndQueue.xStaticTimerQueue  timers.o
    0x200006f0        -       0x00000004   Zero   RW         2072    .bss.prvSampleTimeNow.xLastTime  timers.o
    0x200006f4        -       0x00000004   Zero   RW         1985    .bss.pxCurrentTCB   tasks.o
    0x200006f8        -       0x00000004   Zero   RW         2070    .bss.pxCurrentTimerList  timers.o
    0x200006fc        -       0x00000004   Zero   RW         1992    .bss.pxDelayedTaskList  tasks.o
    0x20000700        -       0x00000004   Zero   RW         1763    .bss.pxEnd          heap_4.o
    0x20000704        -       0x00000004   Zero   RW         1993    .bss.pxOverflowDelayedTaskList  tasks.o
    0x20000708        -       0x00000004   Zero   RW         2071    .bss.pxOverflowTimerList  timers.o
    0x2000070c        -       0x00000460   Zero   RW         1995    .bss.pxReadyTasksLists  tasks.o
    0x20000b6c        -       0x00000004   Zero   RW          207    .bss.save_logs_semaphore  logs.o
    0x20000b70        -       0x00000002   Zero   RW          260    .bss.sock_io_mode   socket.o
    0x20000b72        -       0x00000002   Zero   RW          261    .bss.sock_is_sending  socket.o
    0x20000b74        -       0x00000004   Zero   RW          258    .bss.sock_pack_info  socket.o
    0x20000b78        -       0x00000008   Zero   RW          262    .bss.sock_remained_size  socket.o
    0x20000b80        -       0x00000004   Zero   RW           64    .bss.socket_queue   server.o
    0x20000b84        -       0x00002000   Zero   RW         1770    .bss.ucHeap         heap_4.o
    0x20002b84        -       0x00000002   Zero   RW           63    .bss.usedStackSize  server.o
    0x20002b86   0x080065cc   0x00000002   PAD
    0x20002b88        -       0x00000004   Zero   RW          694    .bss.uwTick         stm32f4xx_hal.o
    0x20002b8c        -       0x00000004   Zero   RW         1989    .bss.uxCurrentNumberOfTasks  tasks.o
    0x20002b90        -       0x00000004   Zero   RW         1988    .bss.uxDeletedTasksWaitingCleanUp  tasks.o
    0x20002b94        -       0x00000004   Zero   RW         1997    .bss.uxSchedulerSuspended  tasks.o
    0x20002b98        -       0x00000004   Zero   RW         1986    .bss.uxTaskNumber   tasks.o
    0x20002b9c        -       0x00000004   Zero   RW         1996    .bss.uxTopReadyPriority  tasks.o
    0x20002ba0        -       0x00000200   Zero   RW          598    .bss.vApplicationGetIdleTaskMemory.Idle_Stack  cmsis_os2.o
    0x20002da0        -       0x0000005c   Zero   RW          597    .bss.vApplicationGetIdleTaskMemory.Idle_TCB  cmsis_os2.o
    0x20002dfc        -       0x00000140   Zero   RW          600    .bss.vApplicationGetTimerTaskMemory.Timer_Stack  cmsis_os2.o
    0x20002f3c        -       0x0000005c   Zero   RW          599    .bss.vApplicationGetTimerTaskMemory.Timer_TCB  cmsis_os2.o
    0x20002f98        -       0x00000014   Zero   RW         2073    .bss.xActiveTimerList1  timers.o
    0x20002fac        -       0x00000014   Zero   RW         2074    .bss.xActiveTimerList2  timers.o
    0x20002fc0        -       0x00000001   Zero   RW         1764    .bss.xBlockAllocatedBit  heap_4.o
    0x20002fc1   0x080065cc   0x00000003   PAD
    0x20002fc4        -       0x00000014   Zero   RW         2004    .bss.xDelayedTaskList1  tasks.o
    0x20002fd8        -       0x00000014   Zero   RW         2005    .bss.xDelayedTaskList2  tasks.o
    0x20002fec        -       0x00000004   Zero   RW         1765    .bss.xFreeBytesRemaining  heap_4.o
    0x20002ff0        -       0x00000004   Zero   RW         1999    .bss.xIdleTaskHandle  tasks.o
    0x20002ff4        -       0x00000004   Zero   RW         1767    .bss.xMinimumEverFreeBytesRemaining  heap_4.o
    0x20002ff8        -       0x00000004   Zero   RW         2000    .bss.xNextTaskUnblockTime  tasks.o
    0x20002ffc        -       0x00000004   Zero   RW         2003    .bss.xNumOfOverflows  tasks.o
    0x20003000        -       0x00000004   Zero   RW         1768    .bss.xNumberOfSuccessfulAllocations  heap_4.o
    0x20003004        -       0x00000004   Zero   RW         1769    .bss.xNumberOfSuccessfulFrees  heap_4.o
    0x20003008        -       0x00000004   Zero   RW         2002    .bss.xPendedTicks   tasks.o
    0x2000300c        -       0x00000014   Zero   RW         1998    .bss.xPendingReadyList  tasks.o
    0x20003020        -       0x00000004   Zero   RW         1990    .bss.xSchedulerRunning  tasks.o
    0x20003024        -       0x00000008   Zero   RW         1766    .bss.xStart         heap_4.o
    0x2000302c        -       0x00000014   Zero   RW         1994    .bss.xSuspendedTaskList  tasks.o
    0x20003040        -       0x00000014   Zero   RW         1987    .bss.xTasksWaitingTermination  tasks.o
    0x20003054        -       0x00000004   Zero   RW         1991    .bss.xTickCount     tasks.o
    0x20003058        -       0x00000004   Zero   RW         2068    .bss.xTimerQueue    timers.o
    0x2000305c        -       0x00000004   Zero   RW         2069    .bss.xTimerTaskHandle  timers.o
    0x20003060        -       0x00000004   Zero   RW         2001    .bss.xYieldPending  tasks.o
    0x20003064   0x080065cc   0x00000004   PAD
    0x20003068        -       0x00000200   Zero   RW         1633    HEAP                startup_stm32f446xx.o
    0x20003268        -       0x00000400   Zero   RW         1632    STACK               startup_stm32f446xx.o


==============================================================================

Image component sizes


      Code (inc. data)   RO Data    RW Data    ZI Data      Debug   Object Name

       298          0          0          0        917       3460   clib_arm.o
        80          0          0          0       1016      53651   cmsis_os2.o
       536        128          0          0          2       3276   eeprom.o
       568          0          0          0       8221       4520   heap_4.o
       516         12          0          0          1       3918   i2c.o
       348         72          0          0          0       1931   linked_list.o
       154          0          0          0          0       2271   list.o
       918        288         40         32         12       4040   logs.o
       954        104         23          0        152       8700   main.o
       500         16          0          4          0       2879   port.o
      1804          0          0          0          0      18046   queue.o
       152          0          0          0         64       5138   retarget.o
       476         36          0          0          0       3435   rtc.o
      1672        260         54          0          6       6785   server.o
      1232         18          0          2         16       8323   socket.o
        64         26        452          0       1536        868   startup_stm32f446xx.o
       140          0          0          5          4       7663   stm32f4xx_hal.o
       218          0          0          0          0      10693   stm32f4xx_hal_cortex.o
       438          0          0          0          0       5339   stm32f4xx_hal_gpio.o
       420          0          0          0          0       7438   stm32f4xx_hal_rcc.o
       966          4          0          0          0      10859   stm32f4xx_hal_rcc_ex.o
      2086          0          0          0          0      22418   stm32f4xx_hal_spi.o
      1004          0          0          0          0      17259   stm32f4xx_hal_uart.o
        86          0         24          4          0       2847   system_stm32f4xx.o
      2808          8          0          0       1280      27236   tasks.o
      1036         18          0          0        220      13070   timers.o
       766          0          0          0          0       4892   w5100.o
       712          0          0         44          5       8941   wizchip_conf.o

    ----------------------------------------------------------------------
     21170        990        628         92      13468     269896   Object Totals
         0          0         32          0          0          0   (incl. Generated)
       218          0          3          1         16          0   (incl. Padding)

    ----------------------------------------------------------------------

      Code (inc. data)   RO Data    RW Data    ZI Data      Debug   Library Member Name

         8          0          0          0          0         68   __main.o
       104          0          0          0          0         84   __printf.o
         0          0          0          0          0          0   __rtentry.o
        20          0          0          0          0          0   __rtentry2.o
         6          0          0          0          0          0   __rtentry4.o
        52          8          0          0          0          0   __scatter.o
        26          0          0          0          0          0   __scatter_copy.o
        28          0          0          0          0          0   __scatter_zi.o
        44          0          0          0          0        108   _printf_char.o
        48          6          0          0          0         96   _printf_char_common.o
        36          4          0          0          0         80   _printf_char_file.o
         6          0          0          0          0          0   _printf_d.o
       120         16          0          0          0         92   _printf_dec.o
       178          0          0          0          0         88   _printf_intcommon.o
         0          0          0          0          0          0   _printf_percent.o
         4          0          0          0          0          0   _printf_percent_end.o
         6          0          0          0          0          0   _printf_s.o
        82          0          0          0          0         80   _printf_str.o
        16          0          0          0          0         68   aeabi_memset4.o
        10          0          0          0          0         68   defsig_exit.o
        50          0          0          0          0         88   defsig_general.o
        80         58          0          0          0         76   defsig_rtmem_inner.o
        14          0          0          0          0         80   defsig_rtmem_outer.o
        52         38          0          0          0         76   defsig_rtred_inner.o
        14          0          0          0          0         80   defsig_rtred_outer.o
        18          0          0          0          0         80   exit.o
        76          0          0          0          0         88   fclose.o
       332         10          0          0          0        152   fopen_locked.o
       248          6          0          0          0         84   fseek.o
        66          0          0          0          0         76   ftell.o
       166          0          0          0          0        144   h1_alloc_threads.o
        82          0          0          0          0        104   h1_extend_threads.o
        10          0          0          0          0         76   h1_final_threads.o
       118          0          0          0          0        108   h1_free_threads.o
        18          0          0          0          0         84   h1_init_threads.o
         6          0          0          0          0        152   heapauxi.o
         4          0          0          0          0        136   hguard.o
         0          0          0          0          0          0   indicate_semi.o
       138          0          0          0          0        168   init_alloc.o
       456         48          0          0          0        116   initio_locked.o
         2          0          0          0          0          0   libinit.o
        18          0          0          0          0          0   libinit2.o
         2          0          0          0          0          0   libshutdown.o
        10          0          0          0          0          0   libshutdown2.o
         8          4          0          0         96         68   libspace.o
       240          0          0          0          0        100   lludivv7m.o
         0          0          0          0          0          0   maybetermalloc2.o
        24          4          0          0          0         84   noretval__2printf.o
        12          6          0          0          0         68   putchar.o
        44          4          0          0          0         84   puts.o
         4          0          0          0          0         68   rt_errno_addr_twolibspace.o
        10          0          0          0          0         76   rt_heap_descriptor_twolibspace.o
        78          0          0          0          0         80   rt_memclr_w.o
       138          0          0          0          0         68   rt_memcpy_v6.o
       100          0          0          0          0         80   rt_memcpy_w.o
         2          0          0          0          0          0   rtexit.o
        10          0          0          0          0          0   rtexit2.o
       104          0          0          0          0         88   setvbuf_locked.o
       240          6          0          0          0        156   stdio.o
         0          0          0         12        252          0   stdio_streams.o
        24          0          0          0          0         68   strcat.o
         0          0          0          4          0          0   streamlock.o
        62          0          0          0          0         76   strlen.o
        12          4          0          0          0         68   sys_exit.o
       102          0          0          0          0        240   sys_io.o
         0          0         12          0          0          0   sys_io_names.o
        74          0          0          0          0         80   sys_stackheap_outer.o
        14          0          0          0          0         76   sys_wrch.o
        16          0          0          0          0         80   term_alloc.o
         2          0          0          0          0         68   use_no_semi.o
        26          0          0          0          0        116   fpinit.o

    ----------------------------------------------------------------------
      4142        222         12         16        348       4692   Library Totals
        22          0          0          0          0          0   (incl. Padding)

    ----------------------------------------------------------------------

      Code (inc. data)   RO Data    RW Data    ZI Data      Debug   Library Name

      4094        222         12         16        348       4576   c_w.l
        26          0          0          0          0        116   fz_wm.l

    ----------------------------------------------------------------------
      4142        222         12         16        348       4692   Library Totals

    ----------------------------------------------------------------------

==============================================================================


      Code (inc. data)   RO Data    RW Data    ZI Data      Debug   

     25312       1212        640        108      13816     271780   Grand Totals
     25312       1212        640        108      13816     271780   ELF Image Totals
     25312       1212        640        108          0          0   ROM Totals

==============================================================================

    Total RO  Size (Code + RO Data)                25952 (  25.34kB)
    Total RW  Size (RW Data + ZI Data)             13924 (  13.60kB)
    Total ROM Size (Code + RO Data + RW Data)      26060 (  25.45kB)

==============================================================================

